16:33:27 **** Incremental Build of configuration Nios II for project Lab7 ****
make all 
Info: Building ../Lab7_bsp/
C:/intelFPGA/18.1/nios2eds/bin/gnu/H-x86_64-mingw32/bin/make --no-print-directory -C ../Lab7_bsp/
[BSP build complete]
Info: Compiling Lab7.c to obj/default/Lab7.o
nios2-elf-gcc -xc -MP -MMD -c -I../Lab7_bsp//HAL/inc -I../Lab7_bsp/ -I../Lab7_bsp//drivers/inc  -pipe -D__hal__ -DALT_NO_INSTRUCTION_EMULATION -DALT_USE_SMALL_DRIVERS -DSMALL_C_LIB -DALT_SINGLE_THREADED    -O0 -g -Wall   -mno-hw-div -mno-hw-mul -mno-hw-mulx -mgpopt=global  -o obj/default/Lab7.o Lab7.c
Lab7.c: In function 'RAMTest':
Lab7.c:46:11: warning: format '%x' expects argument of type 'unsigned int', but argument 2 has type 'long unsigned int' [-Wformat=]
    printf("ERROR: Address: 0x%08x",test_address + i);
           ^
Lab7.c:46:11: warning: format '%x' expects argument of type 'unsigned int', but argument 2 has type 'long unsigned int' [-Wformat=]
Lab7.c:47:11: warning: format '%x' expects argument of type 'unsigned int', but argument 2 has type 'uint32 {aka long unsigned int}' [-Wformat=]
    printf(" Read: 0x%08x", ram_data);
           ^
Lab7.c:47:11: warning: format '%x' expects argument of type 'unsigned int', but argument 2 has type 'uint32 {aka long unsigned int}' [-Wformat=]
Lab7.c:48:11: warning: format '%x' expects argument of type 'unsigned int', but argument 2 has type 'uint32 {aka long unsigned int}' [-Wformat=]
    printf(" Expected: 0x%08x\n", test_data);
           ^
Lab7.c:48:11: warning: format '%x' expects argument of type 'unsigned int', but argument 2 has type 'uint32 {aka long unsigned int}' [-Wformat=]
Lab7.c: At top level:
Lab7.c:111:6: warning: return type of 'main' is not 'int' [-Wmain]
 void main(void){
      ^
Info: Linking Lab7.elf
nios2-elf-g++  -T'../Lab7_bsp//linker.x' -msys-crt0='../Lab7_bsp//obj/HAL/src/crt0.o' -msys-lib=hal_bsp -L../Lab7_bsp/  -msmallc  -Wl,-Map=Lab7.map   -O0 -g -Wall   -mno-hw-div -mno-hw-mul -mno-hw-mulx -mgpopt=global  -o Lab7.elf obj/default/Lab7.o -lm -msys-lib=m
nios2-elf-insert Lab7.elf --thread_model hal --cpu_name nios2_gen2_0 --qsys true --simulation_enabled false --stderr_dev jtag_uart_0 --stdin_dev jtag_uart_0 --stdout_dev jtag_uart_0 --sopc_system_name nios_system --quartus_project_dir "S:/ESD_1/lab__work/Lab_7" --jdi ../..//output_files/Lab7.jdi --sopcinfo S:/ESD_1/lab__work/Lab_7/software/Lab7_bsp/../../nios_system.sopcinfo
Info: (Lab7.elf) 10 KBytes program size (code + initialized data).
Info:            4552 Bytes free for stack + heap.
Info: Creating Lab7.objdump
nios2-elf-objdump --disassemble --syms --all-header --source Lab7.elf >Lab7.objdump
[Lab7 build complete]
16:33:31 **** Incremental Build of configuration Nios II for project Lab7 ****
make all 
Info: Building ../Lab7_bsp/
C:/intelFPGA/18.1/nios2eds/bin/gnu/H-x86_64-mingw32/bin/make --no-print-directory -C ../Lab7_bsp/
[BSP build complete]
[Lab7 build complete]
