Archive member included to satisfy reference by file (symbol)

c:/intelfpga/18.1/nios2eds/bin/gnu/h-x86_64-mingw32/bin/../lib/gcc/nios2-elf/5.3.0/../../../../../H-x86_64-mingw32/nios2-elf/lib/mno-hw-mul\libsmallc.a(lib_a-exit.o)
                              obj/default/Lab6_Part2.o (exit)
c:/intelfpga/18.1/nios2eds/bin/gnu/h-x86_64-mingw32/bin/../lib/gcc/nios2-elf/5.3.0/../../../../../H-x86_64-mingw32/nios2-elf/lib/mno-hw-mul\libsmallc.a(lib_a-__call_atexit.o)
                              c:/intelfpga/18.1/nios2eds/bin/gnu/h-x86_64-mingw32/bin/../lib/gcc/nios2-elf/5.3.0/../../../../../H-x86_64-mingw32/nios2-elf/lib/mno-hw-mul\libsmallc.a(lib_a-exit.o) (__call_exitprocs)
c:/intelfpga/18.1/nios2eds/bin/gnu/h-x86_64-mingw32/bin/../lib/gcc/nios2-elf/5.3.0/../../../../../H-x86_64-mingw32/nios2-elf/lib/mno-hw-mul\libsmallc.a(lib_a-impure.o)
                              c:/intelfpga/18.1/nios2eds/bin/gnu/h-x86_64-mingw32/bin/../lib/gcc/nios2-elf/5.3.0/../../../../../H-x86_64-mingw32/nios2-elf/lib/mno-hw-mul\libsmallc.a(lib_a-__call_atexit.o) (_global_impure_ptr)
../Lab6_Part2_APP_bsp/\libhal_bsp.a(alt_exit.o)
                              c:/intelfpga/18.1/nios2eds/bin/gnu/h-x86_64-mingw32/bin/../lib/gcc/nios2-elf/5.3.0/../../../../../H-x86_64-mingw32/nios2-elf/lib/mno-hw-mul\libsmallc.a(lib_a-exit.o) (_exit)
../Lab6_Part2_APP_bsp/\libhal_bsp.a(alt_iic.o)
                              obj/default/Lab6_Part2.o (alt_ic_isr_register)
../Lab6_Part2_APP_bsp/\libhal_bsp.a(alt_iic_isr_register.o)
                              ../Lab6_Part2_APP_bsp/\libhal_bsp.a(alt_iic.o) (alt_iic_isr_register)
../Lab6_Part2_APP_bsp/\libhal_bsp.a(alt_irq_entry.o)
                              ../Lab6_Part2_APP_bsp/\libhal_bsp.a(alt_iic_isr_register.o) (alt_irq_entry)
../Lab6_Part2_APP_bsp/\libhal_bsp.a(alt_irq_handler.o)
                              ../Lab6_Part2_APP_bsp/\libhal_bsp.a(alt_iic_isr_register.o) (alt_irq)
../Lab6_Part2_APP_bsp/\libhal_bsp.a(alt_irq_vars.o)
                              ../Lab6_Part2_APP_bsp/\libhal_bsp.a(alt_iic.o) (alt_irq_active)
../Lab6_Part2_APP_bsp/\libhal_bsp.a(alt_load.o)
                              ../Lab6_Part2_APP_bsp//obj/HAL/src/crt0.o (alt_load)
../Lab6_Part2_APP_bsp/\libhal_bsp.a(alt_main.o)
                              ../Lab6_Part2_APP_bsp//obj/HAL/src/crt0.o (alt_main)
../Lab6_Part2_APP_bsp/\libhal_bsp.a(alt_sys_init.o)
                              ../Lab6_Part2_APP_bsp/\libhal_bsp.a(alt_main.o) (alt_irq_init)
../Lab6_Part2_APP_bsp/\libhal_bsp.a(altera_avalon_jtag_uart_fd.o)
                              ../Lab6_Part2_APP_bsp/\libhal_bsp.a(alt_sys_init.o) (altera_avalon_jtag_uart_read_fd)
../Lab6_Part2_APP_bsp/\libhal_bsp.a(altera_avalon_jtag_uart_read.o)
                              ../Lab6_Part2_APP_bsp/\libhal_bsp.a(altera_avalon_jtag_uart_fd.o) (altera_avalon_jtag_uart_read)
../Lab6_Part2_APP_bsp/\libhal_bsp.a(altera_avalon_jtag_uart_write.o)
                              ../Lab6_Part2_APP_bsp/\libhal_bsp.a(altera_avalon_jtag_uart_fd.o) (altera_avalon_jtag_uart_write)
../Lab6_Part2_APP_bsp/\libhal_bsp.a(alt_close.o)
                              ../Lab6_Part2_APP_bsp/\libhal_bsp.a(alt_main.o) (close)
../Lab6_Part2_APP_bsp/\libhal_bsp.a(alt_dcache_flush_all.o)
                              ../Lab6_Part2_APP_bsp/\libhal_bsp.a(alt_load.o) (alt_dcache_flush_all)
../Lab6_Part2_APP_bsp/\libhal_bsp.a(alt_dev.o)
                              ../Lab6_Part2_APP_bsp/\libhal_bsp.a(alt_sys_init.o) (alt_dev_list)
../Lab6_Part2_APP_bsp/\libhal_bsp.a(alt_dev_llist_insert.o)
                              ../Lab6_Part2_APP_bsp/\libhal_bsp.a(alt_sys_init.o) (alt_dev_llist_insert)
../Lab6_Part2_APP_bsp/\libhal_bsp.a(alt_do_ctors.o)
                              ../Lab6_Part2_APP_bsp/\libhal_bsp.a(alt_main.o) (_do_ctors)
../Lab6_Part2_APP_bsp/\libhal_bsp.a(alt_do_dtors.o)
                              ../Lab6_Part2_APP_bsp/\libhal_bsp.a(alt_main.o) (_do_dtors)
../Lab6_Part2_APP_bsp/\libhal_bsp.a(alt_errno.o)
                              ../Lab6_Part2_APP_bsp/\libhal_bsp.a(alt_close.o) (alt_errno)
../Lab6_Part2_APP_bsp/\libhal_bsp.a(alt_exception_entry.o)
                              ../Lab6_Part2_APP_bsp/\libhal_bsp.a(alt_irq_entry.o) (alt_exception)
../Lab6_Part2_APP_bsp/\libhal_bsp.a(alt_icache_flush_all.o)
                              ../Lab6_Part2_APP_bsp/\libhal_bsp.a(alt_load.o) (alt_icache_flush_all)
../Lab6_Part2_APP_bsp/\libhal_bsp.a(alt_instruction_exception_entry.o)
                              ../Lab6_Part2_APP_bsp/\libhal_bsp.a(alt_exception_entry.o) (alt_instruction_exception_entry)
../Lab6_Part2_APP_bsp/\libhal_bsp.a(alt_io_redirect.o)
                              ../Lab6_Part2_APP_bsp/\libhal_bsp.a(alt_main.o) (alt_io_redirect)
../Lab6_Part2_APP_bsp/\libhal_bsp.a(alt_open.o)
                              ../Lab6_Part2_APP_bsp/\libhal_bsp.a(alt_io_redirect.o) (open)
../Lab6_Part2_APP_bsp/\libhal_bsp.a(alt_release_fd.o)
                              ../Lab6_Part2_APP_bsp/\libhal_bsp.a(alt_close.o) (alt_release_fd)
../Lab6_Part2_APP_bsp/\libhal_bsp.a(altera_nios2_gen2_irq.o)
                              ../Lab6_Part2_APP_bsp/\libhal_bsp.a(alt_sys_init.o) (altera_nios2_gen2_irq_init)
../Lab6_Part2_APP_bsp/\libhal_bsp.a(alt_find_dev.o)
                              ../Lab6_Part2_APP_bsp/\libhal_bsp.a(alt_open.o) (alt_find_dev)
../Lab6_Part2_APP_bsp/\libhal_bsp.a(alt_find_file.o)
                              ../Lab6_Part2_APP_bsp/\libhal_bsp.a(alt_open.o) (alt_find_file)
../Lab6_Part2_APP_bsp/\libhal_bsp.a(alt_get_fd.o)
                              ../Lab6_Part2_APP_bsp/\libhal_bsp.a(alt_open.o) (alt_get_fd)
c:/intelfpga/18.1/nios2eds/bin/gnu/h-x86_64-mingw32/bin/../lib/gcc/nios2-elf/5.3.0/../../../../../H-x86_64-mingw32/nios2-elf/lib/mno-hw-mul\libsmallc.a(lib_a-atexit.o)
                              ../Lab6_Part2_APP_bsp/\libhal_bsp.a(alt_main.o) (atexit)
c:/intelfpga/18.1/nios2eds/bin/gnu/h-x86_64-mingw32/bin/../lib/gcc/nios2-elf/5.3.0/../../../../../H-x86_64-mingw32/nios2-elf/lib/mno-hw-mul\libsmallc.a(lib_a-int_errno.o)
                              ../Lab6_Part2_APP_bsp/\libhal_bsp.a(alt_close.o) (errno)
c:/intelfpga/18.1/nios2eds/bin/gnu/h-x86_64-mingw32/bin/../lib/gcc/nios2-elf/5.3.0/../../../../../H-x86_64-mingw32/nios2-elf/lib/mno-hw-mul\libsmallc.a(lib_a-memcmp.o)
                              ../Lab6_Part2_APP_bsp/\libhal_bsp.a(alt_find_dev.o) (memcmp)
c:/intelfpga/18.1/nios2eds/bin/gnu/h-x86_64-mingw32/bin/../lib/gcc/nios2-elf/5.3.0/../../../../../H-x86_64-mingw32/nios2-elf/lib/mno-hw-mul\libsmallc.a(lib_a-strlen.o)
                              ../Lab6_Part2_APP_bsp/\libhal_bsp.a(alt_find_dev.o) (strlen)
c:/intelfpga/18.1/nios2eds/bin/gnu/h-x86_64-mingw32/bin/../lib/gcc/nios2-elf/5.3.0/../../../../../H-x86_64-mingw32/nios2-elf/lib/mno-hw-mul\libsmallc.a(lib_a-__atexit.o)
                              c:/intelfpga/18.1/nios2eds/bin/gnu/h-x86_64-mingw32/bin/../lib/gcc/nios2-elf/5.3.0/../../../../../H-x86_64-mingw32/nios2-elf/lib/mno-hw-mul\libsmallc.a(lib_a-atexit.o) (__register_exitproc)
c:/intelfpga/18.1/nios2eds/bin/gnu/h-x86_64-mingw32/bin/../lib/gcc/nios2-elf/5.3.0/mno-hw-mul\libgcc.a(lib2-mul.o)
                              ../Lab6_Part2_APP_bsp/\libhal_bsp.a(alt_close.o) (__mulsi3)

Allocating common symbols
Common symbol       size              file

alt_irq             0x100             ../Lab6_Part2_APP_bsp/\libhal_bsp.a(alt_irq_handler.o)
errno               0x4               c:/intelfpga/18.1/nios2eds/bin/gnu/h-x86_64-mingw32/bin/../lib/gcc/nios2-elf/5.3.0/../../../../../H-x86_64-mingw32/nios2-elf/lib/mno-hw-mul\libsmallc.a(lib_a-int_errno.o)

Memory Configuration

Name             Origin             Length             Attributes
reset            0x0000000000004000 0x0000000000000020
onchip_memory2_0 0x0000000000004020 0x0000000000003fe0
*default*        0x0000000000000000 0xffffffffffffffff

Linker script and memory map

LOAD ../Lab6_Part2_APP_bsp//obj/HAL/src/crt0.o
LOAD obj/default/Lab6_Part2.o
LOAD c:/intelfpga/18.1/nios2eds/bin/gnu/h-x86_64-mingw32/bin/../lib/gcc/nios2-elf/5.3.0/../../../../../H-x86_64-mingw32/nios2-elf/lib/mno-hw-mul\libstdc++.a
LOAD c:/intelfpga/18.1/nios2eds/bin/gnu/h-x86_64-mingw32/bin/../lib/gcc/nios2-elf/5.3.0/../../../../../H-x86_64-mingw32/nios2-elf/lib/mno-hw-mul\libm.a
LOAD c:/intelfpga/18.1/nios2eds/bin/gnu/h-x86_64-mingw32/bin/../lib/gcc/nios2-elf/5.3.0/mno-hw-mul\libgcc.a
START GROUP
LOAD c:/intelfpga/18.1/nios2eds/bin/gnu/h-x86_64-mingw32/bin/../lib/gcc/nios2-elf/5.3.0/../../../../../H-x86_64-mingw32/nios2-elf/lib/mno-hw-mul\libsmallc.a
LOAD c:/intelfpga/18.1/nios2eds/bin/gnu/h-x86_64-mingw32/bin/../lib/gcc/nios2-elf/5.3.0/mno-hw-mul\libgcc.a
LOAD ../Lab6_Part2_APP_bsp/\libhal_bsp.a
LOAD c:/intelfpga/18.1/nios2eds/bin/gnu/h-x86_64-mingw32/bin/../lib/gcc/nios2-elf/5.3.0/../../../../../H-x86_64-mingw32/nios2-elf/lib/mno-hw-mul\libm.a
END GROUP
LOAD c:/intelfpga/18.1/nios2eds/bin/gnu/h-x86_64-mingw32/bin/../lib/gcc/nios2-elf/5.3.0/mno-hw-mul\libgcc.a
                0x0000000000004000                __alt_mem_onchip_memory2_0 = 0x4000

.entry          0x0000000000004000       0x20
 *(.entry)
 .entry         0x0000000000004000       0x20 ../Lab6_Part2_APP_bsp//obj/HAL/src/crt0.o
                0x0000000000004000                __reset

.exceptions     0x0000000000004020      0x210
                0x0000000000004020                PROVIDE (__ram_exceptions_start, ABSOLUTE (.))
                0x0000000000004020                . = ALIGN (0x20)
 *(.irq)
 *(.exceptions.entry.label)
 .exceptions.entry.label
                0x0000000000004020        0x0 ../Lab6_Part2_APP_bsp/\libhal_bsp.a(alt_irq_entry.o)
                0x0000000000004020                alt_irq_entry
 .exceptions.entry.label
                0x0000000000004020        0x0 ../Lab6_Part2_APP_bsp/\libhal_bsp.a(alt_exception_entry.o)
                0x0000000000004020                alt_exception
 *(.exceptions.entry.user)
 *(.exceptions.entry.ecc_fatal)
 *(.exceptions.entry)
 .exceptions.entry
                0x0000000000004020       0x54 ../Lab6_Part2_APP_bsp/\libhal_bsp.a(alt_exception_entry.o)
 *(.exceptions.irqtest.user)
 *(.exceptions.irqtest)
 .exceptions.irqtest
                0x0000000000004074       0x10 ../Lab6_Part2_APP_bsp/\libhal_bsp.a(alt_irq_entry.o)
 *(.exceptions.irqhandler.user)
 *(.exceptions.irqhandler)
 .exceptions.irqhandler
                0x0000000000004084        0x4 ../Lab6_Part2_APP_bsp/\libhal_bsp.a(alt_irq_entry.o)
 *(.exceptions.irqreturn.user)
 *(.exceptions.irqreturn)
 .exceptions.irqreturn
                0x0000000000004088        0x4 ../Lab6_Part2_APP_bsp/\libhal_bsp.a(alt_irq_entry.o)
 *(.exceptions.notirq.label)
 .exceptions.notirq.label
                0x000000000000408c        0x0 ../Lab6_Part2_APP_bsp/\libhal_bsp.a(alt_irq_entry.o)
 *(.exceptions.notirq.user)
 *(.exceptions.notirq)
 .exceptions.notirq
                0x000000000000408c        0x8 ../Lab6_Part2_APP_bsp/\libhal_bsp.a(alt_exception_entry.o)
 *(.exceptions.soft.user)
 *(.exceptions.soft)
 *(.exceptions.unknown.user)
 *(.exceptions.unknown)
 .exceptions.unknown
                0x0000000000004094       0x14 ../Lab6_Part2_APP_bsp/\libhal_bsp.a(alt_exception_entry.o)
 *(.exceptions.exit.label)
 .exceptions.exit.label
                0x00000000000040a8        0x0 ../Lab6_Part2_APP_bsp/\libhal_bsp.a(alt_irq_entry.o)
 .exceptions.exit.label
                0x00000000000040a8        0x0 ../Lab6_Part2_APP_bsp/\libhal_bsp.a(alt_exception_entry.o)
 *(.exceptions.exit.user)
 *(.exceptions.exit)
 .exceptions.exit
                0x00000000000040a8       0x54 ../Lab6_Part2_APP_bsp/\libhal_bsp.a(alt_exception_entry.o)
 *(.exceptions)
 .exceptions    0x00000000000040fc       0xd4 ../Lab6_Part2_APP_bsp/\libhal_bsp.a(alt_irq_handler.o)
                0x00000000000040fc                alt_irq_handler
 .exceptions    0x00000000000041d0       0x60 ../Lab6_Part2_APP_bsp/\libhal_bsp.a(alt_instruction_exception_entry.o)
                0x00000000000041d0                alt_instruction_exception_entry
                0x0000000000004230                PROVIDE (__ram_exceptions_end, ABSOLUTE (.))
                0x0000000000004020                PROVIDE (__flash_exceptions_start, LOADADDR (.exceptions))

.text           0x0000000000004230     0x17e8
                [!provide]                        PROVIDE (stext, ABSOLUTE (.))
 *(.interp)
 *(.hash)
 *(.dynsym)
 *(.dynstr)
 *(.gnu.version)
 *(.gnu.version_d)
 *(.gnu.version_r)
 *(.rel.init)
 *(.rela.init)
 *(.rel.text .rel.text.* .rel.gnu.linkonce.t.*)
 *(.rela.text .rela.text.* .rela.gnu.linkonce.t.*)
 *(.rel.fini)
 *(.rela.fini)
 *(.rel.rodata .rel.rodata.* .rel.gnu.linkonce.r.*)
 *(.rela.rodata .rela.rodata.* .rela.gnu.linkonce.r.*)
 *(.rel.data .rel.data.* .rel.gnu.linkonce.d.*)
 *(.rela.data .rela.data.* .rela.gnu.linkonce.d.*)
 *(.rel.tdata .rel.tdata.* .rel.gnu.linkonce.td.*)
 *(.rela.tdata .rela.tdata.* .rela.gnu.linkonce.td.*)
 *(.rel.tbss .rel.tbss.* .rel.gnu.linkonce.tb.*)
 *(.rela.tbss .rela.tbss.* .rela.gnu.linkonce.tb.*)
 *(.rel.ctors)
 *(.rela.ctors)
 *(.rel.dtors)
 *(.rela.dtors)
 *(.rel.got)
 *(.rela.got)
 *(.rel.sdata .rel.sdata.* .rel.gnu.linkonce.s.*)
 *(.rela.sdata .rela.sdata.* .rela.gnu.linkonce.s.*)
 *(.rel.sbss .rel.sbss.* .rel.gnu.linkonce.sb.*)
 *(.rela.sbss .rela.sbss.* .rela.gnu.linkonce.sb.*)
 *(.rel.sdata2 .rel.sdata2.* .rel.gnu.linkonce.s2.*)
 *(.rela.sdata2 .rela.sdata2.* .rela.gnu.linkonce.s2.*)
 *(.rel.sbss2 .rel.sbss2.* .rel.gnu.linkonce.sb2.*)
 *(.rela.sbss2 .rela.sbss2.* .rela.gnu.linkonce.sb2.*)
 *(.rel.bss .rel.bss.* .rel.gnu.linkonce.b.*)
 *(.rela.bss .rela.bss.* .rela.gnu.linkonce.b.*)
 *(.rel.plt)
 *(.rela.plt)
 *(.rel.dyn)
 *(.init)
 *(.plt)
 *(.text .stub .text.* .gnu.linkonce.t.*)
 .text          0x0000000000004230       0x3c ../Lab6_Part2_APP_bsp//obj/HAL/src/crt0.o
                0x0000000000004230                _start
 .text          0x000000000000426c      0x25c obj/default/Lab6_Part2.o
                0x000000000000426c                RAMTest
                0x0000000000004358                key_isr
                0x0000000000004374                RAMTest16
                0x0000000000004468                main
 .text          0x00000000000044c8        0x0 c:/intelfpga/18.1/nios2eds/bin/gnu/h-x86_64-mingw32/bin/../lib/gcc/nios2-elf/5.3.0/../../../../../H-x86_64-mingw32/nios2-elf/lib/mno-hw-mul\libsmallc.a(lib_a-exit.o)
 .text.exit     0x00000000000044c8       0x20 c:/intelfpga/18.1/nios2eds/bin/gnu/h-x86_64-mingw32/bin/../lib/gcc/nios2-elf/5.3.0/../../../../../H-x86_64-mingw32/nios2-elf/lib/mno-hw-mul\libsmallc.a(lib_a-exit.o)
                0x00000000000044c8                exit
 .text          0x00000000000044e8        0x0 c:/intelfpga/18.1/nios2eds/bin/gnu/h-x86_64-mingw32/bin/../lib/gcc/nios2-elf/5.3.0/../../../../../H-x86_64-mingw32/nios2-elf/lib/mno-hw-mul\libsmallc.a(lib_a-__call_atexit.o)
 .text.__call_exitprocs
                0x00000000000044e8      0x190 c:/intelfpga/18.1/nios2eds/bin/gnu/h-x86_64-mingw32/bin/../lib/gcc/nios2-elf/5.3.0/../../../../../H-x86_64-mingw32/nios2-elf/lib/mno-hw-mul\libsmallc.a(lib_a-__call_atexit.o)
                0x00000000000044e8                __call_exitprocs
 .text          0x0000000000004678        0x0 c:/intelfpga/18.1/nios2eds/bin/gnu/h-x86_64-mingw32/bin/../lib/gcc/nios2-elf/5.3.0/../../../../../H-x86_64-mingw32/nios2-elf/lib/mno-hw-mul\libsmallc.a(lib_a-impure.o)
 .text          0x0000000000004678       0x34 ../Lab6_Part2_APP_bsp/\libhal_bsp.a(alt_exit.o)
                0x0000000000004678                _exit
 .text          0x00000000000046ac      0x1b0 ../Lab6_Part2_APP_bsp/\libhal_bsp.a(alt_iic.o)
                0x00000000000046ac                alt_ic_isr_register
                0x00000000000046fc                alt_ic_irq_enable
                0x0000000000004784                alt_ic_irq_disable
                0x0000000000004810                alt_ic_irq_enabled
 .text          0x000000000000485c       0xf0 ../Lab6_Part2_APP_bsp/\libhal_bsp.a(alt_iic_isr_register.o)
                0x000000000000485c                alt_iic_isr_register
 .text          0x000000000000494c        0x0 ../Lab6_Part2_APP_bsp/\libhal_bsp.a(alt_irq_entry.o)
 .text          0x000000000000494c        0x0 ../Lab6_Part2_APP_bsp/\libhal_bsp.a(alt_irq_handler.o)
 .text          0x000000000000494c        0x0 ../Lab6_Part2_APP_bsp/\libhal_bsp.a(alt_irq_vars.o)
 .text          0x000000000000494c       0xec ../Lab6_Part2_APP_bsp/\libhal_bsp.a(alt_load.o)
                0x00000000000049b4                alt_load
 .text          0x0000000000004a38       0x7c ../Lab6_Part2_APP_bsp/\libhal_bsp.a(alt_main.o)
                0x0000000000004a38                alt_main
 .text          0x0000000000004ab4       0xa0 ../Lab6_Part2_APP_bsp/\libhal_bsp.a(alt_sys_init.o)
                0x0000000000004ae8                alt_irq_init
                0x0000000000004b20                alt_sys_init
 .text          0x0000000000004b54       0xc0 ../Lab6_Part2_APP_bsp/\libhal_bsp.a(altera_avalon_jtag_uart_fd.o)
                0x0000000000004b54                altera_avalon_jtag_uart_read_fd
                0x0000000000004bb4                altera_avalon_jtag_uart_write_fd
 .text          0x0000000000004c14       0xec ../Lab6_Part2_APP_bsp/\libhal_bsp.a(altera_avalon_jtag_uart_read.o)
                0x0000000000004c14                altera_avalon_jtag_uart_read
 .text          0x0000000000004d00       0x94 ../Lab6_Part2_APP_bsp/\libhal_bsp.a(altera_avalon_jtag_uart_write.o)
                0x0000000000004d00                altera_avalon_jtag_uart_write
 .text          0x0000000000004d94      0x114 ../Lab6_Part2_APP_bsp/\libhal_bsp.a(alt_close.o)
                0x0000000000004dd0                close
 .text          0x0000000000004ea8       0x20 ../Lab6_Part2_APP_bsp/\libhal_bsp.a(alt_dcache_flush_all.o)
                0x0000000000004ea8                alt_dcache_flush_all
 .text          0x0000000000004ec8       0x2c ../Lab6_Part2_APP_bsp/\libhal_bsp.a(alt_dev.o)
 .text          0x0000000000004ef4       0xe0 ../Lab6_Part2_APP_bsp/\libhal_bsp.a(alt_dev_llist_insert.o)
                0x0000000000004f30                alt_dev_llist_insert
 .text          0x0000000000004fd4       0x60 ../Lab6_Part2_APP_bsp/\libhal_bsp.a(alt_do_ctors.o)
                0x0000000000004fd4                _do_ctors
 .text          0x0000000000005034       0x60 ../Lab6_Part2_APP_bsp/\libhal_bsp.a(alt_do_dtors.o)
                0x0000000000005034                _do_dtors
 .text          0x0000000000005094        0x0 ../Lab6_Part2_APP_bsp/\libhal_bsp.a(alt_errno.o)
 .text          0x0000000000005094        0x0 ../Lab6_Part2_APP_bsp/\libhal_bsp.a(alt_exception_entry.o)
 .text          0x0000000000005094       0x20 ../Lab6_Part2_APP_bsp/\libhal_bsp.a(alt_icache_flush_all.o)
                0x0000000000005094                alt_icache_flush_all
 .text          0x00000000000050b4       0x9c ../Lab6_Part2_APP_bsp/\libhal_bsp.a(alt_instruction_exception_entry.o)
                0x00000000000050b4                alt_exception_cause_generated_bad_addr
 .text          0x0000000000005150      0x160 ../Lab6_Part2_APP_bsp/\libhal_bsp.a(alt_io_redirect.o)
                0x0000000000005234                alt_io_redirect
 .text          0x00000000000052b0      0x284 ../Lab6_Part2_APP_bsp/\libhal_bsp.a(alt_open.o)
                0x00000000000053d8                open
 .text          0x0000000000005534       0x84 ../Lab6_Part2_APP_bsp/\libhal_bsp.a(alt_release_fd.o)
                0x0000000000005534                alt_release_fd
 .text          0x00000000000055b8       0x24 ../Lab6_Part2_APP_bsp/\libhal_bsp.a(altera_nios2_gen2_irq.o)
                0x00000000000055b8                altera_nios2_gen2_irq_init
 .text          0x00000000000055dc       0x90 ../Lab6_Part2_APP_bsp/\libhal_bsp.a(alt_find_dev.o)
                0x00000000000055dc                alt_find_dev
 .text          0x000000000000566c      0x108 ../Lab6_Part2_APP_bsp/\libhal_bsp.a(alt_find_file.o)
                0x000000000000566c                alt_find_file
 .text          0x0000000000005774       0xc4 ../Lab6_Part2_APP_bsp/\libhal_bsp.a(alt_get_fd.o)
                0x0000000000005774                alt_get_fd
 .text          0x0000000000005838        0x0 c:/intelfpga/18.1/nios2eds/bin/gnu/h-x86_64-mingw32/bin/../lib/gcc/nios2-elf/5.3.0/../../../../../H-x86_64-mingw32/nios2-elf/lib/mno-hw-mul\libsmallc.a(lib_a-atexit.o)
 .text.atexit   0x0000000000005838       0x14 c:/intelfpga/18.1/nios2eds/bin/gnu/h-x86_64-mingw32/bin/../lib/gcc/nios2-elf/5.3.0/../../../../../H-x86_64-mingw32/nios2-elf/lib/mno-hw-mul\libsmallc.a(lib_a-atexit.o)
                0x0000000000005838                atexit
 .text          0x000000000000584c        0x0 c:/intelfpga/18.1/nios2eds/bin/gnu/h-x86_64-mingw32/bin/../lib/gcc/nios2-elf/5.3.0/../../../../../H-x86_64-mingw32/nios2-elf/lib/mno-hw-mul\libsmallc.a(lib_a-int_errno.o)
 .text          0x000000000000584c        0x0 c:/intelfpga/18.1/nios2eds/bin/gnu/h-x86_64-mingw32/bin/../lib/gcc/nios2-elf/5.3.0/../../../../../H-x86_64-mingw32/nios2-elf/lib/mno-hw-mul\libsmallc.a(lib_a-memcmp.o)
 .text.memcmp   0x000000000000584c       0x30 c:/intelfpga/18.1/nios2eds/bin/gnu/h-x86_64-mingw32/bin/../lib/gcc/nios2-elf/5.3.0/../../../../../H-x86_64-mingw32/nios2-elf/lib/mno-hw-mul\libsmallc.a(lib_a-memcmp.o)
                0x000000000000584c                memcmp
 .text          0x000000000000587c        0x0 c:/intelfpga/18.1/nios2eds/bin/gnu/h-x86_64-mingw32/bin/../lib/gcc/nios2-elf/5.3.0/../../../../../H-x86_64-mingw32/nios2-elf/lib/mno-hw-mul\libsmallc.a(lib_a-strlen.o)
 .text.strlen   0x000000000000587c       0x1c c:/intelfpga/18.1/nios2eds/bin/gnu/h-x86_64-mingw32/bin/../lib/gcc/nios2-elf/5.3.0/../../../../../H-x86_64-mingw32/nios2-elf/lib/mno-hw-mul\libsmallc.a(lib_a-strlen.o)
                0x000000000000587c                strlen
 .text          0x0000000000005898        0x0 c:/intelfpga/18.1/nios2eds/bin/gnu/h-x86_64-mingw32/bin/../lib/gcc/nios2-elf/5.3.0/../../../../../H-x86_64-mingw32/nios2-elf/lib/mno-hw-mul\libsmallc.a(lib_a-__atexit.o)
 .text.__register_exitproc
                0x0000000000005898      0x158 c:/intelfpga/18.1/nios2eds/bin/gnu/h-x86_64-mingw32/bin/../lib/gcc/nios2-elf/5.3.0/../../../../../H-x86_64-mingw32/nios2-elf/lib/mno-hw-mul\libsmallc.a(lib_a-__atexit.o)
                0x0000000000005898                __register_exitproc
 .text          0x00000000000059f0       0x28 c:/intelfpga/18.1/nios2eds/bin/gnu/h-x86_64-mingw32/bin/../lib/gcc/nios2-elf/5.3.0/mno-hw-mul\libgcc.a(lib2-mul.o)
                0x00000000000059f0                __mulsi3
 *(.gnu.warning.*)
 *(.fini)
                [!provide]                        PROVIDE (__etext, ABSOLUTE (.))
                [!provide]                        PROVIDE (_etext, ABSOLUTE (.))
                [!provide]                        PROVIDE (etext, ABSOLUTE (.))
 *(.eh_frame_hdr)
                0x0000000000005a18                . = ALIGN (0x4)
                [!provide]                        PROVIDE (__preinit_array_start, ABSOLUTE (.))
 *(.preinit_array)
                [!provide]                        PROVIDE (__preinit_array_end, ABSOLUTE (.))
                [!provide]                        PROVIDE (__init_array_start, ABSOLUTE (.))
 *(.init_array)
                [!provide]                        PROVIDE (__init_array_end, ABSOLUTE (.))
                [!provide]                        PROVIDE (__fini_array_start, ABSOLUTE (.))
 *(.fini_array)
                [!provide]                        PROVIDE (__fini_array_end, ABSOLUTE (.))
 *(.eh_frame)
 *(.gcc_except_table .gcc_except_table.*)
 *(.dynamic)
                0x0000000000005a18                PROVIDE (__CTOR_LIST__, ABSOLUTE (.))
 *(.ctors)
 *(SORT(.ctors.*))
                0x0000000000005a18                PROVIDE (__CTOR_END__, ABSOLUTE (.))
                0x0000000000005a18                PROVIDE (__DTOR_LIST__, ABSOLUTE (.))
 *(.dtors)
 *(SORT(.dtors.*))
                0x0000000000005a18                PROVIDE (__DTOR_END__, ABSOLUTE (.))
 *(.jcr)
                0x0000000000005a18                . = ALIGN (0x4)

.rodata         0x0000000000005a18       0x34
                0x0000000000005a18                PROVIDE (__ram_rodata_start, ABSOLUTE (.))
                0x0000000000005a18                . = ALIGN (0x4)
 *(.rodata .rodata.* .gnu.linkonce.r.*)
 .rodata        0x0000000000005a18       0x11 ../Lab6_Part2_APP_bsp/\libhal_bsp.a(alt_main.o)
 *fill*         0x0000000000005a29        0x3 
 .rodata        0x0000000000005a2c       0x11 ../Lab6_Part2_APP_bsp/\libhal_bsp.a(alt_sys_init.o)
 *fill*         0x0000000000005a3d        0x3 
 .rodata        0x0000000000005a40        0xa ../Lab6_Part2_APP_bsp/\libhal_bsp.a(alt_dev.o)
 *(.rodata1)
                0x0000000000005a4c                . = ALIGN (0x4)
 *fill*         0x0000000000005a4a        0x2 
                0x0000000000005a4c                PROVIDE (__ram_rodata_end, ABSOLUTE (.))
                0x0000000000005a18                PROVIDE (__flash_rodata_start, LOADADDR (.rodata))

.rwdata         0x0000000000005a4c      0x2e0 load address 0x0000000000005d2c
                0x0000000000005a4c                PROVIDE (__ram_rwdata_start, ABSOLUTE (.))
                0x0000000000005a4c                . = ALIGN (0x4)
 *(.got.plt)
 *(.got)
 *(.data1)
 *(.data .data.* .gnu.linkonce.d.*)
 .data          0x0000000000005a4c        0x0 ../Lab6_Part2_APP_bsp//obj/HAL/src/crt0.o
 .data          0x0000000000005a4c        0x0 obj/default/Lab6_Part2.o
 .data          0x0000000000005a4c        0x0 c:/intelfpga/18.1/nios2eds/bin/gnu/h-x86_64-mingw32/bin/../lib/gcc/nios2-elf/5.3.0/../../../../../H-x86_64-mingw32/nios2-elf/lib/mno-hw-mul\libsmallc.a(lib_a-exit.o)
 .data          0x0000000000005a4c        0x0 c:/intelfpga/18.1/nios2eds/bin/gnu/h-x86_64-mingw32/bin/../lib/gcc/nios2-elf/5.3.0/../../../../../H-x86_64-mingw32/nios2-elf/lib/mno-hw-mul\libsmallc.a(lib_a-__call_atexit.o)
 .data          0x0000000000005a4c        0x0 c:/intelfpga/18.1/nios2eds/bin/gnu/h-x86_64-mingw32/bin/../lib/gcc/nios2-elf/5.3.0/../../../../../H-x86_64-mingw32/nios2-elf/lib/mno-hw-mul\libsmallc.a(lib_a-impure.o)
 .data.impure_data
                0x0000000000005a4c       0xe0 c:/intelfpga/18.1/nios2eds/bin/gnu/h-x86_64-mingw32/bin/../lib/gcc/nios2-elf/5.3.0/../../../../../H-x86_64-mingw32/nios2-elf/lib/mno-hw-mul\libsmallc.a(lib_a-impure.o)
 .data          0x0000000000005b2c        0x0 ../Lab6_Part2_APP_bsp/\libhal_bsp.a(alt_exit.o)
 .data          0x0000000000005b2c        0x0 ../Lab6_Part2_APP_bsp/\libhal_bsp.a(alt_iic.o)
 .data          0x0000000000005b2c        0x0 ../Lab6_Part2_APP_bsp/\libhal_bsp.a(alt_iic_isr_register.o)
 .data          0x0000000000005b2c        0x0 ../Lab6_Part2_APP_bsp/\libhal_bsp.a(alt_irq_entry.o)
 .data          0x0000000000005b2c        0x0 ../Lab6_Part2_APP_bsp/\libhal_bsp.a(alt_irq_handler.o)
 .data          0x0000000000005b2c        0x0 ../Lab6_Part2_APP_bsp/\libhal_bsp.a(alt_irq_vars.o)
 .data          0x0000000000005b2c        0x0 ../Lab6_Part2_APP_bsp/\libhal_bsp.a(alt_load.o)
 .data          0x0000000000005b2c        0x0 ../Lab6_Part2_APP_bsp/\libhal_bsp.a(alt_main.o)
 .data          0x0000000000005b2c       0x2c ../Lab6_Part2_APP_bsp/\libhal_bsp.a(alt_sys_init.o)
 .data          0x0000000000005b58        0x0 ../Lab6_Part2_APP_bsp/\libhal_bsp.a(altera_avalon_jtag_uart_fd.o)
 .data          0x0000000000005b58        0x0 ../Lab6_Part2_APP_bsp/\libhal_bsp.a(altera_avalon_jtag_uart_read.o)
 .data          0x0000000000005b58        0x0 ../Lab6_Part2_APP_bsp/\libhal_bsp.a(altera_avalon_jtag_uart_write.o)
 .data          0x0000000000005b58        0x0 ../Lab6_Part2_APP_bsp/\libhal_bsp.a(alt_close.o)
 .data          0x0000000000005b58        0x0 ../Lab6_Part2_APP_bsp/\libhal_bsp.a(alt_dcache_flush_all.o)
 .data          0x0000000000005b58      0x1a8 ../Lab6_Part2_APP_bsp/\libhal_bsp.a(alt_dev.o)
                0x0000000000005b58                alt_dev_null
                0x0000000000005b80                alt_fd_list
 .data          0x0000000000005d00        0x0 ../Lab6_Part2_APP_bsp/\libhal_bsp.a(alt_dev_llist_insert.o)
 .data          0x0000000000005d00        0x0 ../Lab6_Part2_APP_bsp/\libhal_bsp.a(alt_do_ctors.o)
 .data          0x0000000000005d00        0x0 ../Lab6_Part2_APP_bsp/\libhal_bsp.a(alt_do_dtors.o)
 .data          0x0000000000005d00        0x0 ../Lab6_Part2_APP_bsp/\libhal_bsp.a(alt_errno.o)
 .data          0x0000000000005d00        0x0 ../Lab6_Part2_APP_bsp/\libhal_bsp.a(alt_exception_entry.o)
 .data          0x0000000000005d00        0x0 ../Lab6_Part2_APP_bsp/\libhal_bsp.a(alt_icache_flush_all.o)
 .data          0x0000000000005d00        0x0 ../Lab6_Part2_APP_bsp/\libhal_bsp.a(alt_instruction_exception_entry.o)
 .data          0x0000000000005d00        0x0 ../Lab6_Part2_APP_bsp/\libhal_bsp.a(alt_io_redirect.o)
 .data          0x0000000000005d00        0x0 ../Lab6_Part2_APP_bsp/\libhal_bsp.a(alt_open.o)
 .data          0x0000000000005d00        0x0 ../Lab6_Part2_APP_bsp/\libhal_bsp.a(alt_release_fd.o)
 .data          0x0000000000005d00        0x0 ../Lab6_Part2_APP_bsp/\libhal_bsp.a(altera_nios2_gen2_irq.o)
 .data          0x0000000000005d00        0x0 ../Lab6_Part2_APP_bsp/\libhal_bsp.a(alt_find_dev.o)
 .data          0x0000000000005d00        0x0 ../Lab6_Part2_APP_bsp/\libhal_bsp.a(alt_find_file.o)
 .data          0x0000000000005d00        0x0 ../Lab6_Part2_APP_bsp/\libhal_bsp.a(alt_get_fd.o)
 .data          0x0000000000005d00        0x0 c:/intelfpga/18.1/nios2eds/bin/gnu/h-x86_64-mingw32/bin/../lib/gcc/nios2-elf/5.3.0/../../../../../H-x86_64-mingw32/nios2-elf/lib/mno-hw-mul\libsmallc.a(lib_a-atexit.o)
 .data          0x0000000000005d00        0x0 c:/intelfpga/18.1/nios2eds/bin/gnu/h-x86_64-mingw32/bin/../lib/gcc/nios2-elf/5.3.0/../../../../../H-x86_64-mingw32/nios2-elf/lib/mno-hw-mul\libsmallc.a(lib_a-int_errno.o)
 .data          0x0000000000005d00        0x0 c:/intelfpga/18.1/nios2eds/bin/gnu/h-x86_64-mingw32/bin/../lib/gcc/nios2-elf/5.3.0/../../../../../H-x86_64-mingw32/nios2-elf/lib/mno-hw-mul\libsmallc.a(lib_a-memcmp.o)
 .data          0x0000000000005d00        0x0 c:/intelfpga/18.1/nios2eds/bin/gnu/h-x86_64-mingw32/bin/../lib/gcc/nios2-elf/5.3.0/../../../../../H-x86_64-mingw32/nios2-elf/lib/mno-hw-mul\libsmallc.a(lib_a-strlen.o)
 .data          0x0000000000005d00        0x0 c:/intelfpga/18.1/nios2eds/bin/gnu/h-x86_64-mingw32/bin/../lib/gcc/nios2-elf/5.3.0/../../../../../H-x86_64-mingw32/nios2-elf/lib/mno-hw-mul\libsmallc.a(lib_a-__atexit.o)
 .data          0x0000000000005d00        0x0 c:/intelfpga/18.1/nios2eds/bin/gnu/h-x86_64-mingw32/bin/../lib/gcc/nios2-elf/5.3.0/mno-hw-mul\libgcc.a(lib2-mul.o)
                0x000000000000dd00                _gp = ABSOLUTE ((. + 0x8000))
                [!provide]                        PROVIDE (gp, _gp)
 *(.rwdata .rwdata.*)
 *(.sdata .sdata.* .gnu.linkonce.s.*)
 .sdata         0x0000000000005d00        0x8 obj/default/Lab6_Part2.o
                0x0000000000005d00                LedPtr
                0x0000000000005d04                KeyPtr
 .sdata._global_impure_ptr
                0x0000000000005d08        0x4 c:/intelfpga/18.1/nios2eds/bin/gnu/h-x86_64-mingw32/bin/../lib/gcc/nios2-elf/5.3.0/../../../../../H-x86_64-mingw32/nios2-elf/lib/mno-hw-mul\libsmallc.a(lib_a-impure.o)
                0x0000000000005d08                _global_impure_ptr
 .sdata._impure_ptr
                0x0000000000005d0c        0x4 c:/intelfpga/18.1/nios2eds/bin/gnu/h-x86_64-mingw32/bin/../lib/gcc/nios2-elf/5.3.0/../../../../../H-x86_64-mingw32/nios2-elf/lib/mno-hw-mul\libsmallc.a(lib_a-impure.o)
                0x0000000000005d0c                _impure_ptr
 .sdata         0x0000000000005d10        0x4 ../Lab6_Part2_APP_bsp/\libhal_bsp.a(alt_irq_vars.o)
                0x0000000000005d10                alt_priority_mask
 .sdata         0x0000000000005d14       0x14 ../Lab6_Part2_APP_bsp/\libhal_bsp.a(alt_dev.o)
                0x0000000000005d14                alt_fs_list
                0x0000000000005d1c                alt_dev_list
                0x0000000000005d24                alt_max_fd
 .sdata         0x0000000000005d28        0x4 ../Lab6_Part2_APP_bsp/\libhal_bsp.a(alt_errno.o)
                0x0000000000005d28                alt_errno
 *(.sdata2 .sdata2.* .gnu.linkonce.s2.*)
                0x0000000000005d2c                . = ALIGN (0x4)
                0x0000000000005d2c                _edata = ABSOLUTE (.)
                [!provide]                        PROVIDE (edata, ABSOLUTE (.))
                0x0000000000005d2c                PROVIDE (__ram_rwdata_end, ABSOLUTE (.))
                0x0000000000005d2c                PROVIDE (__flash_rwdata_start, LOADADDR (.rwdata))

.bss            0x000000000000600c      0x11c
                0x000000000000600c                __bss_start = ABSOLUTE (.)
                [!provide]                        PROVIDE (__sbss_start, ABSOLUTE (.))
                [!provide]                        PROVIDE (___sbss_start, ABSOLUTE (.))
 *(.dynsbss)
 *(.sbss .sbss.* .gnu.linkonce.sb.*)
 .sbss          0x000000000000600c        0x4 obj/default/Lab6_Part2.o
                0x000000000000600c                RAMPtr
 .sbss          0x0000000000006010        0x4 ../Lab6_Part2_APP_bsp/\libhal_bsp.a(alt_irq_vars.o)
                0x0000000000006010                alt_irq_active
 .sbss          0x0000000000006014        0xc ../Lab6_Part2_APP_bsp/\libhal_bsp.a(alt_main.o)
                0x0000000000006014                alt_argc
                0x0000000000006018                alt_argv
                0x000000000000601c                alt_envp
 .sbss          0x0000000000006020        0x4 ../Lab6_Part2_APP_bsp/\libhal_bsp.a(alt_instruction_exception_entry.o)
                0x0000000000006020                alt_instruction_exception_handler
 .sbss          0x0000000000006024        0x4 c:/intelfpga/18.1/nios2eds/bin/gnu/h-x86_64-mingw32/bin/../lib/gcc/nios2-elf/5.3.0/../../../../../H-x86_64-mingw32/nios2-elf/lib/mno-hw-mul\libsmallc.a(lib_a-int_errno.o)
                0x0000000000006024                errno
 *(.sbss2 .sbss2.* .gnu.linkonce.sb2.*)
 *(.scommon)
                [!provide]                        PROVIDE (__sbss_end, ABSOLUTE (.))
                [!provide]                        PROVIDE (___sbss_end, ABSOLUTE (.))
 *(.dynbss)
 *(.bss .bss.* .gnu.linkonce.b.*)
 .bss           0x0000000000006028        0x0 ../Lab6_Part2_APP_bsp//obj/HAL/src/crt0.o
 .bss           0x0000000000006028        0x0 obj/default/Lab6_Part2.o
 .bss           0x0000000000006028        0x0 c:/intelfpga/18.1/nios2eds/bin/gnu/h-x86_64-mingw32/bin/../lib/gcc/nios2-elf/5.3.0/../../../../../H-x86_64-mingw32/nios2-elf/lib/mno-hw-mul\libsmallc.a(lib_a-exit.o)
 .bss           0x0000000000006028        0x0 c:/intelfpga/18.1/nios2eds/bin/gnu/h-x86_64-mingw32/bin/../lib/gcc/nios2-elf/5.3.0/../../../../../H-x86_64-mingw32/nios2-elf/lib/mno-hw-mul\libsmallc.a(lib_a-__call_atexit.o)
 .bss           0x0000000000006028        0x0 c:/intelfpga/18.1/nios2eds/bin/gnu/h-x86_64-mingw32/bin/../lib/gcc/nios2-elf/5.3.0/../../../../../H-x86_64-mingw32/nios2-elf/lib/mno-hw-mul\libsmallc.a(lib_a-impure.o)
 .bss           0x0000000000006028        0x0 ../Lab6_Part2_APP_bsp/\libhal_bsp.a(alt_exit.o)
 .bss           0x0000000000006028        0x0 ../Lab6_Part2_APP_bsp/\libhal_bsp.a(alt_iic.o)
 .bss           0x0000000000006028        0x0 ../Lab6_Part2_APP_bsp/\libhal_bsp.a(alt_iic_isr_register.o)
 .bss           0x0000000000006028        0x0 ../Lab6_Part2_APP_bsp/\libhal_bsp.a(alt_irq_entry.o)
 .bss           0x0000000000006028        0x0 ../Lab6_Part2_APP_bsp/\libhal_bsp.a(alt_irq_handler.o)
 .bss           0x0000000000006028        0x0 ../Lab6_Part2_APP_bsp/\libhal_bsp.a(alt_irq_vars.o)
 .bss           0x0000000000006028        0x0 ../Lab6_Part2_APP_bsp/\libhal_bsp.a(alt_load.o)
 .bss           0x0000000000006028        0x0 ../Lab6_Part2_APP_bsp/\libhal_bsp.a(alt_main.o)
 .bss           0x0000000000006028        0x0 ../Lab6_Part2_APP_bsp/\libhal_bsp.a(alt_sys_init.o)
 .bss           0x0000000000006028        0x0 ../Lab6_Part2_APP_bsp/\libhal_bsp.a(altera_avalon_jtag_uart_fd.o)
 .bss           0x0000000000006028        0x0 ../Lab6_Part2_APP_bsp/\libhal_bsp.a(altera_avalon_jtag_uart_read.o)
 .bss           0x0000000000006028        0x0 ../Lab6_Part2_APP_bsp/\libhal_bsp.a(altera_avalon_jtag_uart_write.o)
 .bss           0x0000000000006028        0x0 ../Lab6_Part2_APP_bsp/\libhal_bsp.a(alt_close.o)
 .bss           0x0000000000006028        0x0 ../Lab6_Part2_APP_bsp/\libhal_bsp.a(alt_dcache_flush_all.o)
 .bss           0x0000000000006028        0x0 ../Lab6_Part2_APP_bsp/\libhal_bsp.a(alt_dev.o)
 .bss           0x0000000000006028        0x0 ../Lab6_Part2_APP_bsp/\libhal_bsp.a(alt_dev_llist_insert.o)
 .bss           0x0000000000006028        0x0 ../Lab6_Part2_APP_bsp/\libhal_bsp.a(alt_do_ctors.o)
 .bss           0x0000000000006028        0x0 ../Lab6_Part2_APP_bsp/\libhal_bsp.a(alt_do_dtors.o)
 .bss           0x0000000000006028        0x0 ../Lab6_Part2_APP_bsp/\libhal_bsp.a(alt_errno.o)
 .bss           0x0000000000006028        0x0 ../Lab6_Part2_APP_bsp/\libhal_bsp.a(alt_exception_entry.o)
 .bss           0x0000000000006028        0x0 ../Lab6_Part2_APP_bsp/\libhal_bsp.a(alt_icache_flush_all.o)
 .bss           0x0000000000006028        0x0 ../Lab6_Part2_APP_bsp/\libhal_bsp.a(alt_instruction_exception_entry.o)
 .bss           0x0000000000006028        0x0 ../Lab6_Part2_APP_bsp/\libhal_bsp.a(alt_io_redirect.o)
 .bss           0x0000000000006028        0x0 ../Lab6_Part2_APP_bsp/\libhal_bsp.a(alt_open.o)
 .bss           0x0000000000006028        0x0 ../Lab6_Part2_APP_bsp/\libhal_bsp.a(alt_release_fd.o)
 .bss           0x0000000000006028        0x0 ../Lab6_Part2_APP_bsp/\libhal_bsp.a(altera_nios2_gen2_irq.o)
 .bss           0x0000000000006028        0x0 ../Lab6_Part2_APP_bsp/\libhal_bsp.a(alt_find_dev.o)
 .bss           0x0000000000006028        0x0 ../Lab6_Part2_APP_bsp/\libhal_bsp.a(alt_find_file.o)
 .bss           0x0000000000006028        0x0 ../Lab6_Part2_APP_bsp/\libhal_bsp.a(alt_get_fd.o)
 .bss           0x0000000000006028        0x0 c:/intelfpga/18.1/nios2eds/bin/gnu/h-x86_64-mingw32/bin/../lib/gcc/nios2-elf/5.3.0/../../../../../H-x86_64-mingw32/nios2-elf/lib/mno-hw-mul\libsmallc.a(lib_a-atexit.o)
 .bss           0x0000000000006028        0x0 c:/intelfpga/18.1/nios2eds/bin/gnu/h-x86_64-mingw32/bin/../lib/gcc/nios2-elf/5.3.0/../../../../../H-x86_64-mingw32/nios2-elf/lib/mno-hw-mul\libsmallc.a(lib_a-int_errno.o)
 .bss           0x0000000000006028        0x0 c:/intelfpga/18.1/nios2eds/bin/gnu/h-x86_64-mingw32/bin/../lib/gcc/nios2-elf/5.3.0/../../../../../H-x86_64-mingw32/nios2-elf/lib/mno-hw-mul\libsmallc.a(lib_a-memcmp.o)
 .bss           0x0000000000006028        0x0 c:/intelfpga/18.1/nios2eds/bin/gnu/h-x86_64-mingw32/bin/../lib/gcc/nios2-elf/5.3.0/../../../../../H-x86_64-mingw32/nios2-elf/lib/mno-hw-mul\libsmallc.a(lib_a-strlen.o)
 .bss           0x0000000000006028        0x0 c:/intelfpga/18.1/nios2eds/bin/gnu/h-x86_64-mingw32/bin/../lib/gcc/nios2-elf/5.3.0/../../../../../H-x86_64-mingw32/nios2-elf/lib/mno-hw-mul\libsmallc.a(lib_a-__atexit.o)
 .bss           0x0000000000006028        0x0 c:/intelfpga/18.1/nios2eds/bin/gnu/h-x86_64-mingw32/bin/../lib/gcc/nios2-elf/5.3.0/mno-hw-mul\libgcc.a(lib2-mul.o)
 *(COMMON)
 COMMON         0x0000000000006028      0x100 ../Lab6_Part2_APP_bsp/\libhal_bsp.a(alt_irq_handler.o)
                0x0000000000006028                alt_irq
                0x0000000000006128                . = ALIGN (0x4)
                0x0000000000006128                __bss_end = ABSOLUTE (.)

.onchip_memory2_0
                0x0000000000006128        0x0
                [!provide]                        PROVIDE (_alt_partition_onchip_memory2_0_start, ABSOLUTE (.))
 *(.onchip_memory2_0 .onchip_memory2_0. onchip_memory2_0.*)
                0x0000000000006128                . = ALIGN (0x4)
                [!provide]                        PROVIDE (_alt_partition_onchip_memory2_0_end, ABSOLUTE (.))
                0x0000000000006128                _end = ABSOLUTE (.)
                0x0000000000006128                end = ABSOLUTE (.)
                0x0000000000006128                __alt_stack_base = ABSOLUTE (.)
                [!provide]                        PROVIDE (_alt_partition_onchip_memory2_0_load_addr, LOADADDR (.onchip_memory2_0))

.stab
 *(.stab)

.stabstr
 *(.stabstr)

.stab.excl
 *(.stab.excl)

.stab.exclstr
 *(.stab.exclstr)

.stab.index
 *(.stab.index)

.stab.indexstr
 *(.stab.indexstr)

.comment        0x0000000000000000       0x23
 *(.comment)
 .comment       0x0000000000000000       0x23 obj/default/Lab6_Part2.o
                                         0x24 (size before relaxing)
 .comment       0x0000000000000023       0x24 c:/intelfpga/18.1/nios2eds/bin/gnu/h-x86_64-mingw32/bin/../lib/gcc/nios2-elf/5.3.0/../../../../../H-x86_64-mingw32/nios2-elf/lib/mno-hw-mul\libsmallc.a(lib_a-exit.o)
 .comment       0x0000000000000023       0x24 c:/intelfpga/18.1/nios2eds/bin/gnu/h-x86_64-mingw32/bin/../lib/gcc/nios2-elf/5.3.0/../../../../../H-x86_64-mingw32/nios2-elf/lib/mno-hw-mul\libsmallc.a(lib_a-__call_atexit.o)
 .comment       0x0000000000000023       0x24 c:/intelfpga/18.1/nios2eds/bin/gnu/h-x86_64-mingw32/bin/../lib/gcc/nios2-elf/5.3.0/../../../../../H-x86_64-mingw32/nios2-elf/lib/mno-hw-mul\libsmallc.a(lib_a-impure.o)
 .comment       0x0000000000000023       0x24 ../Lab6_Part2_APP_bsp/\libhal_bsp.a(alt_exit.o)
 .comment       0x0000000000000023       0x24 ../Lab6_Part2_APP_bsp/\libhal_bsp.a(alt_iic.o)
 .comment       0x0000000000000023       0x24 ../Lab6_Part2_APP_bsp/\libhal_bsp.a(alt_iic_isr_register.o)
 .comment       0x0000000000000023       0x24 ../Lab6_Part2_APP_bsp/\libhal_bsp.a(alt_irq_handler.o)
 .comment       0x0000000000000023       0x24 ../Lab6_Part2_APP_bsp/\libhal_bsp.a(alt_irq_vars.o)
 .comment       0x0000000000000023       0x24 ../Lab6_Part2_APP_bsp/\libhal_bsp.a(alt_load.o)
 .comment       0x0000000000000023       0x24 ../Lab6_Part2_APP_bsp/\libhal_bsp.a(alt_main.o)
 .comment       0x0000000000000023       0x24 ../Lab6_Part2_APP_bsp/\libhal_bsp.a(alt_sys_init.o)
 .comment       0x0000000000000023       0x24 ../Lab6_Part2_APP_bsp/\libhal_bsp.a(altera_avalon_jtag_uart_fd.o)
 .comment       0x0000000000000023       0x24 ../Lab6_Part2_APP_bsp/\libhal_bsp.a(altera_avalon_jtag_uart_read.o)
 .comment       0x0000000000000023       0x24 ../Lab6_Part2_APP_bsp/\libhal_bsp.a(altera_avalon_jtag_uart_write.o)
 .comment       0x0000000000000023       0x24 ../Lab6_Part2_APP_bsp/\libhal_bsp.a(alt_close.o)
 .comment       0x0000000000000023       0x24 ../Lab6_Part2_APP_bsp/\libhal_bsp.a(alt_dcache_flush_all.o)
 .comment       0x0000000000000023       0x24 ../Lab6_Part2_APP_bsp/\libhal_bsp.a(alt_dev.o)
 .comment       0x0000000000000023       0x24 ../Lab6_Part2_APP_bsp/\libhal_bsp.a(alt_dev_llist_insert.o)
 .comment       0x0000000000000023       0x24 ../Lab6_Part2_APP_bsp/\libhal_bsp.a(alt_do_ctors.o)
 .comment       0x0000000000000023       0x24 ../Lab6_Part2_APP_bsp/\libhal_bsp.a(alt_do_dtors.o)
 .comment       0x0000000000000023       0x24 ../Lab6_Part2_APP_bsp/\libhal_bsp.a(alt_errno.o)
 .comment       0x0000000000000023       0x24 ../Lab6_Part2_APP_bsp/\libhal_bsp.a(alt_icache_flush_all.o)
 .comment       0x0000000000000023       0x24 ../Lab6_Part2_APP_bsp/\libhal_bsp.a(alt_instruction_exception_entry.o)
 .comment       0x0000000000000023       0x24 ../Lab6_Part2_APP_bsp/\libhal_bsp.a(alt_io_redirect.o)
 .comment       0x0000000000000023       0x24 ../Lab6_Part2_APP_bsp/\libhal_bsp.a(alt_open.o)
 .comment       0x0000000000000023       0x24 ../Lab6_Part2_APP_bsp/\libhal_bsp.a(alt_release_fd.o)
 .comment       0x0000000000000023       0x24 ../Lab6_Part2_APP_bsp/\libhal_bsp.a(altera_nios2_gen2_irq.o)
 .comment       0x0000000000000023       0x24 ../Lab6_Part2_APP_bsp/\libhal_bsp.a(alt_find_dev.o)
 .comment       0x0000000000000023       0x24 ../Lab6_Part2_APP_bsp/\libhal_bsp.a(alt_find_file.o)
 .comment       0x0000000000000023       0x24 ../Lab6_Part2_APP_bsp/\libhal_bsp.a(alt_get_fd.o)
 .comment       0x0000000000000023       0x24 c:/intelfpga/18.1/nios2eds/bin/gnu/h-x86_64-mingw32/bin/../lib/gcc/nios2-elf/5.3.0/../../../../../H-x86_64-mingw32/nios2-elf/lib/mno-hw-mul\libsmallc.a(lib_a-atexit.o)
 .comment       0x0000000000000023       0x24 c:/intelfpga/18.1/nios2eds/bin/gnu/h-x86_64-mingw32/bin/../lib/gcc/nios2-elf/5.3.0/../../../../../H-x86_64-mingw32/nios2-elf/lib/mno-hw-mul\libsmallc.a(lib_a-int_errno.o)
 .comment       0x0000000000000023       0x24 c:/intelfpga/18.1/nios2eds/bin/gnu/h-x86_64-mingw32/bin/../lib/gcc/nios2-elf/5.3.0/../../../../../H-x86_64-mingw32/nios2-elf/lib/mno-hw-mul\libsmallc.a(lib_a-memcmp.o)
 .comment       0x0000000000000023       0x24 c:/intelfpga/18.1/nios2eds/bin/gnu/h-x86_64-mingw32/bin/../lib/gcc/nios2-elf/5.3.0/../../../../../H-x86_64-mingw32/nios2-elf/lib/mno-hw-mul\libsmallc.a(lib_a-strlen.o)
 .comment       0x0000000000000023       0x24 c:/intelfpga/18.1/nios2eds/bin/gnu/h-x86_64-mingw32/bin/../lib/gcc/nios2-elf/5.3.0/../../../../../H-x86_64-mingw32/nios2-elf/lib/mno-hw-mul\libsmallc.a(lib_a-__atexit.o)
 .comment       0x0000000000000023       0x24 c:/intelfpga/18.1/nios2eds/bin/gnu/h-x86_64-mingw32/bin/../lib/gcc/nios2-elf/5.3.0/mno-hw-mul\libgcc.a(lib2-mul.o)

.debug
 *(.debug)

.line
 *(.line)

.debug_srcinfo
 *(.debug_srcinfo)

.debug_sfnames
 *(.debug_sfnames)

.debug_aranges  0x0000000000000000      0x518
 *(.debug_aranges)
 .debug_aranges
                0x0000000000000000       0x28 ../Lab6_Part2_APP_bsp//obj/HAL/src/crt0.o
 .debug_aranges
                0x0000000000000028       0x20 obj/default/Lab6_Part2.o
 .debug_aranges
                0x0000000000000048       0x20 c:/intelfpga/18.1/nios2eds/bin/gnu/h-x86_64-mingw32/bin/../lib/gcc/nios2-elf/5.3.0/../../../../../H-x86_64-mingw32/nios2-elf/lib/mno-hw-mul\libsmallc.a(lib_a-exit.o)
 .debug_aranges
                0x0000000000000068       0x20 c:/intelfpga/18.1/nios2eds/bin/gnu/h-x86_64-mingw32/bin/../lib/gcc/nios2-elf/5.3.0/../../../../../H-x86_64-mingw32/nios2-elf/lib/mno-hw-mul\libsmallc.a(lib_a-__call_atexit.o)
 .debug_aranges
                0x0000000000000088       0x18 c:/intelfpga/18.1/nios2eds/bin/gnu/h-x86_64-mingw32/bin/../lib/gcc/nios2-elf/5.3.0/../../../../../H-x86_64-mingw32/nios2-elf/lib/mno-hw-mul\libsmallc.a(lib_a-impure.o)
 .debug_aranges
                0x00000000000000a0       0x20 ../Lab6_Part2_APP_bsp/\libhal_bsp.a(alt_exit.o)
 .debug_aranges
                0x00000000000000c0       0x20 ../Lab6_Part2_APP_bsp/\libhal_bsp.a(alt_iic.o)
 .debug_aranges
                0x00000000000000e0       0x20 ../Lab6_Part2_APP_bsp/\libhal_bsp.a(alt_iic_isr_register.o)
 .debug_aranges
                0x0000000000000100       0x30 ../Lab6_Part2_APP_bsp/\libhal_bsp.a(alt_irq_entry.o)
 .debug_aranges
                0x0000000000000130       0x20 ../Lab6_Part2_APP_bsp/\libhal_bsp.a(alt_irq_handler.o)
 .debug_aranges
                0x0000000000000150       0x18 ../Lab6_Part2_APP_bsp/\libhal_bsp.a(alt_irq_vars.o)
 .debug_aranges
                0x0000000000000168       0x20 ../Lab6_Part2_APP_bsp/\libhal_bsp.a(alt_load.o)
 .debug_aranges
                0x0000000000000188       0x20 ../Lab6_Part2_APP_bsp/\libhal_bsp.a(alt_main.o)
 .debug_aranges
                0x00000000000001a8       0x20 ../Lab6_Part2_APP_bsp/\libhal_bsp.a(alt_sys_init.o)
 .debug_aranges
                0x00000000000001c8       0x20 ../Lab6_Part2_APP_bsp/\libhal_bsp.a(altera_avalon_jtag_uart_fd.o)
 .debug_aranges
                0x00000000000001e8       0x20 ../Lab6_Part2_APP_bsp/\libhal_bsp.a(altera_avalon_jtag_uart_read.o)
 .debug_aranges
                0x0000000000000208       0x20 ../Lab6_Part2_APP_bsp/\libhal_bsp.a(altera_avalon_jtag_uart_write.o)
 .debug_aranges
                0x0000000000000228       0x20 ../Lab6_Part2_APP_bsp/\libhal_bsp.a(alt_close.o)
 .debug_aranges
                0x0000000000000248       0x20 ../Lab6_Part2_APP_bsp/\libhal_bsp.a(alt_dcache_flush_all.o)
 .debug_aranges
                0x0000000000000268       0x20 ../Lab6_Part2_APP_bsp/\libhal_bsp.a(alt_dev.o)
 .debug_aranges
                0x0000000000000288       0x20 ../Lab6_Part2_APP_bsp/\libhal_bsp.a(alt_dev_llist_insert.o)
 .debug_aranges
                0x00000000000002a8       0x20 ../Lab6_Part2_APP_bsp/\libhal_bsp.a(alt_do_ctors.o)
 .debug_aranges
                0x00000000000002c8       0x20 ../Lab6_Part2_APP_bsp/\libhal_bsp.a(alt_do_dtors.o)
 .debug_aranges
                0x00000000000002e8       0x18 ../Lab6_Part2_APP_bsp/\libhal_bsp.a(alt_errno.o)
 .debug_aranges
                0x0000000000000300       0x38 ../Lab6_Part2_APP_bsp/\libhal_bsp.a(alt_exception_entry.o)
 .debug_aranges
                0x0000000000000338       0x20 ../Lab6_Part2_APP_bsp/\libhal_bsp.a(alt_icache_flush_all.o)
 .debug_aranges
                0x0000000000000358       0x28 ../Lab6_Part2_APP_bsp/\libhal_bsp.a(alt_instruction_exception_entry.o)
 .debug_aranges
                0x0000000000000380       0x20 ../Lab6_Part2_APP_bsp/\libhal_bsp.a(alt_io_redirect.o)
 .debug_aranges
                0x00000000000003a0       0x20 ../Lab6_Part2_APP_bsp/\libhal_bsp.a(alt_open.o)
 .debug_aranges
                0x00000000000003c0       0x20 ../Lab6_Part2_APP_bsp/\libhal_bsp.a(alt_release_fd.o)
 .debug_aranges
                0x00000000000003e0       0x20 ../Lab6_Part2_APP_bsp/\libhal_bsp.a(altera_nios2_gen2_irq.o)
 .debug_aranges
                0x0000000000000400       0x20 ../Lab6_Part2_APP_bsp/\libhal_bsp.a(alt_find_dev.o)
 .debug_aranges
                0x0000000000000420       0x20 ../Lab6_Part2_APP_bsp/\libhal_bsp.a(alt_find_file.o)
 .debug_aranges
                0x0000000000000440       0x20 ../Lab6_Part2_APP_bsp/\libhal_bsp.a(alt_get_fd.o)
 .debug_aranges
                0x0000000000000460       0x20 c:/intelfpga/18.1/nios2eds/bin/gnu/h-x86_64-mingw32/bin/../lib/gcc/nios2-elf/5.3.0/../../../../../H-x86_64-mingw32/nios2-elf/lib/mno-hw-mul\libsmallc.a(lib_a-atexit.o)
 .debug_aranges
                0x0000000000000480       0x18 c:/intelfpga/18.1/nios2eds/bin/gnu/h-x86_64-mingw32/bin/../lib/gcc/nios2-elf/5.3.0/../../../../../H-x86_64-mingw32/nios2-elf/lib/mno-hw-mul\libsmallc.a(lib_a-int_errno.o)
 .debug_aranges
                0x0000000000000498       0x20 c:/intelfpga/18.1/nios2eds/bin/gnu/h-x86_64-mingw32/bin/../lib/gcc/nios2-elf/5.3.0/../../../../../H-x86_64-mingw32/nios2-elf/lib/mno-hw-mul\libsmallc.a(lib_a-memcmp.o)
 .debug_aranges
                0x00000000000004b8       0x20 c:/intelfpga/18.1/nios2eds/bin/gnu/h-x86_64-mingw32/bin/../lib/gcc/nios2-elf/5.3.0/../../../../../H-x86_64-mingw32/nios2-elf/lib/mno-hw-mul\libsmallc.a(lib_a-strlen.o)
 .debug_aranges
                0x00000000000004d8       0x20 c:/intelfpga/18.1/nios2eds/bin/gnu/h-x86_64-mingw32/bin/../lib/gcc/nios2-elf/5.3.0/../../../../../H-x86_64-mingw32/nios2-elf/lib/mno-hw-mul\libsmallc.a(lib_a-__atexit.o)
 .debug_aranges
                0x00000000000004f8       0x20 c:/intelfpga/18.1/nios2eds/bin/gnu/h-x86_64-mingw32/bin/../lib/gcc/nios2-elf/5.3.0/mno-hw-mul\libgcc.a(lib2-mul.o)

.debug_pubnames
 *(.debug_pubnames)

.debug_info     0x0000000000000000     0x52ae
 *(.debug_info .gnu.linkonce.wi.*)
 .debug_info    0x0000000000000000       0x69 ../Lab6_Part2_APP_bsp//obj/HAL/src/crt0.o
 .debug_info    0x0000000000000069      0x20a obj/default/Lab6_Part2.o
 .debug_info    0x0000000000000273       0xe5 c:/intelfpga/18.1/nios2eds/bin/gnu/h-x86_64-mingw32/bin/../lib/gcc/nios2-elf/5.3.0/../../../../../H-x86_64-mingw32/nios2-elf/lib/mno-hw-mul\libsmallc.a(lib_a-exit.o)
 .debug_info    0x0000000000000358      0x67b c:/intelfpga/18.1/nios2eds/bin/gnu/h-x86_64-mingw32/bin/../lib/gcc/nios2-elf/5.3.0/../../../../../H-x86_64-mingw32/nios2-elf/lib/mno-hw-mul\libsmallc.a(lib_a-__call_atexit.o)
 .debug_info    0x00000000000009d3      0x5a9 c:/intelfpga/18.1/nios2eds/bin/gnu/h-x86_64-mingw32/bin/../lib/gcc/nios2-elf/5.3.0/../../../../../H-x86_64-mingw32/nios2-elf/lib/mno-hw-mul\libsmallc.a(lib_a-impure.o)
 .debug_info    0x0000000000000f7c       0xec ../Lab6_Part2_APP_bsp/\libhal_bsp.a(alt_exit.o)
 .debug_info    0x0000000000001068      0x350 ../Lab6_Part2_APP_bsp/\libhal_bsp.a(alt_iic.o)
 .debug_info    0x00000000000013b8      0x1ef ../Lab6_Part2_APP_bsp/\libhal_bsp.a(alt_iic_isr_register.o)
 .debug_info    0x00000000000015a7       0x72 ../Lab6_Part2_APP_bsp/\libhal_bsp.a(alt_irq_entry.o)
 .debug_info    0x0000000000001619      0x187 ../Lab6_Part2_APP_bsp/\libhal_bsp.a(alt_irq_handler.o)
 .debug_info    0x00000000000017a0       0x88 ../Lab6_Part2_APP_bsp/\libhal_bsp.a(alt_irq_vars.o)
 .debug_info    0x0000000000001828      0x145 ../Lab6_Part2_APP_bsp/\libhal_bsp.a(alt_load.o)
 .debug_info    0x000000000000196d      0x131 ../Lab6_Part2_APP_bsp/\libhal_bsp.a(alt_main.o)
 .debug_info    0x0000000000001a9e      0x3c9 ../Lab6_Part2_APP_bsp/\libhal_bsp.a(alt_sys_init.o)
 .debug_info    0x0000000000001e67      0x3a7 ../Lab6_Part2_APP_bsp/\libhal_bsp.a(altera_avalon_jtag_uart_fd.o)
 .debug_info    0x000000000000220e      0x1b2 ../Lab6_Part2_APP_bsp/\libhal_bsp.a(altera_avalon_jtag_uart_read.o)
 .debug_info    0x00000000000023c0      0x195 ../Lab6_Part2_APP_bsp/\libhal_bsp.a(altera_avalon_jtag_uart_write.o)
 .debug_info    0x0000000000002555      0x321 ../Lab6_Part2_APP_bsp/\libhal_bsp.a(alt_close.o)
 .debug_info    0x0000000000002876       0x92 ../Lab6_Part2_APP_bsp/\libhal_bsp.a(alt_dcache_flush_all.o)
 .debug_info    0x0000000000002908      0x49c ../Lab6_Part2_APP_bsp/\libhal_bsp.a(alt_dev.o)
 .debug_info    0x0000000000002da4      0x1a9 ../Lab6_Part2_APP_bsp/\libhal_bsp.a(alt_dev_llist_insert.o)
 .debug_info    0x0000000000002f4d       0x83 ../Lab6_Part2_APP_bsp/\libhal_bsp.a(alt_do_ctors.o)
 .debug_info    0x0000000000002fd0       0x83 ../Lab6_Part2_APP_bsp/\libhal_bsp.a(alt_do_dtors.o)
 .debug_info    0x0000000000003053       0xa6 ../Lab6_Part2_APP_bsp/\libhal_bsp.a(alt_errno.o)
 .debug_info    0x00000000000030f9       0x78 ../Lab6_Part2_APP_bsp/\libhal_bsp.a(alt_exception_entry.o)
 .debug_info    0x0000000000003171       0x92 ../Lab6_Part2_APP_bsp/\libhal_bsp.a(alt_icache_flush_all.o)
 .debug_info    0x0000000000003203      0x1e7 ../Lab6_Part2_APP_bsp/\libhal_bsp.a(alt_instruction_exception_entry.o)
 .debug_info    0x00000000000033ea      0x4a5 ../Lab6_Part2_APP_bsp/\libhal_bsp.a(alt_io_redirect.o)
 .debug_info    0x000000000000388f      0x3bb ../Lab6_Part2_APP_bsp/\libhal_bsp.a(alt_open.o)
 .debug_info    0x0000000000003c4a      0x2b0 ../Lab6_Part2_APP_bsp/\libhal_bsp.a(alt_release_fd.o)
 .debug_info    0x0000000000003efa       0x92 ../Lab6_Part2_APP_bsp/\libhal_bsp.a(altera_nios2_gen2_irq.o)
 .debug_info    0x0000000000003f8c      0x2e9 ../Lab6_Part2_APP_bsp/\libhal_bsp.a(alt_find_dev.o)
 .debug_info    0x0000000000004275      0x2e6 ../Lab6_Part2_APP_bsp/\libhal_bsp.a(alt_find_file.o)
 .debug_info    0x000000000000455b      0x310 ../Lab6_Part2_APP_bsp/\libhal_bsp.a(alt_get_fd.o)
 .debug_info    0x000000000000486b       0xfe c:/intelfpga/18.1/nios2eds/bin/gnu/h-x86_64-mingw32/bin/../lib/gcc/nios2-elf/5.3.0/../../../../../H-x86_64-mingw32/nios2-elf/lib/mno-hw-mul\libsmallc.a(lib_a-atexit.o)
 .debug_info    0x0000000000004969       0x8a c:/intelfpga/18.1/nios2eds/bin/gnu/h-x86_64-mingw32/bin/../lib/gcc/nios2-elf/5.3.0/../../../../../H-x86_64-mingw32/nios2-elf/lib/mno-hw-mul\libsmallc.a(lib_a-int_errno.o)
 .debug_info    0x00000000000049f3       0xf4 c:/intelfpga/18.1/nios2eds/bin/gnu/h-x86_64-mingw32/bin/../lib/gcc/nios2-elf/5.3.0/../../../../../H-x86_64-mingw32/nios2-elf/lib/mno-hw-mul\libsmallc.a(lib_a-memcmp.o)
 .debug_info    0x0000000000004ae7       0xc9 c:/intelfpga/18.1/nios2eds/bin/gnu/h-x86_64-mingw32/bin/../lib/gcc/nios2-elf/5.3.0/../../../../../H-x86_64-mingw32/nios2-elf/lib/mno-hw-mul\libsmallc.a(lib_a-strlen.o)
 .debug_info    0x0000000000004bb0      0x64a c:/intelfpga/18.1/nios2eds/bin/gnu/h-x86_64-mingw32/bin/../lib/gcc/nios2-elf/5.3.0/../../../../../H-x86_64-mingw32/nios2-elf/lib/mno-hw-mul\libsmallc.a(lib_a-__atexit.o)
 .debug_info    0x00000000000051fa       0xb4 c:/intelfpga/18.1/nios2eds/bin/gnu/h-x86_64-mingw32/bin/../lib/gcc/nios2-elf/5.3.0/mno-hw-mul\libgcc.a(lib2-mul.o)

.debug_abbrev   0x0000000000000000     0x1f63
 *(.debug_abbrev)
 .debug_abbrev  0x0000000000000000       0x12 ../Lab6_Part2_APP_bsp//obj/HAL/src/crt0.o
 .debug_abbrev  0x0000000000000012       0xe5 obj/default/Lab6_Part2.o
 .debug_abbrev  0x00000000000000f7       0x8b c:/intelfpga/18.1/nios2eds/bin/gnu/h-x86_64-mingw32/bin/../lib/gcc/nios2-elf/5.3.0/../../../../../H-x86_64-mingw32/nios2-elf/lib/mno-hw-mul\libsmallc.a(lib_a-exit.o)
 .debug_abbrev  0x0000000000000182      0x1f6 c:/intelfpga/18.1/nios2eds/bin/gnu/h-x86_64-mingw32/bin/../lib/gcc/nios2-elf/5.3.0/../../../../../H-x86_64-mingw32/nios2-elf/lib/mno-hw-mul\libsmallc.a(lib_a-__call_atexit.o)
 .debug_abbrev  0x0000000000000378      0x14a c:/intelfpga/18.1/nios2eds/bin/gnu/h-x86_64-mingw32/bin/../lib/gcc/nios2-elf/5.3.0/../../../../../H-x86_64-mingw32/nios2-elf/lib/mno-hw-mul\libsmallc.a(lib_a-impure.o)
 .debug_abbrev  0x00000000000004c2       0xa9 ../Lab6_Part2_APP_bsp/\libhal_bsp.a(alt_exit.o)
 .debug_abbrev  0x000000000000056b      0x163 ../Lab6_Part2_APP_bsp/\libhal_bsp.a(alt_iic.o)
 .debug_abbrev  0x00000000000006ce      0x169 ../Lab6_Part2_APP_bsp/\libhal_bsp.a(alt_iic_isr_register.o)
 .debug_abbrev  0x0000000000000837       0x12 ../Lab6_Part2_APP_bsp/\libhal_bsp.a(alt_irq_entry.o)
 .debug_abbrev  0x0000000000000849      0x122 ../Lab6_Part2_APP_bsp/\libhal_bsp.a(alt_irq_handler.o)
 .debug_abbrev  0x000000000000096b       0x40 ../Lab6_Part2_APP_bsp/\libhal_bsp.a(alt_irq_vars.o)
 .debug_abbrev  0x00000000000009ab       0x9f ../Lab6_Part2_APP_bsp/\libhal_bsp.a(alt_load.o)
 .debug_abbrev  0x0000000000000a4a       0xba ../Lab6_Part2_APP_bsp/\libhal_bsp.a(alt_main.o)
 .debug_abbrev  0x0000000000000b04      0x157 ../Lab6_Part2_APP_bsp/\libhal_bsp.a(alt_sys_init.o)
 .debug_abbrev  0x0000000000000c5b       0xf7 ../Lab6_Part2_APP_bsp/\libhal_bsp.a(altera_avalon_jtag_uart_fd.o)
 .debug_abbrev  0x0000000000000d52       0xd5 ../Lab6_Part2_APP_bsp/\libhal_bsp.a(altera_avalon_jtag_uart_read.o)
 .debug_abbrev  0x0000000000000e27       0xd5 ../Lab6_Part2_APP_bsp/\libhal_bsp.a(altera_avalon_jtag_uart_write.o)
 .debug_abbrev  0x0000000000000efc      0x11f ../Lab6_Part2_APP_bsp/\libhal_bsp.a(alt_close.o)
 .debug_abbrev  0x000000000000101b       0x42 ../Lab6_Part2_APP_bsp/\libhal_bsp.a(alt_dcache_flush_all.o)
 .debug_abbrev  0x000000000000105d       0xd9 ../Lab6_Part2_APP_bsp/\libhal_bsp.a(alt_dev.o)
 .debug_abbrev  0x0000000000001136      0x114 ../Lab6_Part2_APP_bsp/\libhal_bsp.a(alt_dev_llist_insert.o)
 .debug_abbrev  0x000000000000124a       0x79 ../Lab6_Part2_APP_bsp/\libhal_bsp.a(alt_do_ctors.o)
 .debug_abbrev  0x00000000000012c3       0x79 ../Lab6_Part2_APP_bsp/\libhal_bsp.a(alt_do_dtors.o)
 .debug_abbrev  0x000000000000133c       0x5a ../Lab6_Part2_APP_bsp/\libhal_bsp.a(alt_errno.o)
 .debug_abbrev  0x0000000000001396       0x12 ../Lab6_Part2_APP_bsp/\libhal_bsp.a(alt_exception_entry.o)
 .debug_abbrev  0x00000000000013a8       0x42 ../Lab6_Part2_APP_bsp/\libhal_bsp.a(alt_icache_flush_all.o)
 .debug_abbrev  0x00000000000013ea       0xdc ../Lab6_Part2_APP_bsp/\libhal_bsp.a(alt_instruction_exception_entry.o)
 .debug_abbrev  0x00000000000014c6      0x114 ../Lab6_Part2_APP_bsp/\libhal_bsp.a(alt_io_redirect.o)
 .debug_abbrev  0x00000000000015da      0x148 ../Lab6_Part2_APP_bsp/\libhal_bsp.a(alt_open.o)
 .debug_abbrev  0x0000000000001722       0xde ../Lab6_Part2_APP_bsp/\libhal_bsp.a(alt_release_fd.o)
 .debug_abbrev  0x0000000000001800       0x42 ../Lab6_Part2_APP_bsp/\libhal_bsp.a(altera_nios2_gen2_irq.o)
 .debug_abbrev  0x0000000000001842       0xf0 ../Lab6_Part2_APP_bsp/\libhal_bsp.a(alt_find_dev.o)
 .debug_abbrev  0x0000000000001932       0xf0 ../Lab6_Part2_APP_bsp/\libhal_bsp.a(alt_find_file.o)
 .debug_abbrev  0x0000000000001a22      0x10d ../Lab6_Part2_APP_bsp/\libhal_bsp.a(alt_get_fd.o)
 .debug_abbrev  0x0000000000001b2f       0xaa c:/intelfpga/18.1/nios2eds/bin/gnu/h-x86_64-mingw32/bin/../lib/gcc/nios2-elf/5.3.0/../../../../../H-x86_64-mingw32/nios2-elf/lib/mno-hw-mul\libsmallc.a(lib_a-atexit.o)
 .debug_abbrev  0x0000000000001bd9       0x37 c:/intelfpga/18.1/nios2eds/bin/gnu/h-x86_64-mingw32/bin/../lib/gcc/nios2-elf/5.3.0/../../../../../H-x86_64-mingw32/nios2-elf/lib/mno-hw-mul\libsmallc.a(lib_a-int_errno.o)
 .debug_abbrev  0x0000000000001c10       0x7f c:/intelfpga/18.1/nios2eds/bin/gnu/h-x86_64-mingw32/bin/../lib/gcc/nios2-elf/5.3.0/../../../../../H-x86_64-mingw32/nios2-elf/lib/mno-hw-mul\libsmallc.a(lib_a-memcmp.o)
 .debug_abbrev  0x0000000000001c8f       0x7f c:/intelfpga/18.1/nios2eds/bin/gnu/h-x86_64-mingw32/bin/../lib/gcc/nios2-elf/5.3.0/../../../../../H-x86_64-mingw32/nios2-elf/lib/mno-hw-mul\libsmallc.a(lib_a-strlen.o)
 .debug_abbrev  0x0000000000001d0e      0x1e6 c:/intelfpga/18.1/nios2eds/bin/gnu/h-x86_64-mingw32/bin/../lib/gcc/nios2-elf/5.3.0/../../../../../H-x86_64-mingw32/nios2-elf/lib/mno-hw-mul\libsmallc.a(lib_a-__atexit.o)
 .debug_abbrev  0x0000000000001ef4       0x6f c:/intelfpga/18.1/nios2eds/bin/gnu/h-x86_64-mingw32/bin/../lib/gcc/nios2-elf/5.3.0/mno-hw-mul\libgcc.a(lib2-mul.o)

.debug_line     0x0000000000000000     0x2171
 *(.debug_line)
 .debug_line    0x0000000000000000       0x66 ../Lab6_Part2_APP_bsp//obj/HAL/src/crt0.o
 .debug_line    0x0000000000000066       0xba obj/default/Lab6_Part2.o
 .debug_line    0x0000000000000120      0x159 c:/intelfpga/18.1/nios2eds/bin/gnu/h-x86_64-mingw32/bin/../lib/gcc/nios2-elf/5.3.0/../../../../../H-x86_64-mingw32/nios2-elf/lib/mno-hw-mul\libsmallc.a(lib_a-exit.o)
 .debug_line    0x0000000000000279      0x232 c:/intelfpga/18.1/nios2eds/bin/gnu/h-x86_64-mingw32/bin/../lib/gcc/nios2-elf/5.3.0/../../../../../H-x86_64-mingw32/nios2-elf/lib/mno-hw-mul\libsmallc.a(lib_a-__call_atexit.o)
 .debug_line    0x00000000000004ab      0x156 c:/intelfpga/18.1/nios2eds/bin/gnu/h-x86_64-mingw32/bin/../lib/gcc/nios2-elf/5.3.0/../../../../../H-x86_64-mingw32/nios2-elf/lib/mno-hw-mul\libsmallc.a(lib_a-impure.o)
 .debug_line    0x0000000000000601       0x71 ../Lab6_Part2_APP_bsp/\libhal_bsp.a(alt_exit.o)
 .debug_line    0x0000000000000672       0xeb ../Lab6_Part2_APP_bsp/\libhal_bsp.a(alt_iic.o)
 .debug_line    0x000000000000075d       0xdb ../Lab6_Part2_APP_bsp/\libhal_bsp.a(alt_iic_isr_register.o)
 .debug_line    0x0000000000000838       0x6b ../Lab6_Part2_APP_bsp/\libhal_bsp.a(alt_irq_entry.o)
 .debug_line    0x00000000000008a3       0xaa ../Lab6_Part2_APP_bsp/\libhal_bsp.a(alt_irq_handler.o)
 .debug_line    0x000000000000094d       0x50 ../Lab6_Part2_APP_bsp/\libhal_bsp.a(alt_irq_vars.o)
 .debug_line    0x000000000000099d       0x8e ../Lab6_Part2_APP_bsp/\libhal_bsp.a(alt_load.o)
 .debug_line    0x0000000000000a2b       0xa4 ../Lab6_Part2_APP_bsp/\libhal_bsp.a(alt_main.o)
 .debug_line    0x0000000000000acf      0x126 ../Lab6_Part2_APP_bsp/\libhal_bsp.a(alt_sys_init.o)
 .debug_line    0x0000000000000bf5      0x112 ../Lab6_Part2_APP_bsp/\libhal_bsp.a(altera_avalon_jtag_uart_fd.o)
 .debug_line    0x0000000000000d07       0xfd ../Lab6_Part2_APP_bsp/\libhal_bsp.a(altera_avalon_jtag_uart_read.o)
 .debug_line    0x0000000000000e04       0xf4 ../Lab6_Part2_APP_bsp/\libhal_bsp.a(altera_avalon_jtag_uart_write.o)
 .debug_line    0x0000000000000ef8      0x160 ../Lab6_Part2_APP_bsp/\libhal_bsp.a(alt_close.o)
 .debug_line    0x0000000000001058       0x51 ../Lab6_Part2_APP_bsp/\libhal_bsp.a(alt_dcache_flush_all.o)
 .debug_line    0x00000000000010a9       0xf3 ../Lab6_Part2_APP_bsp/\libhal_bsp.a(alt_dev.o)
 .debug_line    0x000000000000119c       0xcf ../Lab6_Part2_APP_bsp/\libhal_bsp.a(alt_dev_llist_insert.o)
 .debug_line    0x000000000000126b       0x59 ../Lab6_Part2_APP_bsp/\libhal_bsp.a(alt_do_ctors.o)
 .debug_line    0x00000000000012c4       0x59 ../Lab6_Part2_APP_bsp/\libhal_bsp.a(alt_do_dtors.o)
 .debug_line    0x000000000000131d       0x51 ../Lab6_Part2_APP_bsp/\libhal_bsp.a(alt_errno.o)
 .debug_line    0x000000000000136e       0xb3 ../Lab6_Part2_APP_bsp/\libhal_bsp.a(alt_exception_entry.o)
 .debug_line    0x0000000000001421       0x4f ../Lab6_Part2_APP_bsp/\libhal_bsp.a(alt_icache_flush_all.o)
 .debug_line    0x0000000000001470       0xb9 ../Lab6_Part2_APP_bsp/\libhal_bsp.a(alt_instruction_exception_entry.o)
 .debug_line    0x0000000000001529      0x130 ../Lab6_Part2_APP_bsp/\libhal_bsp.a(alt_io_redirect.o)
 .debug_line    0x0000000000001659      0x12b ../Lab6_Part2_APP_bsp/\libhal_bsp.a(alt_open.o)
 .debug_line    0x0000000000001784       0xb0 ../Lab6_Part2_APP_bsp/\libhal_bsp.a(alt_release_fd.o)
 .debug_line    0x0000000000001834       0x51 ../Lab6_Part2_APP_bsp/\libhal_bsp.a(altera_nios2_gen2_irq.o)
 .debug_line    0x0000000000001885       0xb5 ../Lab6_Part2_APP_bsp/\libhal_bsp.a(alt_find_dev.o)
 .debug_line    0x000000000000193a       0xd1 ../Lab6_Part2_APP_bsp/\libhal_bsp.a(alt_find_file.o)
 .debug_line    0x0000000000001a0b       0xd7 ../Lab6_Part2_APP_bsp/\libhal_bsp.a(alt_get_fd.o)
 .debug_line    0x0000000000001ae2       0xe7 c:/intelfpga/18.1/nios2eds/bin/gnu/h-x86_64-mingw32/bin/../lib/gcc/nios2-elf/5.3.0/../../../../../H-x86_64-mingw32/nios2-elf/lib/mno-hw-mul\libsmallc.a(lib_a-atexit.o)
 .debug_line    0x0000000000001bc9       0x5f c:/intelfpga/18.1/nios2eds/bin/gnu/h-x86_64-mingw32/bin/../lib/gcc/nios2-elf/5.3.0/../../../../../H-x86_64-mingw32/nios2-elf/lib/mno-hw-mul\libsmallc.a(lib_a-int_errno.o)
 .debug_line    0x0000000000001c28      0x160 c:/intelfpga/18.1/nios2eds/bin/gnu/h-x86_64-mingw32/bin/../lib/gcc/nios2-elf/5.3.0/../../../../../H-x86_64-mingw32/nios2-elf/lib/mno-hw-mul\libsmallc.a(lib_a-memcmp.o)
 .debug_line    0x0000000000001d88      0x15c c:/intelfpga/18.1/nios2eds/bin/gnu/h-x86_64-mingw32/bin/../lib/gcc/nios2-elf/5.3.0/../../../../../H-x86_64-mingw32/nios2-elf/lib/mno-hw-mul\libsmallc.a(lib_a-strlen.o)
 .debug_line    0x0000000000001ee4      0x20d c:/intelfpga/18.1/nios2eds/bin/gnu/h-x86_64-mingw32/bin/../lib/gcc/nios2-elf/5.3.0/../../../../../H-x86_64-mingw32/nios2-elf/lib/mno-hw-mul\libsmallc.a(lib_a-__atexit.o)
 .debug_line    0x00000000000020f1       0x80 c:/intelfpga/18.1/nios2eds/bin/gnu/h-x86_64-mingw32/bin/../lib/gcc/nios2-elf/5.3.0/mno-hw-mul\libgcc.a(lib2-mul.o)

.debug_frame    0x0000000000000000      0x920
 *(.debug_frame)
 .debug_frame   0x0000000000000000       0x90 obj/default/Lab6_Part2.o
 .debug_frame   0x0000000000000090       0x28 c:/intelfpga/18.1/nios2eds/bin/gnu/h-x86_64-mingw32/bin/../lib/gcc/nios2-elf/5.3.0/../../../../../H-x86_64-mingw32/nios2-elf/lib/mno-hw-mul\libsmallc.a(lib_a-exit.o)
 .debug_frame   0x00000000000000b8       0x54 c:/intelfpga/18.1/nios2eds/bin/gnu/h-x86_64-mingw32/bin/../lib/gcc/nios2-elf/5.3.0/../../../../../H-x86_64-mingw32/nios2-elf/lib/mno-hw-mul\libsmallc.a(lib_a-__call_atexit.o)
 .debug_frame   0x000000000000010c       0x2c ../Lab6_Part2_APP_bsp/\libhal_bsp.a(alt_exit.o)
 .debug_frame   0x0000000000000138       0xa4 ../Lab6_Part2_APP_bsp/\libhal_bsp.a(alt_iic.o)
 .debug_frame   0x00000000000001dc       0x38 ../Lab6_Part2_APP_bsp/\libhal_bsp.a(alt_iic_isr_register.o)
 .debug_frame   0x0000000000000214       0x38 ../Lab6_Part2_APP_bsp/\libhal_bsp.a(alt_irq_handler.o)
 .debug_frame   0x000000000000024c       0x5c ../Lab6_Part2_APP_bsp/\libhal_bsp.a(alt_load.o)
 .debug_frame   0x00000000000002a8       0x2c ../Lab6_Part2_APP_bsp/\libhal_bsp.a(alt_main.o)
 .debug_frame   0x00000000000002d4       0x88 ../Lab6_Part2_APP_bsp/\libhal_bsp.a(alt_sys_init.o)
 .debug_frame   0x000000000000035c       0x60 ../Lab6_Part2_APP_bsp/\libhal_bsp.a(altera_avalon_jtag_uart_fd.o)
 .debug_frame   0x00000000000003bc       0x34 ../Lab6_Part2_APP_bsp/\libhal_bsp.a(altera_avalon_jtag_uart_read.o)
 .debug_frame   0x00000000000003f0       0x34 ../Lab6_Part2_APP_bsp/\libhal_bsp.a(altera_avalon_jtag_uart_write.o)
 .debug_frame   0x0000000000000424       0x60 ../Lab6_Part2_APP_bsp/\libhal_bsp.a(alt_close.o)
 .debug_frame   0x0000000000000484       0x34 ../Lab6_Part2_APP_bsp/\libhal_bsp.a(alt_dcache_flush_all.o)
 .debug_frame   0x00000000000004b8       0x34 ../Lab6_Part2_APP_bsp/\libhal_bsp.a(alt_dev.o)
 .debug_frame   0x00000000000004ec       0x60 ../Lab6_Part2_APP_bsp/\libhal_bsp.a(alt_dev_llist_insert.o)
 .debug_frame   0x000000000000054c       0x38 ../Lab6_Part2_APP_bsp/\libhal_bsp.a(alt_do_ctors.o)
 .debug_frame   0x0000000000000584       0x38 ../Lab6_Part2_APP_bsp/\libhal_bsp.a(alt_do_dtors.o)
 .debug_frame   0x00000000000005bc       0x34 ../Lab6_Part2_APP_bsp/\libhal_bsp.a(alt_icache_flush_all.o)
 .debug_frame   0x00000000000005f0       0x5c ../Lab6_Part2_APP_bsp/\libhal_bsp.a(alt_instruction_exception_entry.o)
 .debug_frame   0x000000000000064c       0x64 ../Lab6_Part2_APP_bsp/\libhal_bsp.a(alt_io_redirect.o)
 .debug_frame   0x00000000000006b0       0x8c ../Lab6_Part2_APP_bsp/\libhal_bsp.a(alt_open.o)
 .debug_frame   0x000000000000073c       0x3c ../Lab6_Part2_APP_bsp/\libhal_bsp.a(alt_release_fd.o)
 .debug_frame   0x0000000000000778       0x34 ../Lab6_Part2_APP_bsp/\libhal_bsp.a(altera_nios2_gen2_irq.o)
 .debug_frame   0x00000000000007ac       0x38 ../Lab6_Part2_APP_bsp/\libhal_bsp.a(alt_find_dev.o)
 .debug_frame   0x00000000000007e4       0x38 ../Lab6_Part2_APP_bsp/\libhal_bsp.a(alt_find_file.o)
 .debug_frame   0x000000000000081c       0x3c ../Lab6_Part2_APP_bsp/\libhal_bsp.a(alt_get_fd.o)
 .debug_frame   0x0000000000000858       0x20 c:/intelfpga/18.1/nios2eds/bin/gnu/h-x86_64-mingw32/bin/../lib/gcc/nios2-elf/5.3.0/../../../../../H-x86_64-mingw32/nios2-elf/lib/mno-hw-mul\libsmallc.a(lib_a-atexit.o)
 .debug_frame   0x0000000000000878       0x20 c:/intelfpga/18.1/nios2eds/bin/gnu/h-x86_64-mingw32/bin/../lib/gcc/nios2-elf/5.3.0/../../../../../H-x86_64-mingw32/nios2-elf/lib/mno-hw-mul\libsmallc.a(lib_a-memcmp.o)
 .debug_frame   0x0000000000000898       0x20 c:/intelfpga/18.1/nios2eds/bin/gnu/h-x86_64-mingw32/bin/../lib/gcc/nios2-elf/5.3.0/../../../../../H-x86_64-mingw32/nios2-elf/lib/mno-hw-mul\libsmallc.a(lib_a-strlen.o)
 .debug_frame   0x00000000000008b8       0x48 c:/intelfpga/18.1/nios2eds/bin/gnu/h-x86_64-mingw32/bin/../lib/gcc/nios2-elf/5.3.0/../../../../../H-x86_64-mingw32/nios2-elf/lib/mno-hw-mul\libsmallc.a(lib_a-__atexit.o)
 .debug_frame   0x0000000000000900       0x20 c:/intelfpga/18.1/nios2eds/bin/gnu/h-x86_64-mingw32/bin/../lib/gcc/nios2-elf/5.3.0/mno-hw-mul\libgcc.a(lib2-mul.o)

.debug_str      0x0000000000000000     0x1851
 *(.debug_str)
 .debug_str     0x0000000000000000      0x159 obj/default/Lab6_Part2.o
                                        0x19f (size before relaxing)
 .debug_str     0x0000000000000159      0x142 c:/intelfpga/18.1/nios2eds/bin/gnu/h-x86_64-mingw32/bin/../lib/gcc/nios2-elf/5.3.0/../../../../../H-x86_64-mingw32/nios2-elf/lib/mno-hw-mul\libsmallc.a(lib_a-exit.o)
                                        0x1f0 (size before relaxing)
 .debug_str     0x000000000000029b      0x30b c:/intelfpga/18.1/nios2eds/bin/gnu/h-x86_64-mingw32/bin/../lib/gcc/nios2-elf/5.3.0/../../../../../H-x86_64-mingw32/nios2-elf/lib/mno-hw-mul\libsmallc.a(lib_a-__call_atexit.o)
                                        0x4eb (size before relaxing)
 .debug_str     0x00000000000005a6       0xdc c:/intelfpga/18.1/nios2eds/bin/gnu/h-x86_64-mingw32/bin/../lib/gcc/nios2-elf/5.3.0/../../../../../H-x86_64-mingw32/nios2-elf/lib/mno-hw-mul\libsmallc.a(lib_a-impure.o)
                                        0x4be (size before relaxing)
 .debug_str     0x0000000000000682       0x5f ../Lab6_Part2_APP_bsp/\libhal_bsp.a(alt_exit.o)
                                        0x14c (size before relaxing)
 .debug_str     0x00000000000006e1      0x103 ../Lab6_Part2_APP_bsp/\libhal_bsp.a(alt_iic.o)
                                        0x239 (size before relaxing)
 .debug_str     0x00000000000007e4       0x4c ../Lab6_Part2_APP_bsp/\libhal_bsp.a(alt_iic_isr_register.o)
                                        0x1e3 (size before relaxing)
 .debug_str     0x0000000000000830       0x3a ../Lab6_Part2_APP_bsp/\libhal_bsp.a(alt_irq_handler.o)
                                        0x192 (size before relaxing)
 .debug_str     0x000000000000086a       0x17 ../Lab6_Part2_APP_bsp/\libhal_bsp.a(alt_irq_vars.o)
                                        0x135 (size before relaxing)
 .debug_str     0x0000000000000881       0xe9 ../Lab6_Part2_APP_bsp/\libhal_bsp.a(alt_load.o)
                                        0x20d (size before relaxing)
 .debug_str     0x000000000000096a       0x70 ../Lab6_Part2_APP_bsp/\libhal_bsp.a(alt_main.o)
                                        0x198 (size before relaxing)
 .debug_str     0x00000000000009da      0x15e ../Lab6_Part2_APP_bsp/\libhal_bsp.a(alt_sys_init.o)
                                        0x2cf (size before relaxing)
 .debug_str     0x0000000000000b38       0x77 ../Lab6_Part2_APP_bsp/\libhal_bsp.a(altera_avalon_jtag_uart_fd.o)
                                        0x2d0 (size before relaxing)
 .debug_str     0x0000000000000baf       0x48 ../Lab6_Part2_APP_bsp/\libhal_bsp.a(altera_avalon_jtag_uart_read.o)
                                        0x21a (size before relaxing)
 .debug_str     0x0000000000000bf7       0x4a ../Lab6_Part2_APP_bsp/\libhal_bsp.a(altera_avalon_jtag_uart_write.o)
                                        0x210 (size before relaxing)
 .debug_str     0x0000000000000c41       0x44 ../Lab6_Part2_APP_bsp/\libhal_bsp.a(alt_close.o)
                                        0x206 (size before relaxing)
 .debug_str     0x0000000000000c85       0x34 ../Lab6_Part2_APP_bsp/\libhal_bsp.a(alt_dcache_flush_all.o)
                                        0x150 (size before relaxing)
 .debug_str     0x0000000000000cb9      0x118 ../Lab6_Part2_APP_bsp/\libhal_bsp.a(alt_dev.o)
                                        0x300 (size before relaxing)
 .debug_str     0x0000000000000dd1       0x45 ../Lab6_Part2_APP_bsp/\libhal_bsp.a(alt_dev_llist_insert.o)
                                        0x1c7 (size before relaxing)
 .debug_str     0x0000000000000e16       0x48 ../Lab6_Part2_APP_bsp/\libhal_bsp.a(alt_do_ctors.o)
                                         0xcb (size before relaxing)
 .debug_str     0x0000000000000e5e       0x4c ../Lab6_Part2_APP_bsp/\libhal_bsp.a(alt_do_dtors.o)
                                         0xca (size before relaxing)
 .debug_str     0x0000000000000eaa       0x14 ../Lab6_Part2_APP_bsp/\libhal_bsp.a(alt_errno.o)
                                        0x140 (size before relaxing)
 .debug_str     0x0000000000000ebe       0x34 ../Lab6_Part2_APP_bsp/\libhal_bsp.a(alt_icache_flush_all.o)
                                        0x150 (size before relaxing)
 .debug_str     0x0000000000000ef2      0x48b ../Lab6_Part2_APP_bsp/\libhal_bsp.a(alt_instruction_exception_entry.o)
                                        0x59b (size before relaxing)
 .debug_str     0x000000000000137d       0x56 ../Lab6_Part2_APP_bsp/\libhal_bsp.a(alt_io_redirect.o)
                                        0x311 (size before relaxing)
 .debug_str     0x00000000000013d3       0x2f ../Lab6_Part2_APP_bsp/\libhal_bsp.a(alt_open.o)
                                        0x246 (size before relaxing)
 .debug_str     0x0000000000001402       0x28 ../Lab6_Part2_APP_bsp/\libhal_bsp.a(alt_release_fd.o)
                                        0x1ce (size before relaxing)
 .debug_str     0x000000000000142a       0x3b ../Lab6_Part2_APP_bsp/\libhal_bsp.a(altera_nios2_gen2_irq.o)
                                        0x157 (size before relaxing)
 .debug_str     0x0000000000001465       0x24 ../Lab6_Part2_APP_bsp/\libhal_bsp.a(alt_find_dev.o)
                                        0x1e7 (size before relaxing)
 .debug_str     0x0000000000001489       0x26 ../Lab6_Part2_APP_bsp/\libhal_bsp.a(alt_find_file.o)
                                        0x1f5 (size before relaxing)
 .debug_str     0x00000000000014af       0x30 ../Lab6_Part2_APP_bsp/\libhal_bsp.a(alt_get_fd.o)
                                        0x217 (size before relaxing)
 .debug_str     0x00000000000014df       0x81 c:/intelfpga/18.1/nios2eds/bin/gnu/h-x86_64-mingw32/bin/../lib/gcc/nios2-elf/5.3.0/../../../../../H-x86_64-mingw32/nios2-elf/lib/mno-hw-mul\libsmallc.a(lib_a-atexit.o)
                                        0x21c (size before relaxing)
 .debug_str     0x0000000000001560       0x3f c:/intelfpga/18.1/nios2eds/bin/gnu/h-x86_64-mingw32/bin/../lib/gcc/nios2-elf/5.3.0/../../../../../H-x86_64-mingw32/nios2-elf/lib/mno-hw-mul\libsmallc.a(lib_a-int_errno.o)
                                        0x1d8 (size before relaxing)
 .debug_str     0x000000000000159f       0xe0 c:/intelfpga/18.1/nios2eds/bin/gnu/h-x86_64-mingw32/bin/../lib/gcc/nios2-elf/5.3.0/../../../../../H-x86_64-mingw32/nios2-elf/lib/mno-hw-mul\libsmallc.a(lib_a-memcmp.o)
                                        0x1df (size before relaxing)
 .debug_str     0x000000000000167f       0x44 c:/intelfpga/18.1/nios2eds/bin/gnu/h-x86_64-mingw32/bin/../lib/gcc/nios2-elf/5.3.0/../../../../../H-x86_64-mingw32/nios2-elf/lib/mno-hw-mul\libsmallc.a(lib_a-strlen.o)
                                        0x1e5 (size before relaxing)
 .debug_str     0x00000000000016c3       0x46 c:/intelfpga/18.1/nios2eds/bin/gnu/h-x86_64-mingw32/bin/../lib/gcc/nios2-elf/5.3.0/../../../../../H-x86_64-mingw32/nios2-elf/lib/mno-hw-mul\libsmallc.a(lib_a-__atexit.o)
                                        0x4ff (size before relaxing)
 .debug_str     0x0000000000001709      0x148 c:/intelfpga/18.1/nios2eds/bin/gnu/h-x86_64-mingw32/bin/../lib/gcc/nios2-elf/5.3.0/mno-hw-mul\libgcc.a(lib2-mul.o)
                                        0x193 (size before relaxing)

.debug_loc      0x0000000000000000      0x4a6
 *(.debug_loc)
 .debug_loc     0x0000000000000000       0x1e c:/intelfpga/18.1/nios2eds/bin/gnu/h-x86_64-mingw32/bin/../lib/gcc/nios2-elf/5.3.0/../../../../../H-x86_64-mingw32/nios2-elf/lib/mno-hw-mul\libsmallc.a(lib_a-exit.o)
 .debug_loc     0x000000000000001e      0x157 c:/intelfpga/18.1/nios2eds/bin/gnu/h-x86_64-mingw32/bin/../lib/gcc/nios2-elf/5.3.0/../../../../../H-x86_64-mingw32/nios2-elf/lib/mno-hw-mul\libsmallc.a(lib_a-__call_atexit.o)
 .debug_loc     0x0000000000000175       0x2c c:/intelfpga/18.1/nios2eds/bin/gnu/h-x86_64-mingw32/bin/../lib/gcc/nios2-elf/5.3.0/../../../../../H-x86_64-mingw32/nios2-elf/lib/mno-hw-mul\libsmallc.a(lib_a-atexit.o)
 .debug_loc     0x00000000000001a1       0x94 c:/intelfpga/18.1/nios2eds/bin/gnu/h-x86_64-mingw32/bin/../lib/gcc/nios2-elf/5.3.0/../../../../../H-x86_64-mingw32/nios2-elf/lib/mno-hw-mul\libsmallc.a(lib_a-memcmp.o)
 .debug_loc     0x0000000000000235       0x1e c:/intelfpga/18.1/nios2eds/bin/gnu/h-x86_64-mingw32/bin/../lib/gcc/nios2-elf/5.3.0/../../../../../H-x86_64-mingw32/nios2-elf/lib/mno-hw-mul\libsmallc.a(lib_a-strlen.o)
 .debug_loc     0x0000000000000253      0x1c0 c:/intelfpga/18.1/nios2eds/bin/gnu/h-x86_64-mingw32/bin/../lib/gcc/nios2-elf/5.3.0/../../../../../H-x86_64-mingw32/nios2-elf/lib/mno-hw-mul\libsmallc.a(lib_a-__atexit.o)
 .debug_loc     0x0000000000000413       0x93 c:/intelfpga/18.1/nios2eds/bin/gnu/h-x86_64-mingw32/bin/../lib/gcc/nios2-elf/5.3.0/mno-hw-mul\libgcc.a(lib2-mul.o)

.debug_macinfo
 *(.debug_macinfo)

.debug_weaknames
 *(.debug_weaknames)

.debug_funcnames
 *(.debug_funcnames)

.debug_typenames
 *(.debug_typenames)

.debug_varnames
 *(.debug_varnames)

.debug_alt_sim_info
                0x0000000000000000       0x10
 *(.debug_alt_sim_info)
 .debug_alt_sim_info
                0x0000000000000000       0x10 ../Lab6_Part2_APP_bsp//obj/HAL/src/crt0.o
                0x0000000000008000                __alt_data_end = 0x8000
                0x0000000000008000                PROVIDE (__alt_stack_pointer, __alt_data_end)
                [!provide]                        PROVIDE (__alt_stack_limit, __alt_stack_base)
                [!provide]                        PROVIDE (__alt_heap_start, end)
                [!provide]                        PROVIDE (__alt_heap_limit, 0x8000)
OUTPUT(Lab6_Part2_APP.elf elf32-littlenios2)

.debug_ranges   0x0000000000000000      0x130
 .debug_ranges  0x0000000000000000       0x20 ../Lab6_Part2_APP_bsp//obj/HAL/src/crt0.o
 .debug_ranges  0x0000000000000020       0x10 c:/intelfpga/18.1/nios2eds/bin/gnu/h-x86_64-mingw32/bin/../lib/gcc/nios2-elf/5.3.0/../../../../../H-x86_64-mingw32/nios2-elf/lib/mno-hw-mul\libsmallc.a(lib_a-exit.o)
 .debug_ranges  0x0000000000000030       0x28 c:/intelfpga/18.1/nios2eds/bin/gnu/h-x86_64-mingw32/bin/../lib/gcc/nios2-elf/5.3.0/../../../../../H-x86_64-mingw32/nios2-elf/lib/mno-hw-mul\libsmallc.a(lib_a-__call_atexit.o)
 .debug_ranges  0x0000000000000058       0x28 ../Lab6_Part2_APP_bsp/\libhal_bsp.a(alt_irq_entry.o)
 .debug_ranges  0x0000000000000080       0x10 ../Lab6_Part2_APP_bsp/\libhal_bsp.a(alt_irq_handler.o)
 .debug_ranges  0x0000000000000090       0x18 ../Lab6_Part2_APP_bsp/\libhal_bsp.a(altera_avalon_jtag_uart_read.o)
 .debug_ranges  0x00000000000000a8       0x30 ../Lab6_Part2_APP_bsp/\libhal_bsp.a(alt_exception_entry.o)
 .debug_ranges  0x00000000000000d8       0x18 ../Lab6_Part2_APP_bsp/\libhal_bsp.a(alt_instruction_exception_entry.o)
 .debug_ranges  0x00000000000000f0       0x10 c:/intelfpga/18.1/nios2eds/bin/gnu/h-x86_64-mingw32/bin/../lib/gcc/nios2-elf/5.3.0/../../../../../H-x86_64-mingw32/nios2-elf/lib/mno-hw-mul\libsmallc.a(lib_a-atexit.o)
 .debug_ranges  0x0000000000000100       0x10 c:/intelfpga/18.1/nios2eds/bin/gnu/h-x86_64-mingw32/bin/../lib/gcc/nios2-elf/5.3.0/../../../../../H-x86_64-mingw32/nios2-elf/lib/mno-hw-mul\libsmallc.a(lib_a-memcmp.o)
 .debug_ranges  0x0000000000000110       0x10 c:/intelfpga/18.1/nios2eds/bin/gnu/h-x86_64-mingw32/bin/../lib/gcc/nios2-elf/5.3.0/../../../../../H-x86_64-mingw32/nios2-elf/lib/mno-hw-mul\libsmallc.a(lib_a-strlen.o)
 .debug_ranges  0x0000000000000120       0x10 c:/intelfpga/18.1/nios2eds/bin/gnu/h-x86_64-mingw32/bin/../lib/gcc/nios2-elf/5.3.0/../../../../../H-x86_64-mingw32/nios2-elf/lib/mno-hw-mul\libsmallc.a(lib_a-__atexit.o)
