Archive member included to satisfy reference by file (symbol)

c:/intelfpga/18.1/nios2eds/bin/gnu/h-x86_64-mingw32/bin/../lib/gcc/nios2-elf/5.3.0/../../../../../H-x86_64-mingw32/nios2-elf/lib/mno-hw-mul\libsmallc.a(lib_a-exit.o)
                              obj/default/Lab7.o (exit)
c:/intelfpga/18.1/nios2eds/bin/gnu/h-x86_64-mingw32/bin/../lib/gcc/nios2-elf/5.3.0/../../../../../H-x86_64-mingw32/nios2-elf/lib/mno-hw-mul\libsmallc.a(lib_a-printf.o)
                              obj/default/Lab7.o (printf)
c:/intelfpga/18.1/nios2eds/bin/gnu/h-x86_64-mingw32/bin/../lib/gcc/nios2-elf/5.3.0/../../../../../H-x86_64-mingw32/nios2-elf/lib/mno-hw-mul\libsmallc.a(lib_a-puts.o)
                              obj/default/Lab7.o (puts)
c:/intelfpga/18.1/nios2eds/bin/gnu/h-x86_64-mingw32/bin/../lib/gcc/nios2-elf/5.3.0/../../../../../H-x86_64-mingw32/nios2-elf/lib/mno-hw-mul\libsmallc.a(lib_a-strlen.o)
                              c:/intelfpga/18.1/nios2eds/bin/gnu/h-x86_64-mingw32/bin/../lib/gcc/nios2-elf/5.3.0/../../../../../H-x86_64-mingw32/nios2-elf/lib/mno-hw-mul\libsmallc.a(lib_a-puts.o) (strlen)
c:/intelfpga/18.1/nios2eds/bin/gnu/h-x86_64-mingw32/bin/../lib/gcc/nios2-elf/5.3.0/../../../../../H-x86_64-mingw32/nios2-elf/lib/mno-hw-mul\libsmallc.a(lib_a-vfprintf.o)
                              c:/intelfpga/18.1/nios2eds/bin/gnu/h-x86_64-mingw32/bin/../lib/gcc/nios2-elf/5.3.0/../../../../../H-x86_64-mingw32/nios2-elf/lib/mno-hw-mul\libsmallc.a(lib_a-printf.o) (___vfprintf_internal_r)
c:/intelfpga/18.1/nios2eds/bin/gnu/h-x86_64-mingw32/bin/../lib/gcc/nios2-elf/5.3.0/../../../../../H-x86_64-mingw32/nios2-elf/lib/mno-hw-mul\libsmallc.a(lib_a-__call_atexit.o)
                              c:/intelfpga/18.1/nios2eds/bin/gnu/h-x86_64-mingw32/bin/../lib/gcc/nios2-elf/5.3.0/../../../../../H-x86_64-mingw32/nios2-elf/lib/mno-hw-mul\libsmallc.a(lib_a-exit.o) (__call_exitprocs)
c:/intelfpga/18.1/nios2eds/bin/gnu/h-x86_64-mingw32/bin/../lib/gcc/nios2-elf/5.3.0/../../../../../H-x86_64-mingw32/nios2-elf/lib/mno-hw-mul\libsmallc.a(lib_a-fvwrite_small_dev.o)
                              c:/intelfpga/18.1/nios2eds/bin/gnu/h-x86_64-mingw32/bin/../lib/gcc/nios2-elf/5.3.0/../../../../../H-x86_64-mingw32/nios2-elf/lib/mno-hw-mul\libsmallc.a(lib_a-printf.o) (__sfvwrite_small_dev)
c:/intelfpga/18.1/nios2eds/bin/gnu/h-x86_64-mingw32/bin/../lib/gcc/nios2-elf/5.3.0/../../../../../H-x86_64-mingw32/nios2-elf/lib/mno-hw-mul\libsmallc.a(lib_a-impure.o)
                              c:/intelfpga/18.1/nios2eds/bin/gnu/h-x86_64-mingw32/bin/../lib/gcc/nios2-elf/5.3.0/../../../../../H-x86_64-mingw32/nios2-elf/lib/mno-hw-mul\libsmallc.a(lib_a-__call_atexit.o) (_global_impure_ptr)
c:/intelfpga/18.1/nios2eds/bin/gnu/h-x86_64-mingw32/bin/../lib/gcc/nios2-elf/5.3.0/../../../../../H-x86_64-mingw32/nios2-elf/lib/mno-hw-mul\libsmallc.a(lib_a-writer.o)
                              c:/intelfpga/18.1/nios2eds/bin/gnu/h-x86_64-mingw32/bin/../lib/gcc/nios2-elf/5.3.0/../../../../../H-x86_64-mingw32/nios2-elf/lib/mno-hw-mul\libsmallc.a(lib_a-fvwrite_small_dev.o) (_write_r)
c:/intelfpga/18.1/nios2eds/bin/gnu/h-x86_64-mingw32/bin/../lib/gcc/nios2-elf/5.3.0/../../../../../H-x86_64-mingw32/nios2-elf/lib/mno-hw-mul\libsmallc.a(lib_a-int_errno.o)
                              c:/intelfpga/18.1/nios2eds/bin/gnu/h-x86_64-mingw32/bin/../lib/gcc/nios2-elf/5.3.0/../../../../../H-x86_64-mingw32/nios2-elf/lib/mno-hw-mul\libsmallc.a(lib_a-writer.o) (errno)
c:/intelfpga/18.1/nios2eds/bin/gnu/h-x86_64-mingw32/bin/../lib/gcc/nios2-elf/5.3.0/mno-hw-mul\libgcc.a(lib2-divmod.o)
                              c:/intelfpga/18.1/nios2eds/bin/gnu/h-x86_64-mingw32/bin/../lib/gcc/nios2-elf/5.3.0/../../../../../H-x86_64-mingw32/nios2-elf/lib/mno-hw-mul\libsmallc.a(lib_a-vfprintf.o) (__udivsi3)
c:/intelfpga/18.1/nios2eds/bin/gnu/h-x86_64-mingw32/bin/../lib/gcc/nios2-elf/5.3.0/mno-hw-mul\libgcc.a(lib2-mul.o)
                              c:/intelfpga/18.1/nios2eds/bin/gnu/h-x86_64-mingw32/bin/../lib/gcc/nios2-elf/5.3.0/../../../../../H-x86_64-mingw32/nios2-elf/lib/mno-hw-mul\libsmallc.a(lib_a-vfprintf.o) (__mulsi3)
../Lab7_bsp/\libhal_bsp.a(alt_exit.o)
                              c:/intelfpga/18.1/nios2eds/bin/gnu/h-x86_64-mingw32/bin/../lib/gcc/nios2-elf/5.3.0/../../../../../H-x86_64-mingw32/nios2-elf/lib/mno-hw-mul\libsmallc.a(lib_a-exit.o) (_exit)
../Lab7_bsp/\libhal_bsp.a(alt_iic.o)
                              obj/default/Lab7.o (alt_ic_isr_register)
../Lab7_bsp/\libhal_bsp.a(alt_iic_isr_register.o)
                              ../Lab7_bsp/\libhal_bsp.a(alt_iic.o) (alt_iic_isr_register)
../Lab7_bsp/\libhal_bsp.a(alt_irq_entry.o)
                              ../Lab7_bsp/\libhal_bsp.a(alt_iic_isr_register.o) (alt_irq_entry)
../Lab7_bsp/\libhal_bsp.a(alt_irq_handler.o)
                              ../Lab7_bsp/\libhal_bsp.a(alt_iic_isr_register.o) (alt_irq)
../Lab7_bsp/\libhal_bsp.a(alt_irq_vars.o)
                              ../Lab7_bsp/\libhal_bsp.a(alt_iic.o) (alt_irq_active)
[...]
Memory Configuration

Name             Origin             Length             Attributes
reset            0x0000000000004000 0x0000000000000020
onchip_memory2_0 0x0000000000004020 0x0000000000003fe0
*default*        0x0000000000000000 0xffffffffffffffff

Linker script and memory map

LOAD ../Lab7_bsp//obj/HAL/src/crt0.o
LOAD obj/default/Lab7.o
LOAD c:/intelfpga/18.1/nios2eds/bin/gnu/h-x86_64-mingw32/bin/../lib/gcc/nios2-elf/5.3.0/../../../../../H-x86_64-mingw32/nios2-elf/lib/mno-hw-mul\libstdc++.a
LOAD c:/intelfpga/18.1/nios2eds/bin/gnu/h-x86_64-mingw32/bin/../lib/gcc/nios2-elf/5.3.0/../../../../../H-x86_64-mingw32/nios2-elf/lib/mno-hw-mul\libm.a
LOAD c:/intelfpga/18.1/nios2eds/bin/gnu/h-x86_64-mingw32/bin/../lib/gcc/nios2-elf/5.3.0/mno-hw-mul\libgcc.a
START GROUP
LOAD c:/intelfpga/18.1/nios2eds/bin/gnu/h-x86_64-mingw32/bin/../lib/gcc/nios2-elf/5.3.0/../../../../../H-x86_64-mingw32/nios2-elf/lib/mno-hw-mul\libsmallc.a
LOAD c:/intelfpga/18.1/nios2eds/bin/gnu/h-x86_64-mingw32/bin/../lib/gcc/nios2-elf/5.3.0/mno-hw-mul\libgcc.a
LOAD ../Lab7_bsp/\libhal_bsp.a
LOAD c:/intelfpga/18.1/nios2eds/bin/gnu/h-x86_64-mingw32/bin/../lib/gcc/nios2-elf/5.3.0/../../../../../H-x86_64-mingw32/nios2-elf/lib/mno-hw-mul\libm.a
END GROUP
LOAD c:/intelfpga/18.1/nios2eds/bin/gnu/h-x86_64-mingw32/bin/../lib/gcc/nios2-elf/5.3.0/mno-hw-mul\libgcc.a
                0x0000000000004000                __alt_mem_onchip_memory2_0 = 0x4000

.entry          0x0000000000004000       0x20
 *(.entry)
 .entry         0x0000000000004000       0x20 ../Lab7_bsp//obj/HAL/src/crt0.o
                0x0000000000004000                __reset

.exceptions     0x0000000000004020      0x210
                0x0000000000004020                PROVIDE (__ram_exceptions_start, ABSOLUTE (.))
                0x0000000000004020                . = ALIGN (0x20)
 *(.irq)
 *(.exceptions.entry.label)
 .exceptions.entry.label
                0x0000000000004020        0x0 ../Lab7_bsp/\libhal_bsp.a(alt_irq_entry.o)
                0x0000000000004020                alt_irq_entry
 .exceptions.entry.label
                0x0000000000004020        0x0 ../Lab7_bsp/\libhal_bsp.a(alt_exception_entry.o)
                0x0000000000004020                alt_exception
 *(.exceptions.entry.user)
 *(.exceptions.entry.ecc_fatal)
 *(.exceptions.entry)
 .exceptions.entry
                0x0000000000004020       0x54 ../Lab7_bsp/\libhal_bsp.a(alt_exception_entry.o)
 *(.exceptions.irqtest.user)
 *(.exceptions.irqtest)
 .exceptions.irqtest
                0x0000000000004074       0x10 ../Lab7_bsp/\libhal_bsp.a(alt_irq_entry.o)
 *(.exceptions.irqhandler.user)
 *(.exceptions.irqhandler)
 .exceptions.irqhandler
                0x0000000000004084        0x4 ../Lab7_bsp/\libhal_bsp.a(alt_irq_entry.o)
 *(.exceptions.irqreturn.user)
 *(.exceptions.irqreturn)
 .exceptions.irqreturn
                0x0000000000004088        0x4 ../Lab7_bsp/\libhal_bsp.a(alt_irq_entry.o)
 *(.exceptions.notirq.label)
 .exceptions.notirq.label
                0x000000000000408c        0x0 ../Lab7_bsp/\libhal_bsp.a(alt_irq_entry.o)
 *(.exceptions.notirq.user)
 *(.exceptions.notirq)
 .exceptions.notirq
                0x000000000000408c        0x8 ../Lab7_bsp/\libhal_bsp.a(alt_exception_entry.o)
 *(.exceptions.soft.user)
 *(.exceptions.soft)
 *(.exceptions.unknown.user)
 *(.exceptions.unknown)
 .exceptions.unknown
                0x0000000000004094       0x14 ../Lab7_bsp/\libhal_bsp.a(alt_exception_entry.o)
 *(.exceptions.exit.label)
 .exceptions.exit.label
                0x00000000000040a8        0x0 ../Lab7_bsp/\libhal_bsp.a(alt_irq_entry.o)
 .exceptions.exit.label
                0x00000000000040a8        0x0 ../Lab7_bsp/\libhal_bsp.a(alt_exception_entry.o)
 *(.exceptions.exit.user)
 *(.exceptions.exit)
 .exceptions.exit
                0x00000000000040a8       0x54 ../Lab7_bsp/\libhal_bsp.a(alt_exception_entry.o)
 *(.exceptions)
 .exceptions    0x00000000000040fc       0xd4 ../Lab7_bsp/\libhal_bsp.a(alt_irq_handler.o)
                0x00000000000040fc                alt_irq_handler
 .exceptions    0x00000000000041d0       0x60 ../Lab7_bsp/\libhal_bsp.a(alt_instruction_exception_entry.o)
                0x00000000000041d0                alt_instruction_exception_entry
                0x0000000000004230                PROVIDE (__ram_exceptions_end, ABSOLUTE (.))
                0x0000000000004020                PROVIDE (__flash_exceptions_start, LOADADDR (.exceptions))

.text           0x0000000000004230     0x249c
                [!provide]                        PROVIDE (stext, ABSOLUTE (.))
 *(.interp)
 *(.hash)
 *(.dynsym)
 *(.dynstr)
 *(.gnu.version)
 *(.gnu.version_d)
 *(.gnu.version_r)
 *(.rel.init)
 *(.rela.init)
 *(.rel.text .rel.text.* .rel.gnu.linkonce.t.*)
 *(.rela.text .rela.text.* .rela.gnu.linkonce.t.*)
 *(.rel.fini)
 *(.rela.fini)
 *(.rel.rodata .rel.rodata.* .rel.gnu.linkonce.r.*)
 *(.rela.rodata .rela.rodata.* .rela.gnu.linkonce.r.*)
 *(.rel.data .rel.data.* .rel.gnu.linkonce.d.*)
 *(.rela.data .rela.data.* .rela.gnu.linkonce.d.*)
 *(.rel.tdata .rel.tdata.* .rel.gnu.linkonce.td.*)
 *(.rela.tdata .rela.tdata.* .rela.gnu.linkonce.td.*)
 *(.rel.tbss .rel.tbss.* .rel.gnu.linkonce.tb.*)
 *(.rela.tbss .rela.tbss.* .rela.gnu.linkonce.tb.*)
 *(.rel.ctors)
 *(.rela.ctors)
 *(.rel.dtors)
 *(.rela.dtors)
 *(.rel.got)
 *(.rela.got)
 *(.rel.sdata .rel.sdata.* .rel.gnu.linkonce.s.*)
 *(.rela.sdata .rela.sdata.* .rela.gnu.linkonce.s.*)
 *(.rel.sbss .rel.sbss.* .rel.gnu.linkonce.sb.*)
 *(.rela.sbss .rela.sbss.* .rela.gnu.linkonce.sb.*)
 *(.rel.sdata2 .rel.sdata2.* .rel.gnu.linkonce.s2.*)
 *(.rela.sdata2 .rela.sdata2.* .rela.gnu.linkonce.s2.*)
 *(.rel.sbss2 .rel.sbss2.* .rel.gnu.linkonce.sb2.*)
 *(.rela.sbss2 .rela.sbss2.* .rela.gnu.linkonce.sb2.*)
 *(.rel.bss .rel.bss.* .rel.gnu.linkonce.b.*)
 *(.rela.bss .rela.bss.* .rela.gnu.linkonce.b.*)
 *(.rel.plt)
 *(.rela.plt)
 *(.rel.dyn)
 *(.init)
 *(.plt)
 *(.text .stub .text.* .gnu.linkonce.t.*)
 .text          0x0000000000004230       0x3c ../Lab7_bsp//obj/HAL/src/crt0.o
                0x0000000000004230                _start
 .text          0x000000000000426c      0x440 obj/default/Lab7.o
                0x000000000000426c                RAMTest
                0x000000000000439c                key_isr
                0x00000000000043c4                RAMTest16
                0x00000000000044fc                RAMTest8
                0x000000000000462c                main
 .text          0x00000000000046ac        0x0 c:/intelfpga/18.1/nios2eds/bin/gnu/h-x86_64-mingw32/bin/../lib/gcc/nios2-elf/5.3.0/../../../../../H-x86_64-mingw32/nios2-elf/lib/mno-hw-mul\libsmallc.a(lib_a-exit.o)
 .text.exit     0x00000000000046ac       0x20 c:/intelfpga/18.1/nios2eds/bin/gnu/h-x86_64-mingw32/bin/../lib/gcc/nios2-elf/5.3.0/../../../../../H-x86_64-mingw32/nios2-elf/lib/mno-hw-mul\libsmallc.a(lib_a-exit.o)
                0x00000000000046ac                exit
 .text          0x00000000000046cc        0x0 c:/intelfpga/18.1/nios2eds/bin/gnu/h-x86_64-mingw32/bin/../lib/gcc/nios2-elf/5.3.0/../../../../../H-x86_64-mingw32/nios2-elf/lib/mno-hw-mul\libsmallc.a(lib_a-printf.o)
 .text._printf_r
                0x00000000000046cc       0x3c c:/intelfpga/18.1/nios2eds/bin/gnu/h-x86_64-mingw32/bin/../lib/gcc/nios2-elf/5.3.0/../../../../../H-x86_64-mingw32/nios2-elf/lib/mno-hw-mul\libsmallc.a(lib_a-printf.o)
                0x00000000000046cc                _printf_r
 .text.printf   0x0000000000004708       0x4c c:/intelfpga/18.1/nios2eds/bin/gnu/h-x86_64-mingw32/bin/../lib/gcc/nios2-elf/5.3.0/../../../../../H-x86_64-mingw32/nios2-elf/lib/mno-hw-mul\libsmallc.a(lib_a-printf.o)
                0x0000000000004708                printf
 .text          0x0000000000004754        0x0 c:/intelfpga/18.1/nios2eds/bin/gnu/h-x86_64-mingw32/bin/../lib/gcc/nios2-elf/5.3.0/../../../../../H-x86_64-mingw32/nios2-elf/lib/mno-hw-mul\libsmallc.a(lib_a-puts.o)
 .text._puts_r  0x0000000000004754       0x80 c:/intelfpga/18.1/nios2eds/bin/gnu/h-x86_64-mingw32/bin/../lib/gcc/nios2-elf/5.3.0/../../../../../H-x86_64-mingw32/nios2-elf/lib/mno-hw-mul\libsmallc.a(lib_a-puts.o)
                0x0000000000004754                _puts_r
 .text.puts     0x00000000000047d4       0x14 c:/intelfpga/18.1/nios2eds/bin/gnu/h-x86_64-mingw32/bin/../lib/gcc/nios2-elf/5.3.0/../../../../../H-x86_64-mingw32/nios2-elf/lib/mno-hw-mul\libsmallc.a(lib_a-puts.o)
                0x00000000000047d4                puts
 .text          0x00000000000047e8        0x0 c:/intelfpga/18.1/nios2eds/bin/gnu/h-x86_64-mingw32/bin/../lib/gcc/nios2-elf/5.3.0/../../../../../H-x86_64-mingw32/nios2-elf/lib/mno-hw-mul\libsmallc.a(lib_a-strlen.o)
 .text.strlen   0x00000000000047e8       0x1c c:/intelfpga/18.1/nios2eds/bin/gnu/h-x86_64-mingw32/bin/../lib/gcc/nios2-elf/5.3.0/../../../../../H-x86_64-mingw32/nios2-elf/lib/mno-hw-mul\libsmallc.a(lib_a-strlen.o)
                0x00000000000047e8                strlen
 .text          0x0000000000004804        0x0 c:/intelfpga/18.1/nios2eds/bin/gnu/h-x86_64-mingw32/bin/../lib/gcc/nios2-elf/5.3.0/../../../../../H-x86_64-mingw32/nios2-elf/lib/mno-hw-mul\libsmallc.a(lib_a-vfprintf.o)
 .text.print_repeat
                0x0000000000004804       0x6c c:/intelfpga/18.1/nios2eds/bin/gnu/h-x86_64-mingw32/bin/../lib/gcc/nios2-elf/5.3.0/../../../../../H-x86_64-mingw32/nios2-elf/lib/mno-hw-mul\libsmallc.a(lib_a-vfprintf.o)
 .text.___vfprintf_internal_r
                0x0000000000004870      0x52c c:/intelfpga/18.1/nios2eds/bin/gnu/h-x86_64-mingw32/bin/../lib/gcc/nios2-elf/5.3.0/../../../../../H-x86_64-mingw32/nios2-elf/lib/mno-hw-mul\libsmallc.a(lib_a-vfprintf.o)
                0x0000000000004870                ___vfprintf_internal_r
 .text.__vfprintf_internal
                0x0000000000004d9c       0x1c c:/intelfpga/18.1/nios2eds/bin/gnu/h-x86_64-mingw32/bin/../lib/gcc/nios2-elf/5.3.0/../../../../../H-x86_64-mingw32/nios2-elf/lib/mno-hw-mul\libsmallc.a(lib_a-vfprintf.o)
                0x0000000000004d9c                __vfprintf_internal
 .text          0x0000000000004db8        0x0 c:/intelfpga/18.1/nios2eds/bin/gnu/h-x86_64-mingw32/bin/../lib/gcc/nios2-elf/5.3.0/../../../../../H-x86_64-mingw32/nios2-elf/lib/mno-hw-mul\libsmallc.a(lib_a-__call_atexit.o)
 .text.__call_exitprocs
                0x0000000000004db8      0x190 c:/intelfpga/18.1/nios2eds/bin/gnu/h-x86_64-mingw32/bin/../lib/gcc/nios2-elf/5.3.0/../../../../../H-x86_64-mingw32/nios2-elf/lib/mno-hw-mul\libsmallc.a(lib_a-__call_atexit.o)
                0x0000000000004db8                __call_exitprocs
 .text          0x0000000000004f48        0x0 c:/intelfpga/18.1/nios2eds/bin/gnu/h-x86_64-mingw32/bin/../lib/gcc/nios2-elf/5.3.0/../../../../../H-x86_64-mingw32/nios2-elf/lib/mno-hw-mul\libsmallc.a(lib_a-fvwrite_small_dev.o)
 .text.__sfvwrite_small_dev
                0x0000000000004f48       0xb8 c:/intelfpga/18.1/nios2eds/bin/gnu/h-x86_64-mingw32/bin/../lib/gcc/nios2-elf/5.3.0/../../../../../H-x86_64-mingw32/nios2-elf/lib/mno-hw-mul\libsmallc.a(lib_a-fvwrite_small_dev.o)
                0x0000000000004f48                __sfvwrite_small_dev
 .text          0x0000000000005000        0x0 c:/intelfpga/18.1/nios2eds/bin/gnu/h-x86_64-mingw32/bin/../lib/gcc/nios2-elf/5.3.0/../../../../../H-x86_64-mingw32/nios2-elf/lib/mno-hw-mul\libsmallc.a(lib_a-impure.o)
 .text          0x0000000000005000        0x0 c:/intelfpga/18.1/nios2eds/bin/gnu/h-x86_64-mingw32/bin/../lib/gcc/nios2-elf/5.3.0/../../../../../H-x86_64-mingw32/nios2-elf/lib/mno-hw-mul\libsmallc.a(lib_a-writer.o)
 .text._write_r
                0x0000000000005000       0x58 c:/intelfpga/18.1/nios2eds/bin/gnu/h-x86_64-mingw32/bin/../lib/gcc/nios2-elf/5.3.0/../../../../../H-x86_64-mingw32/nios2-elf/lib/mno-hw-mul\libsmallc.a(lib_a-writer.o)
                0x0000000000005000                _write_r
 .text          0x0000000000005058        0x0 c:/intelfpga/18.1/nios2eds/bin/gnu/h-x86_64-mingw32/bin/../lib/gcc/nios2-elf/5.3.0/../../../../../H-x86_64-mingw32/nios2-elf/lib/mno-hw-mul\libsmallc.a(lib_a-int_errno.o)
 .text          0x0000000000005058      0x1b4 c:/intelfpga/18.1/nios2eds/bin/gnu/h-x86_64-mingw32/bin/../lib/gcc/nios2-elf/5.3.0/mno-hw-mul\libgcc.a(lib2-divmod.o)
                0x0000000000005058                __divsi3
                0x00000000000050dc                __modsi3
                0x0000000000005150                __udivsi3
                0x00000000000051b4                __umodsi3
 .text          0x000000000000520c       0x28 c:/intelfpga/18.1/nios2eds/bin/gnu/h-x86_64-mingw32/bin/../lib/gcc/nios2-elf/5.3.0/mno-hw-mul\libgcc.a(lib2-mul.o)
                0x000000000000520c                __mulsi3
 .text          0x0000000000005234       0x34 ../Lab7_bsp/\libhal_bsp.a(alt_exit.o)
                0x0000000000005234                _exit
 .text          0x0000000000005268      0x1b0 ../Lab7_bsp/\libhal_bsp.a(alt_iic.o)
                0x0000000000005268                alt_ic_isr_register
                0x00000000000052b8                alt_ic_irq_enable
                0x0000000000005340                alt_ic_irq_disable
                0x00000000000053cc                alt_ic_irq_enabled
 .text          0x0000000000005418       0xf0 ../Lab7_bsp/\libhal_bsp.a(alt_iic_isr_register.o)
                0x0000000000005418                alt_iic_isr_register
 .text          0x0000000000005508        0x0 ../Lab7_bsp/\libhal_bsp.a(alt_irq_entry.o)
 .text          0x0000000000005508        0x0 ../Lab7_bsp/\libhal_bsp.a(alt_irq_handler.o)
 .text          0x0000000000005508        0x0 ../Lab7_bsp/\libhal_bsp.a(alt_irq_vars.o)
 .text          0x0000000000005508       0xec ../Lab7_bsp/\libhal_bsp.a(alt_load.o)
                0x0000000000005570                alt_load
 .text          0x00000000000055f4       0x7c ../Lab7_bsp/\libhal_bsp.a(alt_main.o)
                0x00000000000055f4                alt_main
 .text          0x0000000000005670      0x13c ../Lab7_bsp/\libhal_bsp.a(alt_write.o)
                0x00000000000056ac                write
 .text          0x00000000000057ac       0xa0 ../Lab7_bsp/\libhal_bsp.a(alt_sys_init.o)
                0x00000000000057e0                alt_irq_init
                0x0000000000005818                alt_sys_init
 .text          0x000000000000584c       0xc0 ../Lab7_bsp/\libhal_bsp.a(altera_avalon_jtag_uart_fd.o)
                0x000000000000584c                altera_avalon_jtag_uart_read_fd
                0x00000000000058ac                altera_avalon_jtag_uart_write_fd
 .text          0x000000000000590c       0xec ../Lab7_bsp/\libhal_bsp.a(altera_avalon_jtag_uart_read.o)
                0x000000000000590c                altera_avalon_jtag_uart_read
 .text          0x00000000000059f8       0x94 ../Lab7_bsp/\libhal_bsp.a(altera_avalon_jtag_uart_write.o)
                0x00000000000059f8                altera_avalon_jtag_uart_write
 .text          0x0000000000005a8c      0x114 ../Lab7_bsp/\libhal_bsp.a(alt_close.o)
                0x0000000000005ac8                close
 .text          0x0000000000005ba0       0x20 ../Lab7_bsp/\libhal_bsp.a(alt_dcache_flush_all.o)
                0x0000000000005ba0                alt_dcache_flush_all
 .text          0x0000000000005bc0       0x2c ../Lab7_bsp/\libhal_bsp.a(alt_dev.o)
 .text          0x0000000000005bec       0xe0 ../Lab7_bsp/\libhal_bsp.a(alt_dev_llist_insert.o)
                0x0000000000005c28                alt_dev_llist_insert
 .text          0x0000000000005ccc       0x60 ../Lab7_bsp/\libhal_bsp.a(alt_do_ctors.o)
                0x0000000000005ccc                _do_ctors
 .text          0x0000000000005d2c       0x60 ../Lab7_bsp/\libhal_bsp.a(alt_do_dtors.o)
                0x0000000000005d2c                _do_dtors
 .text          0x0000000000005d8c        0x0 ../Lab7_bsp/\libhal_bsp.a(alt_errno.o)
 .text          0x0000000000005d8c        0x0 ../Lab7_bsp/\libhal_bsp.a(alt_exception_entry.o)
 .text          0x0000000000005d8c       0x20 ../Lab7_bsp/\libhal_bsp.a(alt_icache_flush_all.o)
                0x0000000000005d8c                alt_icache_flush_all
 .text          0x0000000000005dac       0x9c ../Lab7_bsp/\libhal_bsp.a(alt_instruction_exception_entry.o)
                0x0000000000005dac                alt_exception_cause_generated_bad_addr
 .text          0x0000000000005e48      0x160 ../Lab7_bsp/\libhal_bsp.a(alt_io_redirect.o)
                0x0000000000005f2c                alt_io_redirect
 .text          0x0000000000005fa8      0x284 ../Lab7_bsp/\libhal_bsp.a(alt_open.o)
                0x00000000000060d0                open
 .text          0x000000000000622c       0x84 ../Lab7_bsp/\libhal_bsp.a(alt_release_fd.o)
                0x000000000000622c                alt_release_fd
 .text          0x00000000000062b0       0x24 ../Lab7_bsp/\libhal_bsp.a(altera_nios2_gen2_irq.o)
                0x00000000000062b0                altera_nios2_gen2_irq_init
 .text          0x00000000000062d4       0x90 ../Lab7_bsp/\libhal_bsp.a(alt_find_dev.o)
                0x00000000000062d4                alt_find_dev
 .text          0x0000000000006364      0x108 ../Lab7_bsp/\libhal_bsp.a(alt_find_file.o)
                0x0000000000006364                alt_find_file
 .text          0x000000000000646c       0xc4 ../Lab7_bsp/\libhal_bsp.a(alt_get_fd.o)
                0x000000000000646c                alt_get_fd
 .text          0x0000000000006530        0x0 c:/intelfpga/18.1/nios2eds/bin/gnu/h-x86_64-mingw32/bin/../lib/gcc/nios2-elf/5.3.0/../../../../../H-x86_64-mingw32/nios2-elf/lib/mno-hw-mul\libsmallc.a(lib_a-atexit.o)
 .text.atexit   0x0000000000006530       0x14 c:/intelfpga/18.1/nios2eds/bin/gnu/h-x86_64-mingw32/bin/../lib/gcc/nios2-elf/5.3.0/../../../../../H-x86_64-mingw32/nios2-elf/lib/mno-hw-mul\libsmallc.a(lib_a-atexit.o)
                0x0000000000006530                atexit
 .text          0x0000000000006544        0x0 c:/intelfpga/18.1/nios2eds/bin/gnu/h-x86_64-mingw32/bin/../lib/gcc/nios2-elf/5.3.0/../../../../../H-x86_64-mingw32/nios2-elf/lib/mno-hw-mul\libsmallc.a(lib_a-memcmp.o)
 .text.memcmp   0x0000000000006544       0x30 c:/intelfpga/18.1/nios2eds/bin/gnu/h-x86_64-mingw32/bin/../lib/gcc/nios2-elf/5.3.0/../../../../../H-x86_64-mingw32/nios2-elf/lib/mno-hw-mul\libsmallc.a(lib_a-memcmp.o)
                0x0000000000006544                memcmp
 .text          0x0000000000006574        0x0 c:/intelfpga/18.1/nios2eds/bin/gnu/h-x86_64-mingw32/bin/../lib/gcc/nios2-elf/5.3.0/../../../../../H-x86_64-mingw32/nios2-elf/lib/mno-hw-mul\libsmallc.a(lib_a-__atexit.o)
 .text.__register_exitproc
                0x0000000000006574      0x158 c:/intelfpga/18.1/nios2eds/bin/gnu/h-x86_64-mingw32/bin/../lib/gcc/nios2-elf/5.3.0/../../../../../H-x86_64-mingw32/nios2-elf/lib/mno-hw-mul\libsmallc.a(lib_a-__atexit.o)
                0x0000000000006574                __register_exitproc
 *(.gnu.warning.*)
 *(.fini)
                [!provide]                        PROVIDE (__etext, ABSOLUTE (.))
                [!provide]                        PROVIDE (_etext, ABSOLUTE (.))
                [!provide]                        PROVIDE (etext, ABSOLUTE (.))
 *(.eh_frame_hdr)
                0x00000000000066cc                . = ALIGN (0x4)
                [!provide]                        PROVIDE (__preinit_array_start, ABSOLUTE (.))
 *(.preinit_array)
                [!provide]                        PROVIDE (__preinit_array_end, ABSOLUTE (.))
                [!provide]                        PROVIDE (__init_array_start, ABSOLUTE (.))
 *(.init_array)
                [!provide]                        PROVIDE (__init_array_end, ABSOLUTE (.))
                [!provide]                        PROVIDE (__fini_array_start, ABSOLUTE (.))
 *(.fini_array)
                [!provide]                        PROVIDE (__fini_array_end, ABSOLUTE (.))
 *(.eh_frame)
 *(.gcc_except_table .gcc_except_table.*)
 *(.dynamic)
                0x00000000000066cc                PROVIDE (__CTOR_LIST__, ABSOLUTE (.))
 *(.ctors)
 *(SORT(.ctors.*))
                0x00000000000066cc                PROVIDE (__CTOR_END__, ABSOLUTE (.))
                0x00000000000066cc                PROVIDE (__DTOR_LIST__, ABSOLUTE (.))
 *(.dtors)
 *(SORT(.dtors.*))
                0x00000000000066cc                PROVIDE (__DTOR_END__, ABSOLUTE (.))
 *(.jcr)
                0x00000000000066cc                . = ALIGN (0x4)

.rodata         0x00000000000066cc       0x88
                0x00000000000066cc                PROVIDE (__ram_rodata_start, ABSOLUTE (.))
                0x00000000000066cc                . = ALIGN (0x4)
 *(.rodata .rodata.* .gnu.linkonce.r.*)
 .rodata        0x00000000000066cc       0x4e obj/default/Lab7.o
 *fill*         0x000000000000671a        0x2 
 .rodata.str1.4
                0x000000000000671c        0x4 c:/intelfpga/18.1/nios2eds/bin/gnu/h-x86_64-mingw32/bin/../lib/gcc/nios2-elf/5.3.0/../../../../../H-x86_64-mingw32/nios2-elf/lib/mno-hw-mul\libsmallc.a(lib_a-puts.o)
                                          0x2 (size before relaxing)
 .rodata        0x0000000000006720       0x11 ../Lab7_bsp/\libhal_bsp.a(alt_main.o)
 *fill*         0x0000000000006731        0x3 
 .rodata        0x0000000000006734       0x11 ../Lab7_bsp/\libhal_bsp.a(alt_sys_init.o)
 *fill*         0x0000000000006745        0x3 
 .rodata        0x0000000000006748        0xa ../Lab7_bsp/\libhal_bsp.a(alt_dev.o)
 *(.rodata1)
                0x0000000000006754                . = ALIGN (0x4)
 *fill*         0x0000000000006752        0x2 
                0x0000000000006754                PROVIDE (__ram_rodata_end, ABSOLUTE (.))
                0x00000000000066cc                PROVIDE (__flash_rodata_start, LOADADDR (.rodata))

.rwdata         0x0000000000006754      0x2e0 load address 0x0000000000006a34
                0x0000000000006754                PROVIDE (__ram_rwdata_start, ABSOLUTE (.))
                0x0000000000006754                . = ALIGN (0x4)
 *(.got.plt)
 *(.got)
 *(.data1)
 *(.data .data.* .gnu.linkonce.d.*)
 .data          0x0000000000006754        0x0 ../Lab7_bsp//obj/HAL/src/crt0.o
 .data          0x0000000000006754        0x0 obj/default/Lab7.o
 .data          0x0000000000006754        0x0 c:/intelfpga/18.1/nios2eds/bin/gnu/h-x86_64-mingw32/bin/../lib/gcc/nios2-elf/5.3.0/../../../../../H-x86_64-mingw32/nios2-elf/lib/mno-hw-mul\libsmallc.a(lib_a-exit.o)
 .data          0x0000000000006754        0x0 c:/intelfpga/18.1/nios2eds/bin/gnu/h-x86_64-mingw32/bin/../lib/gcc/nios2-elf/5.3.0/../../../../../H-x86_64-mingw32/nios2-elf/lib/mno-hw-mul\libsmallc.a(lib_a-printf.o)
 .data          0x0000000000006754        0x0 c:/intelfpga/18.1/nios2eds/bin/gnu/h-x86_64-mingw32/bin/../lib/gcc/nios2-elf/5.3.0/../../../../../H-x86_64-mingw32/nios2-elf/lib/mno-hw-mul\libsmallc.a(lib_a-puts.o)
 .data          0x0000000000006754        0x0 c:/intelfpga/18.1/nios2eds/bin/gnu/h-x86_64-mingw32/bin/../lib/gcc/nios2-elf/5.3.0/../../../../../H-x86_64-mingw32/nios2-elf/lib/mno-hw-mul\libsmallc.a(lib_a-strlen.o)
 .data          0x0000000000006754        0x0 c:/intelfpga/18.1/nios2eds/bin/gnu/h-x86_64-mingw32/bin/../lib/gcc/nios2-elf/5.3.0/../../../../../H-x86_64-mingw32/nios2-elf/lib/mno-hw-mul\libsmallc.a(lib_a-vfprintf.o)
 .data          0x0000000000006754        0x0 c:/intelfpga/18.1/nios2eds/bin/gnu/h-x86_64-mingw32/bin/../lib/gcc/nios2-elf/5.3.0/../../../../../H-x86_64-mingw32/nios2-elf/lib/mno-hw-mul\libsmallc.a(lib_a-__call_atexit.o)
 .data          0x0000000000006754        0x0 c:/intelfpga/18.1/nios2eds/bin/gnu/h-x86_64-mingw32/bin/../lib/gcc/nios2-elf/5.3.0/../../../../../H-x86_64-mingw32/nios2-elf/lib/mno-hw-mul\libsmallc.a(lib_a-fvwrite_small_dev.o)
 .data          0x0000000000006754        0x0 c:/intelfpga/18.1/nios2eds/bin/gnu/h-x86_64-mingw32/bin/../lib/gcc/nios2-elf/5.3.0/../../../../../H-x86_64-mingw32/nios2-elf/lib/mno-hw-mul\libsmallc.a(lib_a-impure.o)
 .data.impure_data
                0x0000000000006754       0xe0 c:/intelfpga/18.1/nios2eds/bin/gnu/h-x86_64-mingw32/bin/../lib/gcc/nios2-elf/5.3.0/../../../../../H-x86_64-mingw32/nios2-elf/lib/mno-hw-mul\libsmallc.a(lib_a-impure.o)
 .data          0x0000000000006834        0x0 c:/intelfpga/18.1/nios2eds/bin/gnu/h-x86_64-mingw32/bin/../lib/gcc/nios2-elf/5.3.0/../../../../../H-x86_64-mingw32/nios2-elf/lib/mno-hw-mul\libsmallc.a(lib_a-writer.o)
 .data          0x0000000000006834        0x0 c:/intelfpga/18.1/nios2eds/bin/gnu/h-x86_64-mingw32/bin/../lib/gcc/nios2-elf/5.3.0/../../../../../H-x86_64-mingw32/nios2-elf/lib/mno-hw-mul\libsmallc.a(lib_a-int_errno.o)
 .data          0x0000000000006834        0x0 c:/intelfpga/18.1/nios2eds/bin/gnu/h-x86_64-mingw32/bin/../lib/gcc/nios2-elf/5.3.0/mno-hw-mul\libgcc.a(lib2-divmod.o)
 .data          0x0000000000006834        0x0 c:/intelfpga/18.1/nios2eds/bin/gnu/h-x86_64-mingw32/bin/../lib/gcc/nios2-elf/5.3.0/mno-hw-mul\libgcc.a(lib2-mul.o)
 .data          0x0000000000006834        0x0 ../Lab7_bsp/\libhal_bsp.a(alt_exit.o)
 .data          0x0000000000006834        0x0 ../Lab7_bsp/\libhal_bsp.a(alt_iic.o)
 .data          0x0000000000006834        0x0 ../Lab7_bsp/\libhal_bsp.a(alt_iic_isr_register.o)
 .data          0x0000000000006834        0x0 ../Lab7_bsp/\libhal_bsp.a(alt_irq_entry.o)
 .data          0x0000000000006834        0x0 ../Lab7_bsp/\libhal_bsp.a(alt_irq_handler.o)
 .data          0x0000000000006834        0x0 ../Lab7_bsp/\libhal_bsp.a(alt_irq_vars.o)
 .data          0x0000000000006834        0x0 ../Lab7_bsp/\libhal_bsp.a(alt_load.o)
 .data          0x0000000000006834        0x0 ../Lab7_bsp/\libhal_bsp.a(alt_main.o)
 .data          0x0000000000006834        0x0 ../Lab7_bsp/\libhal_bsp.a(alt_write.o)
 .data          0x0000000000006834       0x2c ../Lab7_bsp/\libhal_bsp.a(alt_sys_init.o)
 .data          0x0000000000006860        0x0 ../Lab7_bsp/\libhal_bsp.a(altera_avalon_jtag_uart_fd.o)
 .data          0x0000000000006860        0x0 ../Lab7_bsp/\libhal_bsp.a(altera_avalon_jtag_uart_read.o)
 .data          0x0000000000006860        0x0 ../Lab7_bsp/\libhal_bsp.a(altera_avalon_jtag_uart_write.o)
 .data          0x0000000000006860        0x0 ../Lab7_bsp/\libhal_bsp.a(alt_close.o)
 .data          0x0000000000006860        0x0 ../Lab7_bsp/\libhal_bsp.a(alt_dcache_flush_all.o)
 .data          0x0000000000006860      0x1a8 ../Lab7_bsp/\libhal_bsp.a(alt_dev.o)
                0x0000000000006860                alt_dev_null
                0x0000000000006888                alt_fd_list
 .data          0x0000000000006a08        0x0 ../Lab7_bsp/\libhal_bsp.a(alt_dev_llist_insert.o)
 .data          0x0000000000006a08        0x0 ../Lab7_bsp/\libhal_bsp.a(alt_do_ctors.o)
 .data          0x0000000000006a08        0x0 ../Lab7_bsp/\libhal_bsp.a(alt_do_dtors.o)
 .data          0x0000000000006a08        0x0 ../Lab7_bsp/\libhal_bsp.a(alt_errno.o)
 .data          0x0000000000006a08        0x0 ../Lab7_bsp/\libhal_bsp.a(alt_exception_entry.o)
 .data          0x0000000000006a08        0x0 ../Lab7_bsp/\libhal_bsp.a(alt_icache_flush_all.o)
 .data          0x0000000000006a08        0x0 ../Lab7_bsp/\libhal_bsp.a(alt_instruction_exception_entry.o)
 .data          0x0000000000006a08        0x0 ../Lab7_bsp/\libhal_bsp.a(alt_io_redirect.o)
 .data          0x0000000000006a08        0x0 ../Lab7_bsp/\libhal_bsp.a(alt_open.o)
 .data          0x0000000000006a08        0x0 ../Lab7_bsp/\libhal_bsp.a(alt_release_fd.o)
 .data          0x0000000000006a08        0x0 ../Lab7_bsp/\libhal_bsp.a(altera_nios2_gen2_irq.o)
 .data          0x0000000000006a08        0x0 ../Lab7_bsp/\libhal_bsp.a(alt_find_dev.o)
 .data          0x0000000000006a08        0x0 ../Lab7_bsp/\libhal_bsp.a(alt_find_file.o)
 .data          0x0000000000006a08        0x0 ../Lab7_bsp/\libhal_bsp.a(alt_get_fd.o)
 .data          0x0000000000006a08        0x0 c:/intelfpga/18.1/nios2eds/bin/gnu/h-x86_64-mingw32/bin/../lib/gcc/nios2-elf/5.3.0/../../../../../H-x86_64-mingw32/nios2-elf/lib/mno-hw-mul\libsmallc.a(lib_a-atexit.o)
 .data          0x0000000000006a08        0x0 c:/intelfpga/18.1/nios2eds/bin/gnu/h-x86_64-mingw32/bin/../lib/gcc/nios2-elf/5.3.0/../../../../../H-x86_64-mingw32/nios2-elf/lib/mno-hw-mul\libsmallc.a(lib_a-memcmp.o)
 .data          0x0000000000006a08        0x0 c:/intelfpga/18.1/nios2eds/bin/gnu/h-x86_64-mingw32/bin/../lib/gcc/nios2-elf/5.3.0/../../../../../H-x86_64-mingw32/nios2-elf/lib/mno-hw-mul\libsmallc.a(lib_a-__atexit.o)
                0x000000000000ea08                _gp = ABSOLUTE ((. + 0x8000))
                [!provide]                        PROVIDE (gp, _gp)
 *(.rwdata .rwdata.*)
 *(.sdata .sdata.* .gnu.linkonce.s.*)
 .sdata         0x0000000000006a08        0x8 obj/default/Lab7.o
                0x0000000000006a08                LedPtr
                0x0000000000006a0c                KeyPtr
 .sdata._global_impure_ptr
                0x0000000000006a10        0x4 c:/intelfpga/18.1/nios2eds/bin/gnu/h-x86_64-mingw32/bin/../lib/gcc/nios2-elf/5.3.0/../../../../../H-x86_64-mingw32/nios2-elf/lib/mno-hw-mul\libsmallc.a(lib_a-impure.o)
                0x0000000000006a10                _global_impure_ptr
 .sdata._impure_ptr
                0x0000000000006a14        0x4 c:/intelfpga/18.1/nios2eds/bin/gnu/h-x86_64-mingw32/bin/../lib/gcc/nios2-elf/5.3.0/../../../../../H-x86_64-mingw32/nios2-elf/lib/mno-hw-mul\libsmallc.a(lib_a-impure.o)
                0x0000000000006a14                _impure_ptr
 .sdata         0x0000000000006a18        0x4 ../Lab7_bsp/\libhal_bsp.a(alt_irq_vars.o)
                0x0000000000006a18                alt_priority_mask
 .sdata         0x0000000000006a1c       0x14 ../Lab7_bsp/\libhal_bsp.a(alt_dev.o)
                0x0000000000006a1c                alt_fs_list
                0x0000000000006a24                alt_dev_list
                0x0000000000006a2c                alt_max_fd
 .sdata         0x0000000000006a30        0x4 ../Lab7_bsp/\libhal_bsp.a(alt_errno.o)
                0x0000000000006a30                alt_errno
 *(.sdata2 .sdata2.* .gnu.linkonce.s2.*)
                0x0000000000006a34                . = ALIGN (0x4)
                0x0000000000006a34                _edata = ABSOLUTE (.)
                [!provide]                        PROVIDE (edata, ABSOLUTE (.))
                0x0000000000006a34                PROVIDE (__ram_rwdata_end, ABSOLUTE (.))
                0x0000000000006a34                PROVIDE (__flash_rwdata_start, LOADADDR (.rwdata))

.bss            0x0000000000006d14      0x124
                0x0000000000006d14                __bss_start = ABSOLUTE (.)
                [!provide]                        PROVIDE (__sbss_start, ABSOLUTE (.))
                [!provide]                        PROVIDE (___sbss_start, ABSOLUTE (.))
 *(.dynsbss)
 *(.sbss .sbss.* .gnu.linkonce.sb.*)
 .sbss          0x0000000000006d14        0xc obj/default/Lab7.o
                0x0000000000006d14                RAMPtr32
                0x0000000000006d18                RAMPtr16
                0x0000000000006d1c                RAMPtr8
 .sbss          0x0000000000006d20        0x4 c:/intelfpga/18.1/nios2eds/bin/gnu/h-x86_64-mingw32/bin/../lib/gcc/nios2-elf/5.3.0/../../../../../H-x86_64-mingw32/nios2-elf/lib/mno-hw-mul\libsmallc.a(lib_a-int_errno.o)
                0x0000000000006d20                errno
 .sbss          0x0000000000006d24        0x4 ../Lab7_bsp/\libhal_bsp.a(alt_irq_vars.o)
                0x0000000000006d24                alt_irq_active
 .sbss          0x0000000000006d28        0xc ../Lab7_bsp/\libhal_bsp.a(alt_main.o)
                0x0000000000006d28                alt_argc
                0x0000000000006d2c                alt_argv
                0x0000000000006d30                alt_envp
 .sbss          0x0000000000006d34        0x4 ../Lab7_bsp/\libhal_bsp.a(alt_instruction_exception_entry.o)
                0x0000000000006d34                alt_instruction_exception_handler
 *(.sbss2 .sbss2.* .gnu.linkonce.sb2.*)
 *(.scommon)
                [!provide]                        PROVIDE (__sbss_end, ABSOLUTE (.))
                [!provide]                        PROVIDE (___sbss_end, ABSOLUTE (.))
 *(.dynbss)
 *(.bss .bss.* .gnu.linkonce.b.*)
 .bss           0x0000000000006d38        0x0 ../Lab7_bsp//obj/HAL/src/crt0.o
 .bss           0x0000000000006d38        0x0 obj/default/Lab7.o
 .bss           0x0000000000006d38        0x0 c:/intelfpga/18.1/nios2eds/bin/gnu/h-x86_64-mingw32/bin/../lib/gcc/nios2-elf/5.3.0/../../../../../H-x86_64-mingw32/nios2-elf/lib/mno-hw-mul\libsmallc.a(lib_a-exit.o)
 .bss           0x0000000000006d38        0x0 c:/intelfpga/18.1/nios2eds/bin/gnu/h-x86_64-mingw32/bin/../lib/gcc/nios2-elf/5.3.0/../../../../../H-x86_64-mingw32/nios2-elf/lib/mno-hw-mul\libsmallc.a(lib_a-printf.o)
 .bss           0x0000000000006d38        0x0 c:/intelfpga/18.1/nios2eds/bin/gnu/h-x86_64-mingw32/bin/../lib/gcc/nios2-elf/5.3.0/../../../../../H-x86_64-mingw32/nios2-elf/lib/mno-hw-mul\libsmallc.a(lib_a-puts.o)
 .bss           0x0000000000006d38        0x0 c:/intelfpga/18.1/nios2eds/bin/gnu/h-x86_64-mingw32/bin/../lib/gcc/nios2-elf/5.3.0/../../../../../H-x86_64-mingw32/nios2-elf/lib/mno-hw-mul\libsmallc.a(lib_a-strlen.o)
 .bss           0x0000000000006d38        0x0 c:/intelfpga/18.1/nios2eds/bin/gnu/h-x86_64-mingw32/bin/../lib/gcc/nios2-elf/5.3.0/../../../../../H-x86_64-mingw32/nios2-elf/lib/mno-hw-mul\libsmallc.a(lib_a-vfprintf.o)
 .bss           0x0000000000006d38        0x0 c:/intelfpga/18.1/nios2eds/bin/gnu/h-x86_64-mingw32/bin/../lib/gcc/nios2-elf/5.3.0/../../../../../H-x86_64-mingw32/nios2-elf/lib/mno-hw-mul\libsmallc.a(lib_a-__call_atexit.o)
 .bss           0x0000000000006d38        0x0 c:/intelfpga/18.1/nios2eds/bin/gnu/h-x86_64-mingw32/bin/../lib/gcc/nios2-elf/5.3.0/../../../../../H-x86_64-mingw32/nios2-elf/lib/mno-hw-mul\libsmallc.a(lib_a-fvwrite_small_dev.o)
 .bss           0x0000000000006d38        0x0 c:/intelfpga/18.1/nios2eds/bin/gnu/h-x86_64-mingw32/bin/../lib/gcc/nios2-elf/5.3.0/../../../../../H-x86_64-mingw32/nios2-elf/lib/mno-hw-mul\libsmallc.a(lib_a-impure.o)
 .bss           0x0000000000006d38        0x0 c:/intelfpga/18.1/nios2eds/bin/gnu/h-x86_64-mingw32/bin/../lib/gcc/nios2-elf/5.3.0/../../../../../H-x86_64-mingw32/nios2-elf/lib/mno-hw-mul\libsmallc.a(lib_a-writer.o)
 .bss           0x0000000000006d38        0x0 c:/intelfpga/18.1/nios2eds/bin/gnu/h-x86_64-mingw32/bin/../lib/gcc/nios2-elf/5.3.0/../../../../../H-x86_64-mingw32/nios2-elf/lib/mno-hw-mul\libsmallc.a(lib_a-int_errno.o)
 .bss           0x0000000000006d38        0x0 c:/intelfpga/18.1/nios2eds/bin/gnu/h-x86_64-mingw32/bin/../lib/gcc/nios2-elf/5.3.0/mno-hw-mul\libgcc.a(lib2-divmod.o)
 .bss           0x0000000000006d38        0x0 c:/intelfpga/18.1/nios2eds/bin/gnu/h-x86_64-mingw32/bin/../lib/gcc/nios2-elf/5.3.0/mno-hw-mul\libgcc.a(lib2-mul.o)
 .bss           0x0000000000006d38        0x0 ../Lab7_bsp/\libhal_bsp.a(alt_exit.o)
 .bss           0x0000000000006d38        0x0 ../Lab7_bsp/\libhal_bsp.a(alt_iic.o)
 .bss           0x0000000000006d38        0x0 ../Lab7_bsp/\libhal_bsp.a(alt_iic_isr_register.o)
 .bss           0x0000000000006d38        0x0 ../Lab7_bsp/\libhal_bsp.a(alt_irq_entry.o)
 .bss           0x0000000000006d38        0x0 ../Lab7_bsp/\libhal_bsp.a(alt_irq_handler.o)
 .bss           0x0000000000006d38        0x0 ../Lab7_bsp/\libhal_bsp.a(alt_irq_vars.o)
 .bss           0x0000000000006d38        0x0 ../Lab7_bsp/\libhal_bsp.a(alt_load.o)
 .bss           0x0000000000006d38        0x0 ../Lab7_bsp/\libhal_bsp.a(alt_main.o)
 .bss           0x0000000000006d38        0x0 ../Lab7_bsp/\libhal_bsp.a(alt_write.o)
 .bss           0x0000000000006d38        0x0 ../Lab7_bsp/\libhal_bsp.a(alt_sys_init.o)
 .bss           0x0000000000006d38        0x0 ../Lab7_bsp/\libhal_bsp.a(altera_avalon_jtag_uart_fd.o)
 .bss           0x0000000000006d38        0x0 ../Lab7_bsp/\libhal_bsp.a(altera_avalon_jtag_uart_read.o)
 .bss           0x0000000000006d38        0x0 ../Lab7_bsp/\libhal_bsp.a(altera_avalon_jtag_uart_write.o)
 .bss           0x0000000000006d38        0x0 ../Lab7_bsp/\libhal_bsp.a(alt_close.o)
 .bss           0x0000000000006d38        0x0 ../Lab7_bsp/\libhal_bsp.a(alt_dcache_flush_all.o)
 .bss           0x0000000000006d38        0x0 ../Lab7_bsp/\libhal_bsp.a(alt_dev.o)
 .bss           0x0000000000006d38        0x0 ../Lab7_bsp/\libhal_bsp.a(alt_dev_llist_insert.o)
 .bss           0x0000000000006d38        0x0 ../Lab7_bsp/\libhal_bsp.a(alt_do_ctors.o)
 .bss           0x0000000000006d38        0x0 ../Lab7_bsp/\libhal_bsp.a(alt_do_dtors.o)
 .bss           0x0000000000006d38        0x0 ../Lab7_bsp/\libhal_bsp.a(alt_errno.o)
 .bss           0x0000000000006d38        0x0 ../Lab7_bsp/\libhal_bsp.a(alt_exception_entry.o)
 .bss           0x0000000000006d38        0x0 ../Lab7_bsp/\libhal_bsp.a(alt_icache_flush_all.o)
 .bss           0x0000000000006d38        0x0 ../Lab7_bsp/\libhal_bsp.a(alt_instruction_exception_entry.o)
 .bss           0x0000000000006d38        0x0 ../Lab7_bsp/\libhal_bsp.a(alt_io_redirect.o)
 .bss           0x0000000000006d38        0x0 ../Lab7_bsp/\libhal_bsp.a(alt_open.o)
 .bss           0x0000000000006d38        0x0 ../Lab7_bsp/\libhal_bsp.a(alt_release_fd.o)
 .bss           0x0000000000006d38        0x0 ../Lab7_bsp/\libhal_bsp.a(altera_nios2_gen2_irq.o)
 .bss           0x0000000000006d38        0x0 ../Lab7_bsp/\libhal_bsp.a(alt_find_dev.o)
 .bss           0x0000000000006d38        0x0 ../Lab7_bsp/\libhal_bsp.a(alt_find_file.o)
 .bss           0x0000000000006d38        0x0 ../Lab7_bsp/\libhal_bsp.a(alt_get_fd.o)
 .bss           0x0000000000006d38        0x0 c:/intelfpga/18.1/nios2eds/bin/gnu/h-x86_64-mingw32/bin/../lib/gcc/nios2-elf/5.3.0/../../../../../H-x86_64-mingw32/nios2-elf/lib/mno-hw-mul\libsmallc.a(lib_a-atexit.o)
 .bss           0x0000000000006d38        0x0 c:/intelfpga/18.1/nios2eds/bin/gnu/h-x86_64-mingw32/bin/../lib/gcc/nios2-elf/5.3.0/../../../../../H-x86_64-mingw32/nios2-elf/lib/mno-hw-mul\libsmallc.a(lib_a-memcmp.o)
 .bss           0x0000000000006d38        0x0 c:/intelfpga/18.1/nios2eds/bin/gnu/h-x86_64-mingw32/bin/../lib/gcc/nios2-elf/5.3.0/../../../../../H-x86_64-mingw32/nios2-elf/lib/mno-hw-mul\libsmallc.a(lib_a-__atexit.o)
 *(COMMON)
 COMMON         0x0000000000006d38      0x100 ../Lab7_bsp/\libhal_bsp.a(alt_irq_handler.o)
                0x0000000000006d38                alt_irq
                0x0000000000006e38                . = ALIGN (0x4)
                0x0000000000006e38                __bss_end = ABSOLUTE (.)

.onchip_memory2_0
                0x0000000000006e38        0x0
                [!provide]                        PROVIDE (_alt_partition_onchip_memory2_0_start, ABSOLUTE (.))
 *(.onchip_memory2_0 .onchip_memory2_0. onchip_memory2_0.*)
                0x0000000000006e38                . = ALIGN (0x4)
                [!provide]                        PROVIDE (_alt_partition_onchip_memory2_0_end, ABSOLUTE (.))
                0x0000000000006e38                _end = ABSOLUTE (.)
                0x0000000000006e38                end = ABSOLUTE (.)
                0x0000000000006e38                __alt_stack_base = ABSOLUTE (.)
                [!provide]                        PROVIDE (_alt_partition_onchip_memory2_0_load_addr, LOADADDR (.onchip_memory2_0))

.stab
 *(.stab)

.stabstr
 *(.stabstr)

.stab.excl
 *(.stab.excl)

.stab.exclstr
 *(.stab.exclstr)

.stab.index
 *(.stab.index)

.stab.indexstr
 *(.stab.indexstr)

.comment        0x0000000000000000       0x23
 *(.comment)
 .comment       0x0000000000000000       0x23 obj/default/Lab7.o
                                         0x24 (size before relaxing)
 .comment       0x0000000000000023       0x24 c:/intelfpga/18.1/nios2eds/bin/gnu/h-x86_64-mingw32/bin/../lib/gcc/nios2-elf/5.3.0/../../../../../H-x86_64-mingw32/nios2-elf/lib/mno-hw-mul\libsmallc.a(lib_a-exit.o)
 .comment       0x0000000000000023       0x24 c:/intelfpga/18.1/nios2eds/bin/gnu/h-x86_64-mingw32/bin/../lib/gcc/nios2-elf/5.3.0/../../../../../H-x86_64-mingw32/nios2-elf/lib/mno-hw-mul\libsmallc.a(lib_a-printf.o)
 .comment       0x0000000000000023       0x24 c:/intelfpga/18.1/nios2eds/bin/gnu/h-x86_64-mingw32/bin/../lib/gcc/nios2-elf/5.3.0/../../../../../H-x86_64-mingw32/nios2-elf/lib/mno-hw-mul\libsmallc.a(lib_a-puts.o)
 .comment       0x0000000000000023       0x24 c:/intelfpga/18.1/nios2eds/bin/gnu/h-x86_64-mingw32/bin/../lib/gcc/nios2-elf/5.3.0/../../../../../H-x86_64-mingw32/nios2-elf/lib/mno-hw-mul\libsmallc.a(lib_a-strlen.o)
 .comment       0x0000000000000023       0x24 c:/intelfpga/18.1/nios2eds/bin/gnu/h-x86_64-mingw32/bin/../lib/gcc/nios2-elf/5.3.0/../../../../../H-x86_64-mingw32/nios2-elf/lib/mno-hw-mul\libsmallc.a(lib_a-vfprintf.o)
 .comment       0x0000000000000023       0x24 c:/intelfpga/18.1/nios2eds/bin/gnu/h-x86_64-mingw32/bin/../lib/gcc/nios2-elf/5.3.0/../../../../../H-x86_64-mingw32/nios2-elf/lib/mno-hw-mul\libsmallc.a(lib_a-__call_atexit.o)
 .comment       0x0000000000000023       0x24 c:/intelfpga/18.1/nios2eds/bin/gnu/h-x86_64-mingw32/bin/../lib/gcc/nios2-elf/5.3.0/../../../../../H-x86_64-mingw32/nios2-elf/lib/mno-hw-mul\libsmallc.a(lib_a-fvwrite_small_dev.o)
 .comment       0x0000000000000023       0x24 c:/intelfpga/18.1/nios2eds/bin/gnu/h-x86_64-mingw32/bin/../lib/gcc/nios2-elf/5.3.0/../../../../../H-x86_64-mingw32/nios2-elf/lib/mno-hw-mul\libsmallc.a(lib_a-impure.o)
 .comment       0x0000000000000023       0x24 c:/intelfpga/18.1/nios2eds/bin/gnu/h-x86_64-mingw32/bin/../lib/gcc/nios2-elf/5.3.0/../../../../../H-x86_64-mingw32/nios2-elf/lib/mno-hw-mul\libsmallc.a(lib_a-writer.o)
 .comment       0x0000000000000023       0x24 c:/intelfpga/18.1/nios2eds/bin/gnu/h-x86_64-mingw32/bin/../lib/gcc/nios2-elf/5.3.0/../../../../../H-x86_64-mingw32/nios2-elf/lib/mno-hw-mul\libsmallc.a(lib_a-int_errno.o)
 .comment       0x0000000000000023       0x24 c:/intelfpga/18.1/nios2eds/bin/gnu/h-x86_64-mingw32/bin/../lib/gcc/nios2-elf/5.3.0/mno-hw-mul\libgcc.a(lib2-divmod.o)
 .comment       0x0000000000000023       0x24 c:/intelfpga/18.1/nios2eds/bin/gnu/h-x86_64-mingw32/bin/../lib/gcc/nios2-elf/5.3.0/mno-hw-mul\libgcc.a(lib2-mul.o)
 .comment       0x0000000000000023       0x24 ../Lab7_bsp/\libhal_bsp.a(alt_exit.o)
 .comment       0x0000000000000023       0x24 ../Lab7_bsp/\libhal_bsp.a(alt_iic.o)
 .comment       0x0000000000000023       0x24 ../Lab7_bsp/\libhal_bsp.a(alt_iic_isr_register.o)
 .comment       0x0000000000000023       0x24 ../Lab7_bsp/\libhal_bsp.a(alt_irq_handler.o)
 .comment       0x0000000000000023       0x24 ../Lab7_bsp/\libhal_bsp.a(alt_irq_vars.o)
 .comment       0x0000000000000023       0x24 ../Lab7_bsp/\libhal_bsp.a(alt_load.o)
 .comment       0x0000000000000023       0x24 ../Lab7_bsp/\libhal_bsp.a(alt_main.o)
 .comment       0x0000000000000023       0x24 ../Lab7_bsp/\libhal_bsp.a(alt_write.o)
 .comment       0x0000000000000023       0x24 ../Lab7_bsp/\libhal_bsp.a(alt_sys_init.o)
 .comment       0x0000000000000023       0x24 ../Lab7_bsp/\libhal_bsp.a(altera_avalon_jtag_uart_fd.o)
 .comment       0x0000000000000023       0x24 ../Lab7_bsp/\libhal_bsp.a(altera_avalon_jtag_uart_read.o)
 .comment       0x0000000000000023       0x24 ../Lab7_bsp/\libhal_bsp.a(altera_avalon_jtag_uart_write.o)
 .comment       0x0000000000000023       0x24 ../Lab7_bsp/\libhal_bsp.a(alt_close.o)
 .comment       0x0000000000000023       0x24 ../Lab7_bsp/\libhal_bsp.a(alt_dcache_flush_all.o)
 .comment       0x0000000000000023       0x24 ../Lab7_bsp/\libhal_bsp.a(alt_dev.o)
 .comment       0x0000000000000023       0x24 ../Lab7_bsp/\libhal_bsp.a(alt_dev_llist_insert.o)
 .comment       0x0000000000000023       0x24 ../Lab7_bsp/\libhal_bsp.a(alt_do_ctors.o)
 .comment       0x0000000000000023       0x24 ../Lab7_bsp/\libhal_bsp.a(alt_do_dtors.o)
 .comment       0x0000000000000023       0x24 ../Lab7_bsp/\libhal_bsp.a(alt_errno.o)
 .comment       0x0000000000000023       0x24 ../Lab7_bsp/\libhal_bsp.a(alt_icache_flush_all.o)
 .comment       0x0000000000000023       0x24 ../Lab7_bsp/\libhal_bsp.a(alt_instruction_exception_entry.o)
 .comment       0x0000000000000023       0x24 ../Lab7_bsp/\libhal_bsp.a(alt_io_redirect.o)
 .comment       0x0000000000000023       0x24 ../Lab7_bsp/\libhal_bsp.a(alt_open.o)
 .comment       0x0000000000000023       0x24 ../Lab7_bsp/\libhal_bsp.a(alt_release_fd.o)
 .comment       0x0000000000000023       0x24 ../Lab7_bsp/\libhal_bsp.a(altera_nios2_gen2_irq.o)
 .comment       0x0000000000000023       0x24 ../Lab7_bsp/\libhal_bsp.a(alt_find_dev.o)
 .comment       0x0000000000000023       0x24 ../Lab7_bsp/\libhal_bsp.a(alt_find_file.o)
 .comment       0x0000000000000023       0x24 ../Lab7_bsp/\libhal_bsp.a(alt_get_fd.o)
 .comment       0x0000000000000023       0x24 c:/intelfpga/18.1/nios2eds/bin/gnu/h-x86_64-mingw32/bin/../lib/gcc/nios2-elf/5.3.0/../../../../../H-x86_64-mingw32/nios2-elf/lib/mno-hw-mul\libsmallc.a(lib_a-atexit.o)
 .comment       0x0000000000000023       0x24 c:/intelfpga/18.1/nios2eds/bin/gnu/h-x86_64-mingw32/bin/../lib/gcc/nios2-elf/5.3.0/../../../../../H-x86_64-mingw32/nios2-elf/lib/mno-hw-mul\libsmallc.a(lib_a-memcmp.o)
 .comment       0x0000000000000023       0x24 c:/intelfpga/18.1/nios2eds/bin/gnu/h-x86_64-mingw32/bin/../lib/gcc/nios2-elf/5.3.0/../../../../../H-x86_64-mingw32/nios2-elf/lib/mno-hw-mul\libsmallc.a(lib_a-__atexit.o)

.debug
 *(.debug)

.line
 *(.line)

.debug_srcinfo
 *(.debug_srcinfo)

.debug_sfnames
 *(.debug_sfnames)

.debug_aranges  0x0000000000000000      0x618
 *(.debug_aranges)
 .debug_aranges
                0x0000000000000000       0x28 ../Lab7_bsp//obj/HAL/src/crt0.o
 .debug_aranges
                0x0000000000000028       0x20 obj/default/Lab7.o
 .debug_aranges
                0x0000000000000048       0x20 c:/intelfpga/18.1/nios2eds/bin/gnu/h-x86_64-mingw32/bin/../lib/gcc/nios2-elf/5.3.0/../../../../../H-x86_64-mingw32/nios2-elf/lib/mno-hw-mul\libsmallc.a(lib_a-exit.o)
 .debug_aranges
                0x0000000000000068       0x28 c:/intelfpga/18.1/nios2eds/bin/gnu/h-x86_64-mingw32/bin/../lib/gcc/nios2-elf/5.3.0/../../../../../H-x86_64-mingw32/nios2-elf/lib/mno-hw-mul\libsmallc.a(lib_a-printf.o)
 .debug_aranges
                0x0000000000000090       0x28 c:/intelfpga/18.1/nios2eds/bin/gnu/h-x86_64-mingw32/bin/../lib/gcc/nios2-elf/5.3.0/../../../../../H-x86_64-mingw32/nios2-elf/lib/mno-hw-mul\libsmallc.a(lib_a-puts.o)
 .debug_aranges
                0x00000000000000b8       0x20 c:/intelfpga/18.1/nios2eds/bin/gnu/h-x86_64-mingw32/bin/../lib/gcc/nios2-elf/5.3.0/../../../../../H-x86_64-mingw32/nios2-elf/lib/mno-hw-mul\libsmallc.a(lib_a-strlen.o)
 .debug_aranges
                0x00000000000000d8       0x30 c:/intelfpga/18.1/nios2eds/bin/gnu/h-x86_64-mingw32/bin/../lib/gcc/nios2-elf/5.3.0/../../../../../H-x86_64-mingw32/nios2-elf/lib/mno-hw-mul\libsmallc.a(lib_a-vfprintf.o)
 .debug_aranges
                0x0000000000000108       0x20 c:/intelfpga/18.1/nios2eds/bin/gnu/h-x86_64-mingw32/bin/../lib/gcc/nios2-elf/5.3.0/../../../../../H-x86_64-mingw32/nios2-elf/lib/mno-hw-mul\libsmallc.a(lib_a-__call_atexit.o)
 .debug_aranges
                0x0000000000000128       0x20 c:/intelfpga/18.1/nios2eds/bin/gnu/h-x86_64-mingw32/bin/../lib/gcc/nios2-elf/5.3.0/../../../../../H-x86_64-mingw32/nios2-elf/lib/mno-hw-mul\libsmallc.a(lib_a-fvwrite_small_dev.o)
 .debug_aranges
                0x0000000000000148       0x18 c:/intelfpga/18.1/nios2eds/bin/gnu/h-x86_64-mingw32/bin/../lib/gcc/nios2-elf/5.3.0/../../../../../H-x86_64-mingw32/nios2-elf/lib/mno-hw-mul\libsmallc.a(lib_a-impure.o)
 .debug_aranges
                0x0000000000000160       0x20 c:/intelfpga/18.1/nios2eds/bin/gnu/h-x86_64-mingw32/bin/../lib/gcc/nios2-elf/5.3.0/../../../../../H-x86_64-mingw32/nios2-elf/lib/mno-hw-mul\libsmallc.a(lib_a-writer.o)
 .debug_aranges
                0x0000000000000180       0x18 c:/intelfpga/18.1/nios2eds/bin/gnu/h-x86_64-mingw32/bin/../lib/gcc/nios2-elf/5.3.0/../../../../../H-x86_64-mingw32/nios2-elf/lib/mno-hw-mul\libsmallc.a(lib_a-int_errno.o)
 .debug_aranges
                0x0000000000000198       0x20 c:/intelfpga/18.1/nios2eds/bin/gnu/h-x86_64-mingw32/bin/../lib/gcc/nios2-elf/5.3.0/mno-hw-mul\libgcc.a(lib2-divmod.o)
 .debug_aranges
                0x00000000000001b8       0x20 c:/intelfpga/18.1/nios2eds/bin/gnu/h-x86_64-mingw32/bin/../lib/gcc/nios2-elf/5.3.0/mno-hw-mul\libgcc.a(lib2-mul.o)
 .debug_aranges
                0x00000000000001d8       0x20 ../Lab7_bsp/\libhal_bsp.a(alt_exit.o)
 .debug_aranges
                0x00000000000001f8       0x20 ../Lab7_bsp/\libhal_bsp.a(alt_iic.o)
 .debug_aranges
                0x0000000000000218       0x20 ../Lab7_bsp/\libhal_bsp.a(alt_iic_isr_register.o)
 .debug_aranges
                0x0000000000000238       0x30 ../Lab7_bsp/\libhal_bsp.a(alt_irq_entry.o)
 .debug_aranges
                0x0000000000000268       0x20 ../Lab7_bsp/\libhal_bsp.a(alt_irq_handler.o)
 .debug_aranges
                0x0000000000000288       0x18 ../Lab7_bsp/\libhal_bsp.a(alt_irq_vars.o)
 .debug_aranges
                0x00000000000002a0       0x20 ../Lab7_bsp/\libhal_bsp.a(alt_load.o)
 .debug_aranges
                0x00000000000002c0       0x20 ../Lab7_bsp/\libhal_bsp.a(alt_main.o)
 .debug_aranges
                0x00000000000002e0       0x20 ../Lab7_bsp/\libhal_bsp.a(alt_write.o)
 .debug_aranges
                0x0000000000000300       0x20 ../Lab7_bsp/\libhal_bsp.a(alt_sys_init.o)
 .debug_aranges
                0x0000000000000320       0x20 ../Lab7_bsp/\libhal_bsp.a(altera_avalon_jtag_uart_fd.o)
 .debug_aranges
                0x0000000000000340       0x20 ../Lab7_bsp/\libhal_bsp.a(altera_avalon_jtag_uart_read.o)
 .debug_aranges
                0x0000000000000360       0x20 ../Lab7_bsp/\libhal_bsp.a(altera_avalon_jtag_uart_write.o)
 .debug_aranges
                0x0000000000000380       0x20 ../Lab7_bsp/\libhal_bsp.a(alt_close.o)
 .debug_aranges
                0x00000000000003a0       0x20 ../Lab7_bsp/\libhal_bsp.a(alt_dcache_flush_all.o)
 .debug_aranges
                0x00000000000003c0       0x20 ../Lab7_bsp/\libhal_bsp.a(alt_dev.o)
 .debug_aranges
                0x00000000000003e0       0x20 ../Lab7_bsp/\libhal_bsp.a(alt_dev_llist_insert.o)
 .debug_aranges
                0x0000000000000400       0x20 ../Lab7_bsp/\libhal_bsp.a(alt_do_ctors.o)
 .debug_aranges
                0x0000000000000420       0x20 ../Lab7_bsp/\libhal_bsp.a(alt_do_dtors.o)
 .debug_aranges
                0x0000000000000440       0x18 ../Lab7_bsp/\libhal_bsp.a(alt_errno.o)
 .debug_aranges
                0x0000000000000458       0x38 ../Lab7_bsp/\libhal_bsp.a(alt_exception_entry.o)
 .debug_aranges
                0x0000000000000490       0x20 ../Lab7_bsp/\libhal_bsp.a(alt_icache_flush_all.o)
 .debug_aranges
                0x00000000000004b0       0x28 ../Lab7_bsp/\libhal_bsp.a(alt_instruction_exception_entry.o)
 .debug_aranges
                0x00000000000004d8       0x20 ../Lab7_bsp/\libhal_bsp.a(alt_io_redirect.o)
 .debug_aranges
                0x00000000000004f8       0x20 ../Lab7_bsp/\libhal_bsp.a(alt_open.o)
 .debug_aranges
                0x0000000000000518       0x20 ../Lab7_bsp/\libhal_bsp.a(alt_release_fd.o)
 .debug_aranges
                0x0000000000000538       0x20 ../Lab7_bsp/\libhal_bsp.a(altera_nios2_gen2_irq.o)
 .debug_aranges
                0x0000000000000558       0x20 ../Lab7_bsp/\libhal_bsp.a(alt_find_dev.o)
 .debug_aranges
                0x0000000000000578       0x20 ../Lab7_bsp/\libhal_bsp.a(alt_find_file.o)
 .debug_aranges
                0x0000000000000598       0x20 ../Lab7_bsp/\libhal_bsp.a(alt_get_fd.o)
 .debug_aranges
                0x00000000000005b8       0x20 c:/intelfpga/18.1/nios2eds/bin/gnu/h-x86_64-mingw32/bin/../lib/gcc/nios2-elf/5.3.0/../../../../../H-x86_64-mingw32/nios2-elf/lib/mno-hw-mul\libsmallc.a(lib_a-atexit.o)
 .debug_aranges
                0x00000000000005d8       0x20 c:/intelfpga/18.1/nios2eds/bin/gnu/h-x86_64-mingw32/bin/../lib/gcc/nios2-elf/5.3.0/../../../../../H-x86_64-mingw32/nios2-elf/lib/mno-hw-mul\libsmallc.a(lib_a-memcmp.o)
 .debug_aranges
                0x00000000000005f8       0x20 c:/intelfpga/18.1/nios2eds/bin/gnu/h-x86_64-mingw32/bin/../lib/gcc/nios2-elf/5.3.0/../../../../../H-x86_64-mingw32/nios2-elf/lib/mno-hw-mul\libsmallc.a(lib_a-__atexit.o)

.debug_pubnames
 *(.debug_pubnames)

.debug_info     0x0000000000000000     0x7f50
 *(.debug_info .gnu.linkonce.wi.*)
 .debug_info    0x0000000000000000       0x5f ../Lab7_bsp//obj/HAL/src/crt0.o
 .debug_info    0x000000000000005f      0x2c1 obj/default/Lab7.o
 .debug_info    0x0000000000000320       0xe5 c:/intelfpga/18.1/nios2eds/bin/gnu/h-x86_64-mingw32/bin/../lib/gcc/nios2-elf/5.3.0/../../../../../H-x86_64-mingw32/nios2-elf/lib/mno-hw-mul\libsmallc.a(lib_a-exit.o)
 .debug_info    0x0000000000000405      0x699 c:/intelfpga/18.1/nios2eds/bin/gnu/h-x86_64-mingw32/bin/../lib/gcc/nios2-elf/5.3.0/../../../../../H-x86_64-mingw32/nios2-elf/lib/mno-hw-mul\libsmallc.a(lib_a-printf.o)
 .debug_info    0x0000000000000a9e      0x66d c:/intelfpga/18.1/nios2eds/bin/gnu/h-x86_64-mingw32/bin/../lib/gcc/nios2-elf/5.3.0/../../../../../H-x86_64-mingw32/nios2-elf/lib/mno-hw-mul\libsmallc.a(lib_a-puts.o)
 .debug_info    0x000000000000110b       0xc9 c:/intelfpga/18.1/nios2eds/bin/gnu/h-x86_64-mingw32/bin/../lib/gcc/nios2-elf/5.3.0/../../../../../H-x86_64-mingw32/nios2-elf/lib/mno-hw-mul\libsmallc.a(lib_a-strlen.o)
 .debug_info    0x00000000000011d4      0xb2b c:/intelfpga/18.1/nios2eds/bin/gnu/h-x86_64-mingw32/bin/../lib/gcc/nios2-elf/5.3.0/../../../../../H-x86_64-mingw32/nios2-elf/lib/mno-hw-mul\libsmallc.a(lib_a-vfprintf.o)
 .debug_info    0x0000000000001cff      0x67b c:/intelfpga/18.1/nios2eds/bin/gnu/h-x86_64-mingw32/bin/../lib/gcc/nios2-elf/5.3.0/../../../../../H-x86_64-mingw32/nios2-elf/lib/mno-hw-mul\libsmallc.a(lib_a-__call_atexit.o)
 .debug_info    0x000000000000237a      0x62b c:/intelfpga/18.1/nios2eds/bin/gnu/h-x86_64-mingw32/bin/../lib/gcc/nios2-elf/5.3.0/../../../../../H-x86_64-mingw32/nios2-elf/lib/mno-hw-mul\libsmallc.a(lib_a-fvwrite_small_dev.o)
 .debug_info    0x00000000000029a5      0x5a9 c:/intelfpga/18.1/nios2eds/bin/gnu/h-x86_64-mingw32/bin/../lib/gcc/nios2-elf/5.3.0/../../../../../H-x86_64-mingw32/nios2-elf/lib/mno-hw-mul\libsmallc.a(lib_a-impure.o)
 .debug_info    0x0000000000002f4e      0x630 c:/intelfpga/18.1/nios2eds/bin/gnu/h-x86_64-mingw32/bin/../lib/gcc/nios2-elf/5.3.0/../../../../../H-x86_64-mingw32/nios2-elf/lib/mno-hw-mul\libsmallc.a(lib_a-writer.o)
 .debug_info    0x000000000000357e       0x8a c:/intelfpga/18.1/nios2eds/bin/gnu/h-x86_64-mingw32/bin/../lib/gcc/nios2-elf/5.3.0/../../../../../H-x86_64-mingw32/nios2-elf/lib/mno-hw-mul\libsmallc.a(lib_a-int_errno.o)
 .debug_info    0x0000000000003608      0x2c6 c:/intelfpga/18.1/nios2eds/bin/gnu/h-x86_64-mingw32/bin/../lib/gcc/nios2-elf/5.3.0/mno-hw-mul\libgcc.a(lib2-divmod.o)
 .debug_info    0x00000000000038ce       0xb4 c:/intelfpga/18.1/nios2eds/bin/gnu/h-x86_64-mingw32/bin/../lib/gcc/nios2-elf/5.3.0/mno-hw-mul\libgcc.a(lib2-mul.o)
 .debug_info    0x0000000000003982       0xec ../Lab7_bsp/\libhal_bsp.a(alt_exit.o)
 .debug_info    0x0000000000003a6e      0x350 ../Lab7_bsp/\libhal_bsp.a(alt_iic.o)
 .debug_info    0x0000000000003dbe      0x1ef ../Lab7_bsp/\libhal_bsp.a(alt_iic_isr_register.o)
 .debug_info    0x0000000000003fad       0x68 ../Lab7_bsp/\libhal_bsp.a(alt_irq_entry.o)
 .debug_info    0x0000000000004015      0x187 ../Lab7_bsp/\libhal_bsp.a(alt_irq_handler.o)
 .debug_info    0x000000000000419c       0x88 ../Lab7_bsp/\libhal_bsp.a(alt_irq_vars.o)
 .debug_info    0x0000000000004224      0x145 ../Lab7_bsp/\libhal_bsp.a(alt_load.o)
 .debug_info    0x0000000000004369      0x131 ../Lab7_bsp/\libhal_bsp.a(alt_main.o)
 .debug_info    0x000000000000449a      0x4b7 ../Lab7_bsp/\libhal_bsp.a(alt_write.o)
 .debug_info    0x0000000000004951      0x3c9 ../Lab7_bsp/\libhal_bsp.a(alt_sys_init.o)
 .debug_info    0x0000000000004d1a      0x3a7 ../Lab7_bsp/\libhal_bsp.a(altera_avalon_jtag_uart_fd.o)
 .debug_info    0x00000000000050c1      0x1b2 ../Lab7_bsp/\libhal_bsp.a(altera_avalon_jtag_uart_read.o)
 .debug_info    0x0000000000005273      0x195 ../Lab7_bsp/\libhal_bsp.a(altera_avalon_jtag_uart_write.o)
 .debug_info    0x0000000000005408      0x321 ../Lab7_bsp/\libhal_bsp.a(alt_close.o)
 .debug_info    0x0000000000005729       0x92 ../Lab7_bsp/\libhal_bsp.a(alt_dcache_flush_all.o)
 .debug_info    0x00000000000057bb      0x49c ../Lab7_bsp/\libhal_bsp.a(alt_dev.o)
 .debug_info    0x0000000000005c57      0x1a9 ../Lab7_bsp/\libhal_bsp.a(alt_dev_llist_insert.o)
 .debug_info    0x0000000000005e00       0x83 ../Lab7_bsp/\libhal_bsp.a(alt_do_ctors.o)
 .debug_info    0x0000000000005e83       0x83 ../Lab7_bsp/\libhal_bsp.a(alt_do_dtors.o)
 .debug_info    0x0000000000005f06       0xa6 ../Lab7_bsp/\libhal_bsp.a(alt_errno.o)
 .debug_info    0x0000000000005fac       0x6e ../Lab7_bsp/\libhal_bsp.a(alt_exception_entry.o)
 .debug_info    0x000000000000601a       0x92 ../Lab7_bsp/\libhal_bsp.a(alt_icache_flush_all.o)
 .debug_info    0x00000000000060ac      0x1e7 ../Lab7_bsp/\libhal_bsp.a(alt_instruction_exception_entry.o)
 .debug_info    0x0000000000006293      0x4a5 ../Lab7_bsp/\libhal_bsp.a(alt_io_redirect.o)
 .debug_info    0x0000000000006738      0x3bb ../Lab7_bsp/\libhal_bsp.a(alt_open.o)
 .debug_info    0x0000000000006af3      0x2b0 ../Lab7_bsp/\libhal_bsp.a(alt_release_fd.o)
 .debug_info    0x0000000000006da3       0x92 ../Lab7_bsp/\libhal_bsp.a(altera_nios2_gen2_irq.o)
 .debug_info    0x0000000000006e35      0x2e9 ../Lab7_bsp/\libhal_bsp.a(alt_find_dev.o)
 .debug_info    0x000000000000711e      0x2e6 ../Lab7_bsp/\libhal_bsp.a(alt_find_file.o)
 .debug_info    0x0000000000007404      0x310 ../Lab7_bsp/\libhal_bsp.a(alt_get_fd.o)
 .debug_info    0x0000000000007714       0xfe c:/intelfpga/18.1/nios2eds/bin/gnu/h-x86_64-mingw32/bin/../lib/gcc/nios2-elf/5.3.0/../../../../../H-x86_64-mingw32/nios2-elf/lib/mno-hw-mul\libsmallc.a(lib_a-atexit.o)
 .debug_info    0x0000000000007812       0xf4 c:/intelfpga/18.1/nios2eds/bin/gnu/h-x86_64-mingw32/bin/../lib/gcc/nios2-elf/5.3.0/../../../../../H-x86_64-mingw32/nios2-elf/lib/mno-hw-mul\libsmallc.a(lib_a-memcmp.o)
 .debug_info    0x0000000000007906      0x64a c:/intelfpga/18.1/nios2eds/bin/gnu/h-x86_64-mingw32/bin/../lib/gcc/nios2-elf/5.3.0/../../../../../H-x86_64-mingw32/nios2-elf/lib/mno-hw-mul\libsmallc.a(lib_a-__atexit.o)

.debug_abbrev   0x0000000000000000     0x2b51
 *(.debug_abbrev)
 .debug_abbrev  0x0000000000000000       0x12 ../Lab7_bsp//obj/HAL/src/crt0.o
 .debug_abbrev  0x0000000000000012       0xcb obj/default/Lab7.o
 .debug_abbrev  0x00000000000000dd       0x8b c:/intelfpga/18.1/nios2eds/bin/gnu/h-x86_64-mingw32/bin/../lib/gcc/nios2-elf/5.3.0/../../../../../H-x86_64-mingw32/nios2-elf/lib/mno-hw-mul\libsmallc.a(lib_a-exit.o)
 .debug_abbrev  0x0000000000000168      0x1ee c:/intelfpga/18.1/nios2eds/bin/gnu/h-x86_64-mingw32/bin/../lib/gcc/nios2-elf/5.3.0/../../../../../H-x86_64-mingw32/nios2-elf/lib/mno-hw-mul\libsmallc.a(lib_a-printf.o)
 .debug_abbrev  0x0000000000000356      0x1d6 c:/intelfpga/18.1/nios2eds/bin/gnu/h-x86_64-mingw32/bin/../lib/gcc/nios2-elf/5.3.0/../../../../../H-x86_64-mingw32/nios2-elf/lib/mno-hw-mul\libsmallc.a(lib_a-puts.o)
 .debug_abbrev  0x000000000000052c       0x7f c:/intelfpga/18.1/nios2eds/bin/gnu/h-x86_64-mingw32/bin/../lib/gcc/nios2-elf/5.3.0/../../../../../H-x86_64-mingw32/nios2-elf/lib/mno-hw-mul\libsmallc.a(lib_a-strlen.o)
 .debug_abbrev  0x00000000000005ab      0x2a1 c:/intelfpga/18.1/nios2eds/bin/gnu/h-x86_64-mingw32/bin/../lib/gcc/nios2-elf/5.3.0/../../../../../H-x86_64-mingw32/nios2-elf/lib/mno-hw-mul\libsmallc.a(lib_a-vfprintf.o)
 .debug_abbrev  0x000000000000084c      0x1f6 c:/intelfpga/18.1/nios2eds/bin/gnu/h-x86_64-mingw32/bin/../lib/gcc/nios2-elf/5.3.0/../../../../../H-x86_64-mingw32/nios2-elf/lib/mno-hw-mul\libsmallc.a(lib_a-__call_atexit.o)
 .debug_abbrev  0x0000000000000a42      0x1bc c:/intelfpga/18.1/nios2eds/bin/gnu/h-x86_64-mingw32/bin/../lib/gcc/nios2-elf/5.3.0/../../../../../H-x86_64-mingw32/nios2-elf/lib/mno-hw-mul\libsmallc.a(lib_a-fvwrite_small_dev.o)
 .debug_abbrev  0x0000000000000bfe      0x14a c:/intelfpga/18.1/nios2eds/bin/gnu/h-x86_64-mingw32/bin/../lib/gcc/nios2-elf/5.3.0/../../../../../H-x86_64-mingw32/nios2-elf/lib/mno-hw-mul\libsmallc.a(lib_a-impure.o)
 .debug_abbrev  0x0000000000000d48      0x1a6 c:/intelfpga/18.1/nios2eds/bin/gnu/h-x86_64-mingw32/bin/../lib/gcc/nios2-elf/5.3.0/../../../../../H-x86_64-mingw32/nios2-elf/lib/mno-hw-mul\libsmallc.a(lib_a-writer.o)
 .debug_abbrev  0x0000000000000eee       0x37 c:/intelfpga/18.1/nios2eds/bin/gnu/h-x86_64-mingw32/bin/../lib/gcc/nios2-elf/5.3.0/../../../../../H-x86_64-mingw32/nios2-elf/lib/mno-hw-mul\libsmallc.a(lib_a-int_errno.o)
 .debug_abbrev  0x0000000000000f25      0x10e c:/intelfpga/18.1/nios2eds/bin/gnu/h-x86_64-mingw32/bin/../lib/gcc/nios2-elf/5.3.0/mno-hw-mul\libgcc.a(lib2-divmod.o)
 .debug_abbrev  0x0000000000001033       0x6f c:/intelfpga/18.1/nios2eds/bin/gnu/h-x86_64-mingw32/bin/../lib/gcc/nios2-elf/5.3.0/mno-hw-mul\libgcc.a(lib2-mul.o)
 .debug_abbrev  0x00000000000010a2       0xa9 ../Lab7_bsp/\libhal_bsp.a(alt_exit.o)
 .debug_abbrev  0x000000000000114b      0x163 ../Lab7_bsp/\libhal_bsp.a(alt_iic.o)
 .debug_abbrev  0x00000000000012ae      0x169 ../Lab7_bsp/\libhal_bsp.a(alt_iic_isr_register.o)
 .debug_abbrev  0x0000000000001417       0x12 ../Lab7_bsp/\libhal_bsp.a(alt_irq_entry.o)
 .debug_abbrev  0x0000000000001429      0x122 ../Lab7_bsp/\libhal_bsp.a(alt_irq_handler.o)
 .debug_abbrev  0x000000000000154b       0x40 ../Lab7_bsp/\libhal_bsp.a(alt_irq_vars.o)
 .debug_abbrev  0x000000000000158b       0x9f ../Lab7_bsp/\libhal_bsp.a(alt_load.o)
 .debug_abbrev  0x000000000000162a       0xba ../Lab7_bsp/\libhal_bsp.a(alt_main.o)
 .debug_abbrev  0x00000000000016e4      0x133 ../Lab7_bsp/\libhal_bsp.a(alt_write.o)
 .debug_abbrev  0x0000000000001817      0x157 ../Lab7_bsp/\libhal_bsp.a(alt_sys_init.o)
 .debug_abbrev  0x000000000000196e       0xf7 ../Lab7_bsp/\libhal_bsp.a(altera_avalon_jtag_uart_fd.o)
 .debug_abbrev  0x0000000000001a65       0xd5 ../Lab7_bsp/\libhal_bsp.a(altera_avalon_jtag_uart_read.o)
 .debug_abbrev  0x0000000000001b3a       0xd5 ../Lab7_bsp/\libhal_bsp.a(altera_avalon_jtag_uart_write.o)
 .debug_abbrev  0x0000000000001c0f      0x11f ../Lab7_bsp/\libhal_bsp.a(alt_close.o)
 .debug_abbrev  0x0000000000001d2e       0x42 ../Lab7_bsp/\libhal_bsp.a(alt_dcache_flush_all.o)
 .debug_abbrev  0x0000000000001d70       0xd9 ../Lab7_bsp/\libhal_bsp.a(alt_dev.o)
 .debug_abbrev  0x0000000000001e49      0x114 ../Lab7_bsp/\libhal_bsp.a(alt_dev_llist_insert.o)
 .debug_abbrev  0x0000000000001f5d       0x79 ../Lab7_bsp/\libhal_bsp.a(alt_do_ctors.o)
 .debug_abbrev  0x0000000000001fd6       0x79 ../Lab7_bsp/\libhal_bsp.a(alt_do_dtors.o)
 .debug_abbrev  0x000000000000204f       0x5a ../Lab7_bsp/\libhal_bsp.a(alt_errno.o)
 .debug_abbrev  0x00000000000020a9       0x12 ../Lab7_bsp/\libhal_bsp.a(alt_exception_entry.o)
 .debug_abbrev  0x00000000000020bb       0x42 ../Lab7_bsp/\libhal_bsp.a(alt_icache_flush_all.o)
 .debug_abbrev  0x00000000000020fd       0xdc ../Lab7_bsp/\libhal_bsp.a(alt_instruction_exception_entry.o)
 .debug_abbrev  0x00000000000021d9      0x114 ../Lab7_bsp/\libhal_bsp.a(alt_io_redirect.o)
 .debug_abbrev  0x00000000000022ed      0x148 ../Lab7_bsp/\libhal_bsp.a(alt_open.o)
 .debug_abbrev  0x0000000000002435       0xde ../Lab7_bsp/\libhal_bsp.a(alt_release_fd.o)
 .debug_abbrev  0x0000000000002513       0x42 ../Lab7_bsp/\libhal_bsp.a(altera_nios2_gen2_irq.o)
 .debug_abbrev  0x0000000000002555       0xf0 ../Lab7_bsp/\libhal_bsp.a(alt_find_dev.o)
 .debug_abbrev  0x0000000000002645       0xf0 ../Lab7_bsp/\libhal_bsp.a(alt_find_file.o)
 .debug_abbrev  0x0000000000002735      0x10d ../Lab7_bsp/\libhal_bsp.a(alt_get_fd.o)
 .debug_abbrev  0x0000000000002842       0xaa c:/intelfpga/18.1/nios2eds/bin/gnu/h-x86_64-mingw32/bin/../lib/gcc/nios2-elf/5.3.0/../../../../../H-x86_64-mingw32/nios2-elf/lib/mno-hw-mul\libsmallc.a(lib_a-atexit.o)
 .debug_abbrev  0x00000000000028ec       0x7f c:/intelfpga/18.1/nios2eds/bin/gnu/h-x86_64-mingw32/bin/../lib/gcc/nios2-elf/5.3.0/../../../../../H-x86_64-mingw32/nios2-elf/lib/mno-hw-mul\libsmallc.a(lib_a-memcmp.o)
 .debug_abbrev  0x000000000000296b      0x1e6 c:/intelfpga/18.1/nios2eds/bin/gnu/h-x86_64-mingw32/bin/../lib/gcc/nios2-elf/5.3.0/../../../../../H-x86_64-mingw32/nios2-elf/lib/mno-hw-mul\libsmallc.a(lib_a-__atexit.o)

.debug_line     0x0000000000000000     0x2fc7
 *(.debug_line)
 .debug_line    0x0000000000000000       0x66 ../Lab7_bsp//obj/HAL/src/crt0.o
 .debug_line    0x0000000000000066      0x103 obj/default/Lab7.o
 .debug_line    0x0000000000000169      0x159 c:/intelfpga/18.1/nios2eds/bin/gnu/h-x86_64-mingw32/bin/../lib/gcc/nios2-elf/5.3.0/../../../../../H-x86_64-mingw32/nios2-elf/lib/mno-hw-mul\libsmallc.a(lib_a-exit.o)
 .debug_line    0x00000000000002c2      0x203 c:/intelfpga/18.1/nios2eds/bin/gnu/h-x86_64-mingw32/bin/../lib/gcc/nios2-elf/5.3.0/../../../../../H-x86_64-mingw32/nios2-elf/lib/mno-hw-mul\libsmallc.a(lib_a-printf.o)
 .debug_line    0x00000000000004c5      0x206 c:/intelfpga/18.1/nios2eds/bin/gnu/h-x86_64-mingw32/bin/../lib/gcc/nios2-elf/5.3.0/../../../../../H-x86_64-mingw32/nios2-elf/lib/mno-hw-mul\libsmallc.a(lib_a-puts.o)
 .debug_line    0x00000000000006cb      0x15c c:/intelfpga/18.1/nios2eds/bin/gnu/h-x86_64-mingw32/bin/../lib/gcc/nios2-elf/5.3.0/../../../../../H-x86_64-mingw32/nios2-elf/lib/mno-hw-mul\libsmallc.a(lib_a-strlen.o)
 .debug_line    0x0000000000000827      0x351 c:/intelfpga/18.1/nios2eds/bin/gnu/h-x86_64-mingw32/bin/../lib/gcc/nios2-elf/5.3.0/../../../../../H-x86_64-mingw32/nios2-elf/lib/mno-hw-mul\libsmallc.a(lib_a-vfprintf.o)
 .debug_line    0x0000000000000b78      0x232 c:/intelfpga/18.1/nios2eds/bin/gnu/h-x86_64-mingw32/bin/../lib/gcc/nios2-elf/5.3.0/../../../../../H-x86_64-mingw32/nios2-elf/lib/mno-hw-mul\libsmallc.a(lib_a-__call_atexit.o)
 .debug_line    0x0000000000000daa      0x1f0 c:/intelfpga/18.1/nios2eds/bin/gnu/h-x86_64-mingw32/bin/../lib/gcc/nios2-elf/5.3.0/../../../../../H-x86_64-mingw32/nios2-elf/lib/mno-hw-mul\libsmallc.a(lib_a-fvwrite_small_dev.o)
 .debug_line    0x0000000000000f9a      0x156 c:/intelfpga/18.1/nios2eds/bin/gnu/h-x86_64-mingw32/bin/../lib/gcc/nios2-elf/5.3.0/../../../../../H-x86_64-mingw32/nios2-elf/lib/mno-hw-mul\libsmallc.a(lib_a-impure.o)
 .debug_line    0x00000000000010f0      0x1ed c:/intelfpga/18.1/nios2eds/bin/gnu/h-x86_64-mingw32/bin/../lib/gcc/nios2-elf/5.3.0/../../../../../H-x86_64-mingw32/nios2-elf/lib/mno-hw-mul\libsmallc.a(lib_a-writer.o)
 .debug_line    0x00000000000012dd       0x5f c:/intelfpga/18.1/nios2eds/bin/gnu/h-x86_64-mingw32/bin/../lib/gcc/nios2-elf/5.3.0/../../../../../H-x86_64-mingw32/nios2-elf/lib/mno-hw-mul\libsmallc.a(lib_a-int_errno.o)
 .debug_line    0x000000000000133c      0x105 c:/intelfpga/18.1/nios2eds/bin/gnu/h-x86_64-mingw32/bin/../lib/gcc/nios2-elf/5.3.0/mno-hw-mul\libgcc.a(lib2-divmod.o)
 .debug_line    0x0000000000001441       0x80 c:/intelfpga/18.1/nios2eds/bin/gnu/h-x86_64-mingw32/bin/../lib/gcc/nios2-elf/5.3.0/mno-hw-mul\libgcc.a(lib2-mul.o)
 .debug_line    0x00000000000014c1       0x71 ../Lab7_bsp/\libhal_bsp.a(alt_exit.o)
 .debug_line    0x0000000000001532       0xeb ../Lab7_bsp/\libhal_bsp.a(alt_iic.o)
 .debug_line    0x000000000000161d       0xdb ../Lab7_bsp/\libhal_bsp.a(alt_iic_isr_register.o)
 .debug_line    0x00000000000016f8       0x6b ../Lab7_bsp/\libhal_bsp.a(alt_irq_entry.o)
 .debug_line    0x0000000000001763       0xaa ../Lab7_bsp/\libhal_bsp.a(alt_irq_handler.o)
 .debug_line    0x000000000000180d       0x50 ../Lab7_bsp/\libhal_bsp.a(alt_irq_vars.o)
 .debug_line    0x000000000000185d       0x8e ../Lab7_bsp/\libhal_bsp.a(alt_load.o)
 .debug_line    0x00000000000018eb       0xa4 ../Lab7_bsp/\libhal_bsp.a(alt_main.o)
 .debug_line    0x000000000000198f      0x1d1 ../Lab7_bsp/\libhal_bsp.a(alt_write.o)
 .debug_line    0x0000000000001b60      0x126 ../Lab7_bsp/\libhal_bsp.a(alt_sys_init.o)
 .debug_line    0x0000000000001c86      0x112 ../Lab7_bsp/\libhal_bsp.a(altera_avalon_jtag_uart_fd.o)
 .debug_line    0x0000000000001d98       0xfd ../Lab7_bsp/\libhal_bsp.a(altera_avalon_jtag_uart_read.o)
 .debug_line    0x0000000000001e95       0xf4 ../Lab7_bsp/\libhal_bsp.a(altera_avalon_jtag_uart_write.o)
 .debug_line    0x0000000000001f89      0x160 ../Lab7_bsp/\libhal_bsp.a(alt_close.o)
 .debug_line    0x00000000000020e9       0x51 ../Lab7_bsp/\libhal_bsp.a(alt_dcache_flush_all.o)
 .debug_line    0x000000000000213a       0xf3 ../Lab7_bsp/\libhal_bsp.a(alt_dev.o)
 .debug_line    0x000000000000222d       0xcf ../Lab7_bsp/\libhal_bsp.a(alt_dev_llist_insert.o)
 .debug_line    0x00000000000022fc       0x59 ../Lab7_bsp/\libhal_bsp.a(alt_do_ctors.o)
 .debug_line    0x0000000000002355       0x59 ../Lab7_bsp/\libhal_bsp.a(alt_do_dtors.o)
 .debug_line    0x00000000000023ae       0x51 ../Lab7_bsp/\libhal_bsp.a(alt_errno.o)
 .debug_line    0x00000000000023ff       0xb3 ../Lab7_bsp/\libhal_bsp.a(alt_exception_entry.o)
 .debug_line    0x00000000000024b2       0x4f ../Lab7_bsp/\libhal_bsp.a(alt_icache_flush_all.o)
 .debug_line    0x0000000000002501       0xb9 ../Lab7_bsp/\libhal_bsp.a(alt_instruction_exception_entry.o)
 .debug_line    0x00000000000025ba      0x130 ../Lab7_bsp/\libhal_bsp.a(alt_io_redirect.o)
 .debug_line    0x00000000000026ea      0x12b ../Lab7_bsp/\libhal_bsp.a(alt_open.o)
 .debug_line    0x0000000000002815       0xb0 ../Lab7_bsp/\libhal_bsp.a(alt_release_fd.o)
 .debug_line    0x00000000000028c5       0x51 ../Lab7_bsp/\libhal_bsp.a(altera_nios2_gen2_irq.o)
 .debug_line    0x0000000000002916       0xb5 ../Lab7_bsp/\libhal_bsp.a(alt_find_dev.o)
 .debug_line    0x00000000000029cb       0xd1 ../Lab7_bsp/\libhal_bsp.a(alt_find_file.o)
 .debug_line    0x0000000000002a9c       0xd7 ../Lab7_bsp/\libhal_bsp.a(alt_get_fd.o)
 .debug_line    0x0000000000002b73       0xe7 c:/intelfpga/18.1/nios2eds/bin/gnu/h-x86_64-mingw32/bin/../lib/gcc/nios2-elf/5.3.0/../../../../../H-x86_64-mingw32/nios2-elf/lib/mno-hw-mul\libsmallc.a(lib_a-atexit.o)
 .debug_line    0x0000000000002c5a      0x160 c:/intelfpga/18.1/nios2eds/bin/gnu/h-x86_64-mingw32/bin/../lib/gcc/nios2-elf/5.3.0/../../../../../H-x86_64-mingw32/nios2-elf/lib/mno-hw-mul\libsmallc.a(lib_a-memcmp.o)
 .debug_line    0x0000000000002dba      0x20d c:/intelfpga/18.1/nios2eds/bin/gnu/h-x86_64-mingw32/bin/../lib/gcc/nios2-elf/5.3.0/../../../../../H-x86_64-mingw32/nios2-elf/lib/mno-hw-mul\libsmallc.a(lib_a-__atexit.o)

.debug_frame    0x0000000000000000      0xbac
 *(.debug_frame)
 .debug_frame   0x0000000000000000       0xc0 obj/default/Lab7.o
 .debug_frame   0x00000000000000c0       0x28 c:/intelfpga/18.1/nios2eds/bin/gnu/h-x86_64-mingw32/bin/../lib/gcc/nios2-elf/5.3.0/../../../../../H-x86_64-mingw32/nios2-elf/lib/mno-hw-mul\libsmallc.a(lib_a-exit.o)
 .debug_frame   0x00000000000000e8       0x48 c:/intelfpga/18.1/nios2eds/bin/gnu/h-x86_64-mingw32/bin/../lib/gcc/nios2-elf/5.3.0/../../../../../H-x86_64-mingw32/nios2-elf/lib/mno-hw-mul\libsmallc.a(lib_a-printf.o)
 .debug_frame   0x0000000000000130       0x48 c:/intelfpga/18.1/nios2eds/bin/gnu/h-x86_64-mingw32/bin/../lib/gcc/nios2-elf/5.3.0/../../../../../H-x86_64-mingw32/nios2-elf/lib/mno-hw-mul\libsmallc.a(lib_a-puts.o)
 .debug_frame   0x0000000000000178       0x20 c:/intelfpga/18.1/nios2eds/bin/gnu/h-x86_64-mingw32/bin/../lib/gcc/nios2-elf/5.3.0/../../../../../H-x86_64-mingw32/nios2-elf/lib/mno-hw-mul\libsmallc.a(lib_a-strlen.o)
 .debug_frame   0x0000000000000198       0x8c c:/intelfpga/18.1/nios2eds/bin/gnu/h-x86_64-mingw32/bin/../lib/gcc/nios2-elf/5.3.0/../../../../../H-x86_64-mingw32/nios2-elf/lib/mno-hw-mul\libsmallc.a(lib_a-vfprintf.o)
 .debug_frame   0x0000000000000224       0x54 c:/intelfpga/18.1/nios2eds/bin/gnu/h-x86_64-mingw32/bin/../lib/gcc/nios2-elf/5.3.0/../../../../../H-x86_64-mingw32/nios2-elf/lib/mno-hw-mul\libsmallc.a(lib_a-__call_atexit.o)
 .debug_frame   0x0000000000000278       0x58 c:/intelfpga/18.1/nios2eds/bin/gnu/h-x86_64-mingw32/bin/../lib/gcc/nios2-elf/5.3.0/../../../../../H-x86_64-mingw32/nios2-elf/lib/mno-hw-mul\libsmallc.a(lib_a-fvwrite_small_dev.o)
 .debug_frame   0x00000000000002d0       0x38 c:/intelfpga/18.1/nios2eds/bin/gnu/h-x86_64-mingw32/bin/../lib/gcc/nios2-elf/5.3.0/../../../../../H-x86_64-mingw32/nios2-elf/lib/mno-hw-mul\libsmallc.a(lib_a-writer.o)
 .debug_frame   0x0000000000000308       0x50 c:/intelfpga/18.1/nios2eds/bin/gnu/h-x86_64-mingw32/bin/../lib/gcc/nios2-elf/5.3.0/mno-hw-mul\libgcc.a(lib2-divmod.o)
 .debug_frame   0x0000000000000358       0x20 c:/intelfpga/18.1/nios2eds/bin/gnu/h-x86_64-mingw32/bin/../lib/gcc/nios2-elf/5.3.0/mno-hw-mul\libgcc.a(lib2-mul.o)
 .debug_frame   0x0000000000000378       0x2c ../Lab7_bsp/\libhal_bsp.a(alt_exit.o)
 .debug_frame   0x00000000000003a4       0xa4 ../Lab7_bsp/\libhal_bsp.a(alt_iic.o)
 .debug_frame   0x0000000000000448       0x38 ../Lab7_bsp/\libhal_bsp.a(alt_iic_isr_register.o)
 .debug_frame   0x0000000000000480       0x38 ../Lab7_bsp/\libhal_bsp.a(alt_irq_handler.o)
 .debug_frame   0x00000000000004b8       0x5c ../Lab7_bsp/\libhal_bsp.a(alt_load.o)
 .debug_frame   0x0000000000000514       0x2c ../Lab7_bsp/\libhal_bsp.a(alt_main.o)
 .debug_frame   0x0000000000000540       0x60 ../Lab7_bsp/\libhal_bsp.a(alt_write.o)
 .debug_frame   0x00000000000005a0       0x88 ../Lab7_bsp/\libhal_bsp.a(alt_sys_init.o)
 .debug_frame   0x0000000000000628       0x60 ../Lab7_bsp/\libhal_bsp.a(altera_avalon_jtag_uart_fd.o)
 .debug_frame   0x0000000000000688       0x34 ../Lab7_bsp/\libhal_bsp.a(altera_avalon_jtag_uart_read.o)
 .debug_frame   0x00000000000006bc       0x34 ../Lab7_bsp/\libhal_bsp.a(altera_avalon_jtag_uart_write.o)
 .debug_frame   0x00000000000006f0       0x60 ../Lab7_bsp/\libhal_bsp.a(alt_close.o)
 .debug_frame   0x0000000000000750       0x34 ../Lab7_bsp/\libhal_bsp.a(alt_dcache_flush_all.o)
 .debug_frame   0x0000000000000784       0x34 ../Lab7_bsp/\libhal_bsp.a(alt_dev.o)
 .debug_frame   0x00000000000007b8       0x60 ../Lab7_bsp/\libhal_bsp.a(alt_dev_llist_insert.o)
 .debug_frame   0x0000000000000818       0x38 ../Lab7_bsp/\libhal_bsp.a(alt_do_ctors.o)
 .debug_frame   0x0000000000000850       0x38 ../Lab7_bsp/\libhal_bsp.a(alt_do_dtors.o)
 .debug_frame   0x0000000000000888       0x34 ../Lab7_bsp/\libhal_bsp.a(alt_icache_flush_all.o)
 .debug_frame   0x00000000000008bc       0x5c ../Lab7_bsp/\libhal_bsp.a(alt_instruction_exception_entry.o)
 .debug_frame   0x0000000000000918       0x64 ../Lab7_bsp/\libhal_bsp.a(alt_io_redirect.o)
 .debug_frame   0x000000000000097c       0x8c ../Lab7_bsp/\libhal_bsp.a(alt_open.o)
 .debug_frame   0x0000000000000a08       0x3c ../Lab7_bsp/\libhal_bsp.a(alt_release_fd.o)
 .debug_frame   0x0000000000000a44       0x34 ../Lab7_bsp/\libhal_bsp.a(altera_nios2_gen2_irq.o)
 .debug_frame   0x0000000000000a78       0x38 ../Lab7_bsp/\libhal_bsp.a(alt_find_dev.o)
 .debug_frame   0x0000000000000ab0       0x38 ../Lab7_bsp/\libhal_bsp.a(alt_find_file.o)
 .debug_frame   0x0000000000000ae8       0x3c ../Lab7_bsp/\libhal_bsp.a(alt_get_fd.o)
 .debug_frame   0x0000000000000b24       0x20 c:/intelfpga/18.1/nios2eds/bin/gnu/h-x86_64-mingw32/bin/../lib/gcc/nios2-elf/5.3.0/../../../../../H-x86_64-mingw32/nios2-elf/lib/mno-hw-mul\libsmallc.a(lib_a-atexit.o)
 .debug_frame   0x0000000000000b44       0x20 c:/intelfpga/18.1/nios2eds/bin/gnu/h-x86_64-mingw32/bin/../lib/gcc/nios2-elf/5.3.0/../../../../../H-x86_64-mingw32/nios2-elf/lib/mno-hw-mul\libsmallc.a(lib_a-memcmp.o)
 .debug_frame   0x0000000000000b64       0x48 c:/intelfpga/18.1/nios2eds/bin/gnu/h-x86_64-mingw32/bin/../lib/gcc/nios2-elf/5.3.0/../../../../../H-x86_64-mingw32/nios2-elf/lib/mno-hw-mul\libsmallc.a(lib_a-__atexit.o)

.debug_str      0x0000000000000000     0x1d08
 *(.debug_str)
 .debug_str     0x0000000000000000      0x16b obj/default/Lab7.o
                                        0x1b1 (size before relaxing)
 .debug_str     0x000000000000016b      0x142 c:/intelfpga/18.1/nios2eds/bin/gnu/h-x86_64-mingw32/bin/../lib/gcc/nios2-elf/5.3.0/../../../../../H-x86_64-mingw32/nios2-elf/lib/mno-hw-mul\libsmallc.a(lib_a-exit.o)
                                        0x1f0 (size before relaxing)
 .debug_str     0x00000000000002ad      0x3c0 c:/intelfpga/18.1/nios2eds/bin/gnu/h-x86_64-mingw32/bin/../lib/gcc/nios2-elf/5.3.0/../../../../../H-x86_64-mingw32/nios2-elf/lib/mno-hw-mul\libsmallc.a(lib_a-printf.o)
                                        0x504 (size before relaxing)
 .debug_str     0x000000000000066d       0x63 c:/intelfpga/18.1/nios2eds/bin/gnu/h-x86_64-mingw32/bin/../lib/gcc/nios2-elf/5.3.0/../../../../../H-x86_64-mingw32/nios2-elf/lib/mno-hw-mul\libsmallc.a(lib_a-puts.o)
                                        0x4cd (size before relaxing)
 .debug_str     0x00000000000006d0       0xd2 c:/intelfpga/18.1/nios2eds/bin/gnu/h-x86_64-mingw32/bin/../lib/gcc/nios2-elf/5.3.0/../../../../../H-x86_64-mingw32/nios2-elf/lib/mno-hw-mul\libsmallc.a(lib_a-strlen.o)
                                        0x1e5 (size before relaxing)
 .debug_str     0x00000000000007a2      0x1f2 c:/intelfpga/18.1/nios2eds/bin/gnu/h-x86_64-mingw32/bin/../lib/gcc/nios2-elf/5.3.0/../../../../../H-x86_64-mingw32/nios2-elf/lib/mno-hw-mul\libsmallc.a(lib_a-vfprintf.o)
                                        0x67f (size before relaxing)
 .debug_str     0x0000000000000994       0x78 c:/intelfpga/18.1/nios2eds/bin/gnu/h-x86_64-mingw32/bin/../lib/gcc/nios2-elf/5.3.0/../../../../../H-x86_64-mingw32/nios2-elf/lib/mno-hw-mul\libsmallc.a(lib_a-__call_atexit.o)
                                        0x4eb (size before relaxing)
 .debug_str     0x0000000000000a0c       0x63 c:/intelfpga/18.1/nios2eds/bin/gnu/h-x86_64-mingw32/bin/../lib/gcc/nios2-elf/5.3.0/../../../../../H-x86_64-mingw32/nios2-elf/lib/mno-hw-mul\libsmallc.a(lib_a-fvwrite_small_dev.o)
                                        0x4d4 (size before relaxing)
 .debug_str     0x0000000000000a6f       0xdc c:/intelfpga/18.1/nios2eds/bin/gnu/h-x86_64-mingw32/bin/../lib/gcc/nios2-elf/5.3.0/../../../../../H-x86_64-mingw32/nios2-elf/lib/mno-hw-mul\libsmallc.a(lib_a-impure.o)
                                        0x4be (size before relaxing)
 .debug_str     0x0000000000000b4b       0x45 c:/intelfpga/18.1/nios2eds/bin/gnu/h-x86_64-mingw32/bin/../lib/gcc/nios2-elf/5.3.0/../../../../../H-x86_64-mingw32/nios2-elf/lib/mno-hw-mul\libsmallc.a(lib_a-writer.o)
                                        0x4b8 (size before relaxing)
 .debug_str     0x0000000000000b90       0x3f c:/intelfpga/18.1/nios2eds/bin/gnu/h-x86_64-mingw32/bin/../lib/gcc/nios2-elf/5.3.0/../../../../../H-x86_64-mingw32/nios2-elf/lib/mno-hw-mul\libsmallc.a(lib_a-int_errno.o)
                                        0x1d8 (size before relaxing)
 .debug_str     0x0000000000000bcf      0x187 c:/intelfpga/18.1/nios2eds/bin/gnu/h-x86_64-mingw32/bin/../lib/gcc/nios2-elf/5.3.0/mno-hw-mul\libgcc.a(lib2-divmod.o)
                                        0x1d2 (size before relaxing)
 .debug_str     0x0000000000000d56       0x40 c:/intelfpga/18.1/nios2eds/bin/gnu/h-x86_64-mingw32/bin/../lib/gcc/nios2-elf/5.3.0/mno-hw-mul\libgcc.a(lib2-mul.o)
                                        0x193 (size before relaxing)
 .debug_str     0x0000000000000d96       0x55 ../Lab7_bsp/\libhal_bsp.a(alt_exit.o)
                                        0x142 (size before relaxing)
 .debug_str     0x0000000000000deb      0x103 ../Lab7_bsp/\libhal_bsp.a(alt_iic.o)
                                        0x22f (size before relaxing)
 .debug_str     0x0000000000000eee       0x4c ../Lab7_bsp/\libhal_bsp.a(alt_iic_isr_register.o)
                                        0x1d9 (size before relaxing)
 .debug_str     0x0000000000000f3a       0x3a ../Lab7_bsp/\libhal_bsp.a(alt_irq_handler.o)
                                        0x188 (size before relaxing)
 .debug_str     0x0000000000000f74       0x17 ../Lab7_bsp/\libhal_bsp.a(alt_irq_vars.o)
                                        0x12b (size before relaxing)
 .debug_str     0x0000000000000f8b       0xe9 ../Lab7_bsp/\libhal_bsp.a(alt_load.o)
                                        0x203 (size before relaxing)
 .debug_str     0x0000000000001074       0x70 ../Lab7_bsp/\libhal_bsp.a(alt_main.o)
                                        0x18e (size before relaxing)
 .debug_str     0x00000000000010e4      0x15e ../Lab7_bsp/\libhal_bsp.a(alt_write.o)
                                        0x2e9 (size before relaxing)
 .debug_str     0x0000000000001242      0x105 ../Lab7_bsp/\libhal_bsp.a(alt_sys_init.o)
                                        0x2c5 (size before relaxing)
 .debug_str     0x0000000000001347       0x77 ../Lab7_bsp/\libhal_bsp.a(altera_avalon_jtag_uart_fd.o)
                                        0x2c6 (size before relaxing)
 .debug_str     0x00000000000013be       0x48 ../Lab7_bsp/\libhal_bsp.a(altera_avalon_jtag_uart_read.o)
                                        0x210 (size before relaxing)
 .debug_str     0x0000000000001406       0x4a ../Lab7_bsp/\libhal_bsp.a(altera_avalon_jtag_uart_write.o)
                                        0x206 (size before relaxing)
 .debug_str     0x0000000000001450       0x1b ../Lab7_bsp/\libhal_bsp.a(alt_close.o)
                                        0x1fc (size before relaxing)
 .debug_str     0x000000000000146b       0x34 ../Lab7_bsp/\libhal_bsp.a(alt_dcache_flush_all.o)
                                        0x146 (size before relaxing)
 .debug_str     0x000000000000149f       0x50 ../Lab7_bsp/\libhal_bsp.a(alt_dev.o)
                                        0x2f6 (size before relaxing)
 .debug_str     0x00000000000014ef       0x45 ../Lab7_bsp/\libhal_bsp.a(alt_dev_llist_insert.o)
                                        0x1bd (size before relaxing)
 .debug_str     0x0000000000001534       0x48 ../Lab7_bsp/\libhal_bsp.a(alt_do_ctors.o)
                                         0xc1 (size before relaxing)
 .debug_str     0x000000000000157c       0x4c ../Lab7_bsp/\libhal_bsp.a(alt_do_dtors.o)
                                         0xc0 (size before relaxing)
 .debug_str     0x00000000000015c8       0x14 ../Lab7_bsp/\libhal_bsp.a(alt_errno.o)
                                        0x136 (size before relaxing)
 .debug_str     0x00000000000015dc       0x34 ../Lab7_bsp/\libhal_bsp.a(alt_icache_flush_all.o)
                                        0x146 (size before relaxing)
 .debug_str     0x0000000000001610      0x48b ../Lab7_bsp/\libhal_bsp.a(alt_instruction_exception_entry.o)
                                        0x591 (size before relaxing)
 .debug_str     0x0000000000001a9b       0x56 ../Lab7_bsp/\libhal_bsp.a(alt_io_redirect.o)
                                        0x307 (size before relaxing)
 .debug_str     0x0000000000001af1       0x2f ../Lab7_bsp/\libhal_bsp.a(alt_open.o)
                                        0x23c (size before relaxing)
 .debug_str     0x0000000000001b20       0x28 ../Lab7_bsp/\libhal_bsp.a(alt_release_fd.o)
                                        0x1c4 (size before relaxing)
 .debug_str     0x0000000000001b48       0x3b ../Lab7_bsp/\libhal_bsp.a(altera_nios2_gen2_irq.o)
                                        0x14d (size before relaxing)
 .debug_str     0x0000000000001b83       0x24 ../Lab7_bsp/\libhal_bsp.a(alt_find_dev.o)
                                        0x1dd (size before relaxing)
 .debug_str     0x0000000000001ba7       0x26 ../Lab7_bsp/\libhal_bsp.a(alt_find_file.o)
                                        0x1eb (size before relaxing)
 .debug_str     0x0000000000001bcd       0x30 ../Lab7_bsp/\libhal_bsp.a(alt_get_fd.o)
                                        0x20d (size before relaxing)
 .debug_str     0x0000000000001bfd       0x81 c:/intelfpga/18.1/nios2eds/bin/gnu/h-x86_64-mingw32/bin/../lib/gcc/nios2-elf/5.3.0/../../../../../H-x86_64-mingw32/nios2-elf/lib/mno-hw-mul\libsmallc.a(lib_a-atexit.o)
                                        0x21c (size before relaxing)
 .debug_str     0x0000000000001c7e       0x44 c:/intelfpga/18.1/nios2eds/bin/gnu/h-x86_64-mingw32/bin/../lib/gcc/nios2-elf/5.3.0/../../../../../H-x86_64-mingw32/nios2-elf/lib/mno-hw-mul\libsmallc.a(lib_a-memcmp.o)
                                        0x1df (size before relaxing)
 .debug_str     0x0000000000001cc2       0x46 c:/intelfpga/18.1/nios2eds/bin/gnu/h-x86_64-mingw32/bin/../lib/gcc/nios2-elf/5.3.0/../../../../../H-x86_64-mingw32/nios2-elf/lib/mno-hw-mul\libsmallc.a(lib_a-__atexit.o)
                                        0x4ff (size before relaxing)

.debug_loc      0x0000000000000000     0x15da
 *(.debug_loc)
 .debug_loc     0x0000000000000000       0x1e c:/intelfpga/18.1/nios2eds/bin/gnu/h-x86_64-mingw32/bin/../lib/gcc/nios2-elf/5.3.0/../../../../../H-x86_64-mingw32/nios2-elf/lib/mno-hw-mul\libsmallc.a(lib_a-exit.o)
 .debug_loc     0x000000000000001e       0xc6 c:/intelfpga/18.1/nios2eds/bin/gnu/h-x86_64-mingw32/bin/../lib/gcc/nios2-elf/5.3.0/../../../../../H-x86_64-mingw32/nios2-elf/lib/mno-hw-mul\libsmallc.a(lib_a-printf.o)
 .debug_loc     0x00000000000000e4       0x97 c:/intelfpga/18.1/nios2eds/bin/gnu/h-x86_64-mingw32/bin/../lib/gcc/nios2-elf/5.3.0/../../../../../H-x86_64-mingw32/nios2-elf/lib/mno-hw-mul\libsmallc.a(lib_a-puts.o)
 .debug_loc     0x000000000000017b       0x1e c:/intelfpga/18.1/nios2eds/bin/gnu/h-x86_64-mingw32/bin/../lib/gcc/nios2-elf/5.3.0/../../../../../H-x86_64-mingw32/nios2-elf/lib/mno-hw-mul\libsmallc.a(lib_a-strlen.o)
 .debug_loc     0x0000000000000199      0x954 c:/intelfpga/18.1/nios2eds/bin/gnu/h-x86_64-mingw32/bin/../lib/gcc/nios2-elf/5.3.0/../../../../../H-x86_64-mingw32/nios2-elf/lib/mno-hw-mul\libsmallc.a(lib_a-vfprintf.o)
 .debug_loc     0x0000000000000aed      0x157 c:/intelfpga/18.1/nios2eds/bin/gnu/h-x86_64-mingw32/bin/../lib/gcc/nios2-elf/5.3.0/../../../../../H-x86_64-mingw32/nios2-elf/lib/mno-hw-mul\libsmallc.a(lib_a-__call_atexit.o)
 .debug_loc     0x0000000000000c44      0x110 c:/intelfpga/18.1/nios2eds/bin/gnu/h-x86_64-mingw32/bin/../lib/gcc/nios2-elf/5.3.0/../../../../../H-x86_64-mingw32/nios2-elf/lib/mno-hw-mul\libsmallc.a(lib_a-fvwrite_small_dev.o)
 .debug_loc     0x0000000000000d54       0xa5 c:/intelfpga/18.1/nios2eds/bin/gnu/h-x86_64-mingw32/bin/../lib/gcc/nios2-elf/5.3.0/../../../../../H-x86_64-mingw32/nios2-elf/lib/mno-hw-mul\libsmallc.a(lib_a-writer.o)
 .debug_loc     0x0000000000000df9      0x4ce c:/intelfpga/18.1/nios2eds/bin/gnu/h-x86_64-mingw32/bin/../lib/gcc/nios2-elf/5.3.0/mno-hw-mul\libgcc.a(lib2-divmod.o)
 .debug_loc     0x00000000000012c7       0x93 c:/intelfpga/18.1/nios2eds/bin/gnu/h-x86_64-mingw32/bin/../lib/gcc/nios2-elf/5.3.0/mno-hw-mul\libgcc.a(lib2-mul.o)
 .debug_loc     0x000000000000135a       0x2c c:/intelfpga/18.1/nios2eds/bin/gnu/h-x86_64-mingw32/bin/../lib/gcc/nios2-elf/5.3.0/../../../../../H-x86_64-mingw32/nios2-elf/lib/mno-hw-mul\libsmallc.a(lib_a-atexit.o)
 .debug_loc     0x0000000000001386       0x94 c:/intelfpga/18.1/nios2eds/bin/gnu/h-x86_64-mingw32/bin/../lib/gcc/nios2-elf/5.3.0/../../../../../H-x86_64-mingw32/nios2-elf/lib/mno-hw-mul\libsmallc.a(lib_a-memcmp.o)
 .debug_loc     0x000000000000141a      0x1c0 c:/intelfpga/18.1/nios2eds/bin/gnu/h-x86_64-mingw32/bin/../lib/gcc/nios2-elf/5.3.0/../../../../../H-x86_64-mingw32/nios2-elf/lib/mno-hw-mul\libsmallc.a(lib_a-__atexit.o)

.debug_macinfo
 *(.debug_macinfo)

.debug_weaknames
 *(.debug_weaknames)

.debug_funcnames
 *(.debug_funcnames)

.debug_typenames
 *(.debug_typenames)

.debug_varnames
 *(.debug_varnames)

.debug_alt_sim_info
                0x0000000000000000       0x10
 *(.debug_alt_sim_info)
 .debug_alt_sim_info
                0x0000000000000000       0x10 ../Lab7_bsp//obj/HAL/src/crt0.o
                0x0000000000008000                __alt_data_end = 0x8000
                0x0000000000008000                PROVIDE (__alt_stack_pointer, __alt_data_end)
                [!provide]                        PROVIDE (__alt_stack_limit, __alt_stack_base)
                [!provide]                        PROVIDE (__alt_heap_start, end)
                [!provide]                        PROVIDE (__alt_heap_limit, 0x8000)
OUTPUT(Lab7.elf elf32-littlenios2)

.debug_ranges   0x0000000000000000      0x2c0
 .debug_ranges  0x0000000000000000       0x20 ../Lab7_bsp//obj/HAL/src/crt0.o
 .debug_ranges  0x0000000000000020       0x10 c:/intelfpga/18.1/nios2eds/bin/gnu/h-x86_64-mingw32/bin/../lib/gcc/nios2-elf/5.3.0/../../../../../H-x86_64-mingw32/nios2-elf/lib/mno-hw-mul\libsmallc.a(lib_a-exit.o)
 .debug_ranges  0x0000000000000030       0x18 c:/intelfpga/18.1/nios2eds/bin/gnu/h-x86_64-mingw32/bin/../lib/gcc/nios2-elf/5.3.0/../../../../../H-x86_64-mingw32/nios2-elf/lib/mno-hw-mul\libsmallc.a(lib_a-printf.o)
 .debug_ranges  0x0000000000000048       0x18 c:/intelfpga/18.1/nios2eds/bin/gnu/h-x86_64-mingw32/bin/../lib/gcc/nios2-elf/5.3.0/../../../../../H-x86_64-mingw32/nios2-elf/lib/mno-hw-mul\libsmallc.a(lib_a-puts.o)
 .debug_ranges  0x0000000000000060       0x10 c:/intelfpga/18.1/nios2eds/bin/gnu/h-x86_64-mingw32/bin/../lib/gcc/nios2-elf/5.3.0/../../../../../H-x86_64-mingw32/nios2-elf/lib/mno-hw-mul\libsmallc.a(lib_a-strlen.o)
 .debug_ranges  0x0000000000000070       0xc8 c:/intelfpga/18.1/nios2eds/bin/gnu/h-x86_64-mingw32/bin/../lib/gcc/nios2-elf/5.3.0/../../../../../H-x86_64-mingw32/nios2-elf/lib/mno-hw-mul\libsmallc.a(lib_a-vfprintf.o)
 .debug_ranges  0x0000000000000138       0x28 c:/intelfpga/18.1/nios2eds/bin/gnu/h-x86_64-mingw32/bin/../lib/gcc/nios2-elf/5.3.0/../../../../../H-x86_64-mingw32/nios2-elf/lib/mno-hw-mul\libsmallc.a(lib_a-__call_atexit.o)
 .debug_ranges  0x0000000000000160       0x28 c:/intelfpga/18.1/nios2eds/bin/gnu/h-x86_64-mingw32/bin/../lib/gcc/nios2-elf/5.3.0/../../../../../H-x86_64-mingw32/nios2-elf/lib/mno-hw-mul\libsmallc.a(lib_a-fvwrite_small_dev.o)
 .debug_ranges  0x0000000000000188       0x10 c:/intelfpga/18.1/nios2eds/bin/gnu/h-x86_64-mingw32/bin/../lib/gcc/nios2-elf/5.3.0/../../../../../H-x86_64-mingw32/nios2-elf/lib/mno-hw-mul\libsmallc.a(lib_a-writer.o)
 .debug_ranges  0x0000000000000198       0x60 c:/intelfpga/18.1/nios2eds/bin/gnu/h-x86_64-mingw32/bin/../lib/gcc/nios2-elf/5.3.0/mno-hw-mul\libgcc.a(lib2-divmod.o)
 .debug_ranges  0x00000000000001f8       0x28 ../Lab7_bsp/\libhal_bsp.a(alt_irq_entry.o)
 .debug_ranges  0x0000000000000220       0x10 ../Lab7_bsp/\libhal_bsp.a(alt_irq_handler.o)
 .debug_ranges  0x0000000000000230       0x18 ../Lab7_bsp/\libhal_bsp.a(altera_avalon_jtag_uart_read.o)
 .debug_ranges  0x0000000000000248       0x30 ../Lab7_bsp/\libhal_bsp.a(alt_exception_entry.o)
 .debug_ranges  0x0000000000000278       0x18 ../Lab7_bsp/\libhal_bsp.a(alt_instruction_exception_entry.o)
 .debug_ranges  0x0000000000000290       0x10 c:/intelfpga/18.1/nios2eds/bin/gnu/h-x86_64-mingw32/bin/../lib/gcc/nios2-elf/5.3.0/../../../../../H-x86_64-mingw32/nios2-elf/lib/mno-hw-mul\libsmallc.a(lib_a-atexit.o)
 .debug_ranges  0x00000000000002a0       0x10 c:/intelfpga/18.1/nios2eds/bin/gnu/h-x86_64-mingw32/bin/../lib/gcc/nios2-elf/5.3.0/../../../../../H-x86_64-mingw32/nios2-elf/lib/mno-hw-mul\libsmallc.a(lib_a-memcmp.o)
 .debug_ranges  0x00000000000002b0       0x10 c:/intelfpga/18.1/nios2eds/bin/gnu/h-x86_64-mingw32/bin/../lib/gcc/nios2-elf/5.3.0/../../../../../H-x86_64-mingw32/nios2-elf/lib/mno-hw-mul\libsmallc.a(lib_a-__atexit.o)
