------------------------------------------------------------
Timing Analyzer Summary
------------------------------------------------------------

Type  : Slow 1100mV 85C Model Setup 'clk'
Slack : -0.847
TNS   : -14.623

Type  : Slow 1100mV 85C Model Hold 'clk'
Slack : 0.295
TNS   : 0.000

Type  : Slow 1100mV 85C Model Minimum Pulse Width 'clk'
Slack : -2.225
TNS   : -181.310

Type  : Slow 1100mV 0C Model Setup 'clk'
Slack : -0.827
TNS   : -13.557

Type  : Slow 1100mV 0C Model Hold 'clk'
Slack : 0.279
TNS   : 0.000

Type  : Slow 1100mV 0C Model Minimum Pulse Width 'clk'
Slack : -2.225
TNS   : -189.975

Type  : Fast 1100mV 85C Model Setup 'clk'
Slack : -0.160
TNS   : -0.535

Type  : Fast 1100mV 85C Model Hold 'clk'
Slack : 0.140
TNS   : 0.000

Type  : Fast 1100mV 85C Model Minimum Pulse Width 'clk'
Slack : -1.702
TNS   : -55.173

Type  : Fast 1100mV 0C Model Setup 'clk'
Slack : -0.084
TNS   : -0.184

Type  : Fast 1100mV 0C Model Hold 'clk'
Slack : 0.129
TNS   : 0.000

Type  : Fast 1100mV 0C Model Minimum Pulse Width 'clk'
Slack : -1.702
TNS   : -55.644

------------------------------------------------------------
