Archive member included to satisfy reference by file (symbol)

../nios_software_bsp/\libhal_bsp.a(alt_iic.o)
                              obj/default/Part3.o (alt_ic_isr_register)
../nios_software_bsp/\libhal_bsp.a(alt_iic_isr_register.o)
                              ../nios_software_bsp/\libhal_bsp.a(alt_iic.o) (alt_iic_isr_register)
../nios_software_bsp/\libhal_bsp.a(alt_irq_entry.o)
                              ../nios_software_bsp/\libhal_bsp.a(alt_iic_isr_register.o) (alt_irq_entry)
../nios_software_bsp/\libhal_bsp.a(alt_irq_handler.o)
                              ../nios_software_bsp/\libhal_bsp.a(alt_iic_isr_register.o) (alt_irq)
../nios_software_bsp/\libhal_bsp.a(alt_irq_vars.o)
                              ../nios_software_bsp/\libhal_bsp.a(alt_iic.o) (alt_irq_active)
../nios_software_bsp/\libhal_bsp.a(alt_load.o)
                              ../nios_software_bsp//obj/HAL/src/crt0.o (alt_load)
../nios_software_bsp/\libhal_bsp.a(alt_main.o)
                              ../nios_software_bsp//obj/HAL/src/crt0.o (alt_main)
../nios_software_bsp/\libhal_bsp.a(alt_sys_init.o)
                              ../nios_software_bsp/\libhal_bsp.a(alt_main.o) (alt_irq_init)
../nios_software_bsp/\libhal_bsp.a(altera_avalon_jtag_uart_fd.o)
                              ../nios_software_bsp/\libhal_bsp.a(alt_sys_init.o) (altera_avalon_jtag_uart_read_fd)
../nios_software_bsp/\libhal_bsp.a(altera_avalon_jtag_uart_init.o)
                              ../nios_software_bsp/\libhal_bsp.a(alt_sys_init.o) (altera_avalon_jtag_uart_init)
../nios_software_bsp/\libhal_bsp.a(altera_avalon_jtag_uart_ioctl.o)
                              ../nios_software_bsp/\libhal_bsp.a(altera_avalon_jtag_uart_fd.o) (altera_avalon_jtag_uart_ioctl)
../nios_software_bsp/\libhal_bsp.a(altera_avalon_jtag_uart_read.o)
                              ../nios_software_bsp/\libhal_bsp.a(altera_avalon_jtag_uart_fd.o) (altera_avalon_jtag_uart_read)
../nios_software_bsp/\libhal_bsp.a(altera_avalon_jtag_uart_write.o)
                              ../nios_software_bsp/\libhal_bsp.a(altera_avalon_jtag_uart_fd.o) (altera_avalon_jtag_uart_write)
../nios_software_bsp/\libhal_bsp.a(altera_avalon_timer_sc.o)
                              ../nios_software_bsp/\libhal_bsp.a(alt_sys_init.o) (alt_avalon_timer_sc_init)
../nios_software_bsp/\libhal_bsp.a(alt_alarm_start.o)
                              ../nios_software_bsp/\libhal_bsp.a(altera_avalon_jtag_uart_init.o) (alt_alarm_start)
../nios_software_bsp/\libhal_bsp.a(alt_close.o)
                              ../nios_software_bsp/\libhal_bsp.a(alt_main.o) (close)
../nios_software_bsp/\libhal_bsp.a(alt_dcache_flush_all.o)
                              ../nios_software_bsp/\libhal_bsp.a(alt_load.o) (alt_dcache_flush_all)
../nios_software_bsp/\libhal_bsp.a(alt_dev.o)
                              ../nios_software_bsp/\libhal_bsp.a(alt_sys_init.o) (alt_dev_list)
../nios_software_bsp/\libhal_bsp.a(alt_dev_llist_insert.o)
                              ../nios_software_bsp/\libhal_bsp.a(alt_sys_init.o) (alt_dev_llist_insert)
../nios_software_bsp/\libhal_bsp.a(alt_do_ctors.o)
                              ../nios_software_bsp/\libhal_bsp.a(alt_main.o) (_do_ctors)
../nios_software_bsp/\libhal_bsp.a(alt_do_dtors.o)
                              ../nios_software_bsp/\libhal_bsp.a(alt_main.o) (_do_dtors)
../nios_software_bsp/\libhal_bsp.a(alt_errno.o)
                              ../nios_software_bsp/\libhal_bsp.a(alt_close.o) (alt_errno)
../nios_software_bsp/\libhal_bsp.a(alt_exception_entry.o)
                              ../nios_software_bsp/\libhal_bsp.a(alt_irq_entry.o) (alt_exception)
../nios_software_bsp/\libhal_bsp.a(alt_icache_flush_all.o)
                              ../nios_software_bsp/\libhal_bsp.a(alt_load.o) (alt_icache_flush_all)
../nios_software_bsp/\libhal_bsp.a(alt_instruction_exception_entry.o)
                              ../nios_software_bsp/\libhal_bsp.a(alt_exception_entry.o) (alt_instruction_exception_entry)
../nios_software_bsp/\libhal_bsp.a(alt_io_redirect.o)
                              ../nios_software_bsp/\libhal_bsp.a(alt_main.o) (alt_io_redirect)
../nios_software_bsp/\libhal_bsp.a(alt_open.o)
                              ../nios_software_bsp/\libhal_bsp.a(alt_io_redirect.o) (open)
../nios_software_bsp/\libhal_bsp.a(alt_release_fd.o)
                              ../nios_software_bsp/\libhal_bsp.a(alt_close.o) (alt_release_fd)
../nios_software_bsp/\libhal_bsp.a(alt_tick.o)
                              ../nios_software_bsp/\libhal_bsp.a(altera_avalon_jtag_uart_init.o) (_alt_tick_rate)
../nios_software_bsp/\libhal_bsp.a(altera_nios2_gen2_irq.o)
                              ../nios_software_bsp/\libhal_bsp.a(alt_sys_init.o) (altera_nios2_gen2_irq_init)
../nios_software_bsp/\libhal_bsp.a(alt_find_dev.o)
                              ../nios_software_bsp/\libhal_bsp.a(alt_open.o) (alt_find_dev)
../nios_software_bsp/\libhal_bsp.a(alt_find_file.o)
                              ../nios_software_bsp/\libhal_bsp.a(alt_open.o) (alt_find_file)
../nios_software_bsp/\libhal_bsp.a(alt_get_fd.o)
                              ../nios_software_bsp/\libhal_bsp.a(alt_open.o) (alt_get_fd)
c:/intelfpga/18.1/nios2eds/bin/gnu/h-x86_64-mingw32/bin/../lib/gcc/nios2-elf/5.3.0/../../../../../H-x86_64-mingw32/nios2-elf/lib/mno-hw-mul\libc.a(lib_a-atexit.o)
                              ../nios_software_bsp/\libhal_bsp.a(alt_main.o) (atexit)
c:/intelfpga/18.1/nios2eds/bin/gnu/h-x86_64-mingw32/bin/../lib/gcc/nios2-elf/5.3.0/../../../../../H-x86_64-mingw32/nios2-elf/lib/mno-hw-mul\libc.a(lib_a-exit.o)
                              ../nios_software_bsp/\libhal_bsp.a(alt_main.o) (exit)
c:/intelfpga/18.1/nios2eds/bin/gnu/h-x86_64-mingw32/bin/../lib/gcc/nios2-elf/5.3.0/../../../../../H-x86_64-mingw32/nios2-elf/lib/mno-hw-mul\libc.a(lib_a-impure.o)
                              c:/intelfpga/18.1/nios2eds/bin/gnu/h-x86_64-mingw32/bin/../lib/gcc/nios2-elf/5.3.0/../../../../../H-x86_64-mingw32/nios2-elf/lib/mno-hw-mul\libc.a(lib_a-exit.o) (_global_impure_ptr)
c:/intelfpga/18.1/nios2eds/bin/gnu/h-x86_64-mingw32/bin/../lib/gcc/nios2-elf/5.3.0/../../../../../H-x86_64-mingw32/nios2-elf/lib/mno-hw-mul\libc.a(lib_a-int_errno.o)
                              ../nios_software_bsp/\libhal_bsp.a(alt_close.o) (errno)
c:/intelfpga/18.1/nios2eds/bin/gnu/h-x86_64-mingw32/bin/../lib/gcc/nios2-elf/5.3.0/../../../../../H-x86_64-mingw32/nios2-elf/lib/mno-hw-mul\libc.a(lib_a-memcmp.o)
                              ../nios_software_bsp/\libhal_bsp.a(alt_find_dev.o) (memcmp)
c:/intelfpga/18.1/nios2eds/bin/gnu/h-x86_64-mingw32/bin/../lib/gcc/nios2-elf/5.3.0/../../../../../H-x86_64-mingw32/nios2-elf/lib/mno-hw-mul\libc.a(lib_a-memcpy.o)
                              ../nios_software_bsp/\libhal_bsp.a(altera_avalon_jtag_uart_read.o) (memcpy)
c:/intelfpga/18.1/nios2eds/bin/gnu/h-x86_64-mingw32/bin/../lib/gcc/nios2-elf/5.3.0/../../../../../H-x86_64-mingw32/nios2-elf/lib/mno-hw-mul\libc.a(lib_a-strlen.o)
                              ../nios_software_bsp/\libhal_bsp.a(alt_find_dev.o) (strlen)
c:/intelfpga/18.1/nios2eds/bin/gnu/h-x86_64-mingw32/bin/../lib/gcc/nios2-elf/5.3.0/../../../../../H-x86_64-mingw32/nios2-elf/lib/mno-hw-mul\libc.a(lib_a-__atexit.o)
                              c:/intelfpga/18.1/nios2eds/bin/gnu/h-x86_64-mingw32/bin/../lib/gcc/nios2-elf/5.3.0/../../../../../H-x86_64-mingw32/nios2-elf/lib/mno-hw-mul\libc.a(lib_a-atexit.o) (__register_exitproc)
c:/intelfpga/18.1/nios2eds/bin/gnu/h-x86_64-mingw32/bin/../lib/gcc/nios2-elf/5.3.0/../../../../../H-x86_64-mingw32/nios2-elf/lib/mno-hw-mul\libc.a(lib_a-__call_atexit.o)
                              c:/intelfpga/18.1/nios2eds/bin/gnu/h-x86_64-mingw32/bin/../lib/gcc/nios2-elf/5.3.0/../../../../../H-x86_64-mingw32/nios2-elf/lib/mno-hw-mul\libc.a(lib_a-exit.o) (__call_exitprocs)
c:/intelfpga/18.1/nios2eds/bin/gnu/h-x86_64-mingw32/bin/../lib/gcc/nios2-elf/5.3.0/mno-hw-mul\libgcc.a(lib2-mul.o)
                              ../nios_software_bsp/\libhal_bsp.a(alt_close.o) (__mulsi3)
../nios_software_bsp/\libhal_bsp.a(alt_exit.o)
                              c:/intelfpga/18.1/nios2eds/bin/gnu/h-x86_64-mingw32/bin/../lib/gcc/nios2-elf/5.3.0/../../../../../H-x86_64-mingw32/nios2-elf/lib/mno-hw-mul\libc.a(lib_a-exit.o) (_exit)

Allocating common symbols
Common symbol       size              file

alt_irq             0x100             ../nios_software_bsp/\libhal_bsp.a(alt_irq_handler.o)
errno               0x4               c:/intelfpga/18.1/nios2eds/bin/gnu/h-x86_64-mingw32/bin/../lib/gcc/nios2-elf/5.3.0/../../../../../H-x86_64-mingw32/nios2-elf/lib/mno-hw-mul\libc.a(lib_a-int_errno.o)

Memory Configuration

Name             Origin             Length             Attributes
reset            0x0000000000008000 0x0000000000000020
onchip_memory2_0 0x0000000000008020 0x0000000000007fe0
*default*        0x0000000000000000 0xffffffffffffffff

Linker script and memory map

LOAD ../nios_software_bsp//obj/HAL/src/crt0.o
LOAD obj/default/Part3.o
LOAD c:/intelfpga/18.1/nios2eds/bin/gnu/h-x86_64-mingw32/bin/../lib/gcc/nios2-elf/5.3.0/../../../../../H-x86_64-mingw32/nios2-elf/lib/mno-hw-mul\libstdc++.a
LOAD c:/intelfpga/18.1/nios2eds/bin/gnu/h-x86_64-mingw32/bin/../lib/gcc/nios2-elf/5.3.0/../../../../../H-x86_64-mingw32/nios2-elf/lib/mno-hw-mul\libm.a
LOAD c:/intelfpga/18.1/nios2eds/bin/gnu/h-x86_64-mingw32/bin/../lib/gcc/nios2-elf/5.3.0/mno-hw-mul\libgcc.a
START GROUP
LOAD c:/intelfpga/18.1/nios2eds/bin/gnu/h-x86_64-mingw32/bin/../lib/gcc/nios2-elf/5.3.0/../../../../../H-x86_64-mingw32/nios2-elf/lib/mno-hw-mul\libc.a
LOAD c:/intelfpga/18.1/nios2eds/bin/gnu/h-x86_64-mingw32/bin/../lib/gcc/nios2-elf/5.3.0/mno-hw-mul\libgcc.a
LOAD ../nios_software_bsp/\libhal_bsp.a
LOAD c:/intelfpga/18.1/nios2eds/bin/gnu/h-x86_64-mingw32/bin/../lib/gcc/nios2-elf/5.3.0/../../../../../H-x86_64-mingw32/nios2-elf/lib/mno-hw-mul\libm.a
END GROUP
LOAD c:/intelfpga/18.1/nios2eds/bin/gnu/h-x86_64-mingw32/bin/../lib/gcc/nios2-elf/5.3.0/mno-hw-mul\libgcc.a
                0x0000000000008000                __alt_mem_onchip_memory2_0 = 0x8000

.entry          0x0000000000008000       0x20
 *(.entry)
 .entry         0x0000000000008000       0x20 ../nios_software_bsp//obj/HAL/src/crt0.o
                0x0000000000008000                __reset

.exceptions     0x0000000000008020      0x210
                0x0000000000008020                PROVIDE (__ram_exceptions_start, ABSOLUTE (.))
                0x0000000000008020                . = ALIGN (0x20)
 *(.irq)
 *(.exceptions.entry.label)
 .exceptions.entry.label
                0x0000000000008020        0x0 ../nios_software_bsp/\libhal_bsp.a(alt_irq_entry.o)
                0x0000000000008020                alt_irq_entry
 .exceptions.entry.label
                0x0000000000008020        0x0 ../nios_software_bsp/\libhal_bsp.a(alt_exception_entry.o)
                0x0000000000008020                alt_exception
 *(.exceptions.entry.user)
 *(.exceptions.entry.ecc_fatal)
 *(.exceptions.entry)
 .exceptions.entry
                0x0000000000008020       0x54 ../nios_software_bsp/\libhal_bsp.a(alt_exception_entry.o)
 *(.exceptions.irqtest.user)
 *(.exceptions.irqtest)
 .exceptions.irqtest
                0x0000000000008074       0x10 ../nios_software_bsp/\libhal_bsp.a(alt_irq_entry.o)
 *(.exceptions.irqhandler.user)
 *(.exceptions.irqhandler)
 .exceptions.irqhandler
                0x0000000000008084        0x4 ../nios_software_bsp/\libhal_bsp.a(alt_irq_entry.o)
 *(.exceptions.irqreturn.user)
 *(.exceptions.irqreturn)
 .exceptions.irqreturn
                0x0000000000008088        0x4 ../nios_software_bsp/\libhal_bsp.a(alt_irq_entry.o)
 *(.exceptions.notirq.label)
 .exceptions.notirq.label
                0x000000000000808c        0x0 ../nios_software_bsp/\libhal_bsp.a(alt_irq_entry.o)
 *(.exceptions.notirq.user)
 *(.exceptions.notirq)
 .exceptions.notirq
                0x000000000000808c        0x8 ../nios_software_bsp/\libhal_bsp.a(alt_exception_entry.o)
 *(.exceptions.soft.user)
 *(.exceptions.soft)
 *(.exceptions.unknown.user)
 *(.exceptions.unknown)
 .exceptions.unknown
                0x0000000000008094       0x14 ../nios_software_bsp/\libhal_bsp.a(alt_exception_entry.o)
 *(.exceptions.exit.label)
 .exceptions.exit.label
                0x00000000000080a8        0x0 ../nios_software_bsp/\libhal_bsp.a(alt_irq_entry.o)
 .exceptions.exit.label
                0x00000000000080a8        0x0 ../nios_software_bsp/\libhal_bsp.a(alt_exception_entry.o)
 *(.exceptions.exit.user)
 *(.exceptions.exit)
 .exceptions.exit
                0x00000000000080a8       0x54 ../nios_software_bsp/\libhal_bsp.a(alt_exception_entry.o)
 *(.exceptions)
 .exceptions    0x00000000000080fc       0xd4 ../nios_software_bsp/\libhal_bsp.a(alt_irq_handler.o)
                0x00000000000080fc                alt_irq_handler
 .exceptions    0x00000000000081d0       0x60 ../nios_software_bsp/\libhal_bsp.a(alt_instruction_exception_entry.o)
                0x00000000000081d0                alt_instruction_exception_entry
                0x0000000000008230                PROVIDE (__ram_exceptions_end, ABSOLUTE (.))
                0x0000000000008020                PROVIDE (__flash_exceptions_start, LOADADDR (.exceptions))

.text           0x0000000000008230     0x254c
                [!provide]                        PROVIDE (stext, ABSOLUTE (.))
 *(.interp)
 *(.hash)
 *(.dynsym)
 *(.dynstr)
 *(.gnu.version)
 *(.gnu.version_d)
 *(.gnu.version_r)
 *(.rel.init)
 *(.rela.init)
 *(.rel.text .rel.text.* .rel.gnu.linkonce.t.*)
 *(.rela.text .rela.text.* .rela.gnu.linkonce.t.*)
 *(.rel.fini)
 *(.rela.fini)
 *(.rel.rodata .rel.rodata.* .rel.gnu.linkonce.r.*)
 *(.rela.rodata .rela.rodata.* .rela.gnu.linkonce.r.*)
 *(.rel.data .rel.data.* .rel.gnu.linkonce.d.*)
 *(.rela.data .rela.data.* .rela.gnu.linkonce.d.*)
 *(.rel.tdata .rel.tdata.* .rel.gnu.linkonce.td.*)
 *(.rela.tdata .rela.tdata.* .rela.gnu.linkonce.td.*)
 *(.rel.tbss .rel.tbss.* .rel.gnu.linkonce.tb.*)
 *(.rela.tbss .rela.tbss.* .rela.gnu.linkonce.tb.*)
 *(.rel.ctors)
 *(.rela.ctors)
 *(.rel.dtors)
 *(.rela.dtors)
 *(.rel.got)
 *(.rela.got)
 *(.rel.sdata .rel.sdata.* .rel.gnu.linkonce.s.*)
 *(.rela.sdata .rela.sdata.* .rela.gnu.linkonce.s.*)
 *(.rel.sbss .rel.sbss.* .rel.gnu.linkonce.sb.*)
 *(.rela.sbss .rela.sbss.* .rela.gnu.linkonce.sb.*)
 *(.rel.sdata2 .rel.sdata2.* .rel.gnu.linkonce.s2.*)
 *(.rela.sdata2 .rela.sdata2.* .rela.gnu.linkonce.s2.*)
 *(.rel.sbss2 .rel.sbss2.* .rel.gnu.linkonce.sb2.*)
 *(.rela.sbss2 .rela.sbss2.* .rela.gnu.linkonce.sb2.*)
 *(.rel.bss .rel.bss.* .rel.gnu.linkonce.b.*)
 *(.rela.bss .rela.bss.* .rela.gnu.linkonce.b.*)
 *(.rel.plt)
 *(.rela.plt)
 *(.rel.dyn)
 *(.init)
 *(.plt)
 *(.text .stub .text.* .gnu.linkonce.t.*)
 .text          0x0000000000008230       0x3c ../nios_software_bsp//obj/HAL/src/crt0.o
                0x0000000000008230                _start
 .text          0x000000000000826c      0x1cc obj/default/Part3.o
                0x000000000000826c                pushbutton_isr
                0x0000000000008358                timer0_isr
                0x00000000000083a0                main
 .text          0x0000000000008438      0x1b0 ../nios_software_bsp/\libhal_bsp.a(alt_iic.o)
                0x0000000000008438                alt_ic_isr_register
                0x0000000000008488                alt_ic_irq_enable
                0x0000000000008510                alt_ic_irq_disable
                0x000000000000859c                alt_ic_irq_enabled
 .text          0x00000000000085e8       0xf0 ../nios_software_bsp/\libhal_bsp.a(alt_iic_isr_register.o)
                0x00000000000085e8                alt_iic_isr_register
 .text          0x00000000000086d8        0x0 ../nios_software_bsp/\libhal_bsp.a(alt_irq_entry.o)
 .text          0x00000000000086d8        0x0 ../nios_software_bsp/\libhal_bsp.a(alt_irq_handler.o)
 .text          0x00000000000086d8        0x0 ../nios_software_bsp/\libhal_bsp.a(alt_irq_vars.o)
 .text          0x00000000000086d8       0xec ../nios_software_bsp/\libhal_bsp.a(alt_load.o)
                0x0000000000008740                alt_load
 .text          0x00000000000087c4       0x7c ../nios_software_bsp/\libhal_bsp.a(alt_main.o)
                0x00000000000087c4                alt_main
 .text          0x0000000000008840       0xd0 ../nios_software_bsp/\libhal_bsp.a(alt_sys_init.o)
                0x0000000000008874                alt_irq_init
                0x00000000000088ac                alt_sys_init
 .text          0x0000000000008910      0x164 ../nios_software_bsp/\libhal_bsp.a(altera_avalon_jtag_uart_fd.o)
                0x0000000000008910                altera_avalon_jtag_uart_read_fd
                0x0000000000008970                altera_avalon_jtag_uart_write_fd
                0x00000000000089d0                altera_avalon_jtag_uart_close_fd
                0x0000000000008a20                altera_avalon_jtag_uart_ioctl_fd
 .text          0x0000000000008a74      0x3d4 ../nios_software_bsp/\libhal_bsp.a(altera_avalon_jtag_uart_init.o)
                0x0000000000008a74                altera_avalon_jtag_uart_init
                0x0000000000008de0                altera_avalon_jtag_uart_close
 .text          0x0000000000008e48       0xf0 ../nios_software_bsp/\libhal_bsp.a(altera_avalon_jtag_uart_ioctl.o)
                0x0000000000008e48                altera_avalon_jtag_uart_ioctl
 .text          0x0000000000008f38      0x21c ../nios_software_bsp/\libhal_bsp.a(altera_avalon_jtag_uart_read.o)
                0x0000000000008f38                altera_avalon_jtag_uart_read
 .text          0x0000000000009154      0x224 ../nios_software_bsp/\libhal_bsp.a(altera_avalon_jtag_uart_write.o)
                0x0000000000009154                altera_avalon_jtag_uart_write
 .text          0x0000000000009378       0xf4 ../nios_software_bsp/\libhal_bsp.a(altera_avalon_timer_sc.o)
                0x00000000000093f0                alt_avalon_timer_sc_init
 .text          0x000000000000946c      0x12c ../nios_software_bsp/\libhal_bsp.a(alt_alarm_start.o)
                0x000000000000946c                alt_alarm_start
 .text          0x0000000000009598      0x114 ../nios_software_bsp/\libhal_bsp.a(alt_close.o)
                0x00000000000095d4                close
 .text          0x00000000000096ac       0x20 ../nios_software_bsp/\libhal_bsp.a(alt_dcache_flush_all.o)
                0x00000000000096ac                alt_dcache_flush_all
 .text          0x00000000000096cc       0x2c ../nios_software_bsp/\libhal_bsp.a(alt_dev.o)
 .text          0x00000000000096f8       0xe0 ../nios_software_bsp/\libhal_bsp.a(alt_dev_llist_insert.o)
                0x0000000000009734                alt_dev_llist_insert
 .text          0x00000000000097d8       0x60 ../nios_software_bsp/\libhal_bsp.a(alt_do_ctors.o)
                0x00000000000097d8                _do_ctors
 .text          0x0000000000009838       0x60 ../nios_software_bsp/\libhal_bsp.a(alt_do_dtors.o)
                0x0000000000009838                _do_dtors
 .text          0x0000000000009898        0x0 ../nios_software_bsp/\libhal_bsp.a(alt_errno.o)
 .text          0x0000000000009898        0x0 ../nios_software_bsp/\libhal_bsp.a(alt_exception_entry.o)
 .text          0x0000000000009898       0x20 ../nios_software_bsp/\libhal_bsp.a(alt_icache_flush_all.o)
                0x0000000000009898                alt_icache_flush_all
 .text          0x00000000000098b8       0x9c ../nios_software_bsp/\libhal_bsp.a(alt_instruction_exception_entry.o)
                0x00000000000098b8                alt_exception_cause_generated_bad_addr
 .text          0x0000000000009954      0x160 ../nios_software_bsp/\libhal_bsp.a(alt_io_redirect.o)
                0x0000000000009a38                alt_io_redirect
 .text          0x0000000000009ab4      0x284 ../nios_software_bsp/\libhal_bsp.a(alt_open.o)
                0x0000000000009bdc                open
 .text          0x0000000000009d38       0x84 ../nios_software_bsp/\libhal_bsp.a(alt_release_fd.o)
                0x0000000000009d38                alt_release_fd
 .text          0x0000000000009dbc      0x1a4 ../nios_software_bsp/\libhal_bsp.a(alt_tick.o)
                0x0000000000009dbc                alt_alarm_stop
                0x0000000000009e58                alt_tick
 .text          0x0000000000009f60       0x24 ../nios_software_bsp/\libhal_bsp.a(altera_nios2_gen2_irq.o)
                0x0000000000009f60                altera_nios2_gen2_irq_init
 .text          0x0000000000009f84       0x90 ../nios_software_bsp/\libhal_bsp.a(alt_find_dev.o)
                0x0000000000009f84                alt_find_dev
 .text          0x000000000000a014      0x108 ../nios_software_bsp/\libhal_bsp.a(alt_find_file.o)
                0x000000000000a014                alt_find_file
 .text          0x000000000000a11c       0xc4 ../nios_software_bsp/\libhal_bsp.a(alt_get_fd.o)
                0x000000000000a11c                alt_get_fd
 .text          0x000000000000a1e0        0x0 c:/intelfpga/18.1/nios2eds/bin/gnu/h-x86_64-mingw32/bin/../lib/gcc/nios2-elf/5.3.0/../../../../../H-x86_64-mingw32/nios2-elf/lib/mno-hw-mul\libc.a(lib_a-atexit.o)
 .text.atexit   0x000000000000a1e0       0x14 c:/intelfpga/18.1/nios2eds/bin/gnu/h-x86_64-mingw32/bin/../lib/gcc/nios2-elf/5.3.0/../../../../../H-x86_64-mingw32/nios2-elf/lib/mno-hw-mul\libc.a(lib_a-atexit.o)
                0x000000000000a1e0                atexit
 .text          0x000000000000a1f4        0x0 c:/intelfpga/18.1/nios2eds/bin/gnu/h-x86_64-mingw32/bin/../lib/gcc/nios2-elf/5.3.0/../../../../../H-x86_64-mingw32/nios2-elf/lib/mno-hw-mul\libc.a(lib_a-exit.o)
 .text.exit     0x000000000000a1f4       0x38 c:/intelfpga/18.1/nios2eds/bin/gnu/h-x86_64-mingw32/bin/../lib/gcc/nios2-elf/5.3.0/../../../../../H-x86_64-mingw32/nios2-elf/lib/mno-hw-mul\libc.a(lib_a-exit.o)
                0x000000000000a1f4                exit
 .text          0x000000000000a22c        0x0 c:/intelfpga/18.1/nios2eds/bin/gnu/h-x86_64-mingw32/bin/../lib/gcc/nios2-elf/5.3.0/../../../../../H-x86_64-mingw32/nios2-elf/lib/mno-hw-mul\libc.a(lib_a-impure.o)
 .text          0x000000000000a22c        0x0 c:/intelfpga/18.1/nios2eds/bin/gnu/h-x86_64-mingw32/bin/../lib/gcc/nios2-elf/5.3.0/../../../../../H-x86_64-mingw32/nios2-elf/lib/mno-hw-mul\libc.a(lib_a-int_errno.o)
 .text          0x000000000000a22c        0x0 c:/intelfpga/18.1/nios2eds/bin/gnu/h-x86_64-mingw32/bin/../lib/gcc/nios2-elf/5.3.0/../../../../../H-x86_64-mingw32/nios2-elf/lib/mno-hw-mul\libc.a(lib_a-memcmp.o)
 .text.memcmp   0x000000000000a22c       0x7c c:/intelfpga/18.1/nios2eds/bin/gnu/h-x86_64-mingw32/bin/../lib/gcc/nios2-elf/5.3.0/../../../../../H-x86_64-mingw32/nios2-elf/lib/mno-hw-mul\libc.a(lib_a-memcmp.o)
                0x000000000000a22c                memcmp
 .text          0x000000000000a2a8        0x0 c:/intelfpga/18.1/nios2eds/bin/gnu/h-x86_64-mingw32/bin/../lib/gcc/nios2-elf/5.3.0/../../../../../H-x86_64-mingw32/nios2-elf/lib/mno-hw-mul\libc.a(lib_a-memcpy.o)
 .text.memcpy   0x000000000000a2a8      0x148 c:/intelfpga/18.1/nios2eds/bin/gnu/h-x86_64-mingw32/bin/../lib/gcc/nios2-elf/5.3.0/../../../../../H-x86_64-mingw32/nios2-elf/lib/mno-hw-mul\libc.a(lib_a-memcpy.o)
                0x000000000000a2a8                memcpy
 .text          0x000000000000a3f0        0x0 c:/intelfpga/18.1/nios2eds/bin/gnu/h-x86_64-mingw32/bin/../lib/gcc/nios2-elf/5.3.0/../../../../../H-x86_64-mingw32/nios2-elf/lib/mno-hw-mul\libc.a(lib_a-strlen.o)
 .text.strlen   0x000000000000a3f0       0x98 c:/intelfpga/18.1/nios2eds/bin/gnu/h-x86_64-mingw32/bin/../lib/gcc/nios2-elf/5.3.0/../../../../../H-x86_64-mingw32/nios2-elf/lib/mno-hw-mul\libc.a(lib_a-strlen.o)
                0x000000000000a3f0                strlen
 .text          0x000000000000a488        0x0 c:/intelfpga/18.1/nios2eds/bin/gnu/h-x86_64-mingw32/bin/../lib/gcc/nios2-elf/5.3.0/../../../../../H-x86_64-mingw32/nios2-elf/lib/mno-hw-mul\libc.a(lib_a-__atexit.o)
 .text.__register_exitproc
                0x000000000000a488      0x118 c:/intelfpga/18.1/nios2eds/bin/gnu/h-x86_64-mingw32/bin/../lib/gcc/nios2-elf/5.3.0/../../../../../H-x86_64-mingw32/nios2-elf/lib/mno-hw-mul\libc.a(lib_a-__atexit.o)
                0x000000000000a488                __register_exitproc
 .text          0x000000000000a5a0        0x0 c:/intelfpga/18.1/nios2eds/bin/gnu/h-x86_64-mingw32/bin/../lib/gcc/nios2-elf/5.3.0/../../../../../H-x86_64-mingw32/nios2-elf/lib/mno-hw-mul\libc.a(lib_a-__call_atexit.o)
 .text.__call_exitprocs
                0x000000000000a5a0      0x180 c:/intelfpga/18.1/nios2eds/bin/gnu/h-x86_64-mingw32/bin/../lib/gcc/nios2-elf/5.3.0/../../../../../H-x86_64-mingw32/nios2-elf/lib/mno-hw-mul\libc.a(lib_a-__call_atexit.o)
                0x000000000000a5a0                __call_exitprocs
 .text          0x000000000000a720       0x28 c:/intelfpga/18.1/nios2eds/bin/gnu/h-x86_64-mingw32/bin/../lib/gcc/nios2-elf/5.3.0/mno-hw-mul\libgcc.a(lib2-mul.o)
                0x000000000000a720                __mulsi3
 .text          0x000000000000a748       0x34 ../nios_software_bsp/\libhal_bsp.a(alt_exit.o)
                0x000000000000a748                _exit
 *(.gnu.warning.*)
 *(.fini)
                [!provide]                        PROVIDE (__etext, ABSOLUTE (.))
                [!provide]                        PROVIDE (_etext, ABSOLUTE (.))
                [!provide]                        PROVIDE (etext, ABSOLUTE (.))
 *(.eh_frame_hdr)
                0x000000000000a77c                . = ALIGN (0x4)
                [!provide]                        PROVIDE (__preinit_array_start, ABSOLUTE (.))
 *(.preinit_array)
                [!provide]                        PROVIDE (__preinit_array_end, ABSOLUTE (.))
                [!provide]                        PROVIDE (__init_array_start, ABSOLUTE (.))
 *(.init_array)
                [!provide]                        PROVIDE (__init_array_end, ABSOLUTE (.))
                [!provide]                        PROVIDE (__fini_array_start, ABSOLUTE (.))
 *(.fini_array)
                [!provide]                        PROVIDE (__fini_array_end, ABSOLUTE (.))
 *(.eh_frame)
 *(.gcc_except_table .gcc_except_table.*)
 *(.dynamic)
                0x000000000000a77c                PROVIDE (__CTOR_LIST__, ABSOLUTE (.))
 *(.ctors)
 *(SORT(.ctors.*))
                0x000000000000a77c                PROVIDE (__CTOR_END__, ABSOLUTE (.))
                0x000000000000a77c                PROVIDE (__DTOR_LIST__, ABSOLUTE (.))
 *(.dtors)
 *(SORT(.dtors.*))
                0x000000000000a77c                PROVIDE (__DTOR_END__, ABSOLUTE (.))
 *(.jcr)
                0x000000000000a77c                . = ALIGN (0x4)

.rodata         0x000000000000a77c       0x38
                0x000000000000a77c                PROVIDE (__ram_rodata_start, ABSOLUTE (.))
                0x000000000000a77c                . = ALIGN (0x4)
 *(.rodata .rodata.* .gnu.linkonce.r.*)
 .rodata        0x000000000000a77c       0x11 ../nios_software_bsp/\libhal_bsp.a(alt_main.o)
 *fill*         0x000000000000a78d        0x3 
 .rodata        0x000000000000a790       0x11 ../nios_software_bsp/\libhal_bsp.a(alt_sys_init.o)
 *fill*         0x000000000000a7a1        0x3 
 .rodata        0x000000000000a7a4        0xa ../nios_software_bsp/\libhal_bsp.a(alt_dev.o)
 *fill*         0x000000000000a7ae        0x2 
 .rodata.str1.4
                0x000000000000a7b0        0x4 c:/intelfpga/18.1/nios2eds/bin/gnu/h-x86_64-mingw32/bin/../lib/gcc/nios2-elf/5.3.0/../../../../../H-x86_64-mingw32/nios2-elf/lib/mno-hw-mul\libc.a(lib_a-impure.o)
                                          0x2 (size before relaxing)
 *(.rodata1)
                0x000000000000a7b4                . = ALIGN (0x4)
                0x000000000000a7b4                PROVIDE (__ram_rodata_end, ABSOLUTE (.))
                0x000000000000a77c                PROVIDE (__flash_rodata_start, LOADADDR (.rodata))

.rwdata         0x000000000000a7b4     0x167c load address 0x000000000000be30
                0x000000000000a7b4                PROVIDE (__ram_rwdata_start, ABSOLUTE (.))
                0x000000000000a7b4                . = ALIGN (0x4)
 *(.got.plt)
 *(.got)
 *(.data1)
 *(.data .data.* .gnu.linkonce.d.*)
 .data          0x000000000000a7b4        0x0 ../nios_software_bsp//obj/HAL/src/crt0.o
 .data          0x000000000000a7b4        0xa obj/default/Part3.o
                0x000000000000a7b4                hexValues
 .data          0x000000000000a7be        0x0 ../nios_software_bsp/\libhal_bsp.a(alt_iic.o)
 .data          0x000000000000a7be        0x0 ../nios_software_bsp/\libhal_bsp.a(alt_iic_isr_register.o)
 .data          0x000000000000a7be        0x0 ../nios_software_bsp/\libhal_bsp.a(alt_irq_entry.o)
 .data          0x000000000000a7be        0x0 ../nios_software_bsp/\libhal_bsp.a(alt_irq_handler.o)
 .data          0x000000000000a7be        0x0 ../nios_software_bsp/\libhal_bsp.a(alt_irq_vars.o)
 .data          0x000000000000a7be        0x0 ../nios_software_bsp/\libhal_bsp.a(alt_load.o)
 .data          0x000000000000a7be        0x0 ../nios_software_bsp/\libhal_bsp.a(alt_main.o)
 *fill*         0x000000000000a7be        0x2 
 .data          0x000000000000a7c0     0x1060 ../nios_software_bsp/\libhal_bsp.a(alt_sys_init.o)
 .data          0x000000000000b820        0x0 ../nios_software_bsp/\libhal_bsp.a(altera_avalon_jtag_uart_fd.o)
 .data          0x000000000000b820        0x0 ../nios_software_bsp/\libhal_bsp.a(altera_avalon_jtag_uart_init.o)
 .data          0x000000000000b820        0x0 ../nios_software_bsp/\libhal_bsp.a(altera_avalon_jtag_uart_ioctl.o)
 .data          0x000000000000b820        0x0 ../nios_software_bsp/\libhal_bsp.a(altera_avalon_jtag_uart_read.o)
 .data          0x000000000000b820        0x0 ../nios_software_bsp/\libhal_bsp.a(altera_avalon_jtag_uart_write.o)
 .data          0x000000000000b820        0x0 ../nios_software_bsp/\libhal_bsp.a(altera_avalon_timer_sc.o)
 .data          0x000000000000b820        0x0 ../nios_software_bsp/\libhal_bsp.a(alt_alarm_start.o)
 .data          0x000000000000b820        0x0 ../nios_software_bsp/\libhal_bsp.a(alt_close.o)
 .data          0x000000000000b820        0x0 ../nios_software_bsp/\libhal_bsp.a(alt_dcache_flush_all.o)
 .data          0x000000000000b820      0x1a8 ../nios_software_bsp/\libhal_bsp.a(alt_dev.o)
                0x000000000000b820                alt_dev_null
                0x000000000000b848                alt_fd_list
 .data          0x000000000000b9c8        0x0 ../nios_software_bsp/\libhal_bsp.a(alt_dev_llist_insert.o)
 .data          0x000000000000b9c8        0x0 ../nios_software_bsp/\libhal_bsp.a(alt_do_ctors.o)
 .data          0x000000000000b9c8        0x0 ../nios_software_bsp/\libhal_bsp.a(alt_do_dtors.o)
 .data          0x000000000000b9c8        0x0 ../nios_software_bsp/\libhal_bsp.a(alt_errno.o)
 .data          0x000000000000b9c8        0x0 ../nios_software_bsp/\libhal_bsp.a(alt_exception_entry.o)
 .data          0x000000000000b9c8        0x0 ../nios_software_bsp/\libhal_bsp.a(alt_icache_flush_all.o)
 .data          0x000000000000b9c8        0x0 ../nios_software_bsp/\libhal_bsp.a(alt_instruction_exception_entry.o)
 .data          0x000000000000b9c8        0x0 ../nios_software_bsp/\libhal_bsp.a(alt_io_redirect.o)
 .data          0x000000000000b9c8        0x0 ../nios_software_bsp/\libhal_bsp.a(alt_open.o)
 .data          0x000000000000b9c8        0x0 ../nios_software_bsp/\libhal_bsp.a(alt_release_fd.o)
 .data          0x000000000000b9c8        0x0 ../nios_software_bsp/\libhal_bsp.a(alt_tick.o)
 .data          0x000000000000b9c8        0x0 ../nios_software_bsp/\libhal_bsp.a(altera_nios2_gen2_irq.o)
 .data          0x000000000000b9c8        0x0 ../nios_software_bsp/\libhal_bsp.a(alt_find_dev.o)
 .data          0x000000000000b9c8        0x0 ../nios_software_bsp/\libhal_bsp.a(alt_find_file.o)
 .data          0x000000000000b9c8        0x0 ../nios_software_bsp/\libhal_bsp.a(alt_get_fd.o)
 .data          0x000000000000b9c8        0x0 c:/intelfpga/18.1/nios2eds/bin/gnu/h-x86_64-mingw32/bin/../lib/gcc/nios2-elf/5.3.0/../../../../../H-x86_64-mingw32/nios2-elf/lib/mno-hw-mul\libc.a(lib_a-atexit.o)
 .data          0x000000000000b9c8        0x0 c:/intelfpga/18.1/nios2eds/bin/gnu/h-x86_64-mingw32/bin/../lib/gcc/nios2-elf/5.3.0/../../../../../H-x86_64-mingw32/nios2-elf/lib/mno-hw-mul\libc.a(lib_a-exit.o)
 .data          0x000000000000b9c8        0x0 c:/intelfpga/18.1/nios2eds/bin/gnu/h-x86_64-mingw32/bin/../lib/gcc/nios2-elf/5.3.0/../../../../../H-x86_64-mingw32/nios2-elf/lib/mno-hw-mul\libc.a(lib_a-impure.o)
 .data.impure_data
                0x000000000000b9c8      0x424 c:/intelfpga/18.1/nios2eds/bin/gnu/h-x86_64-mingw32/bin/../lib/gcc/nios2-elf/5.3.0/../../../../../H-x86_64-mingw32/nios2-elf/lib/mno-hw-mul\libc.a(lib_a-impure.o)
 .data          0x000000000000bdec        0x0 c:/intelfpga/18.1/nios2eds/bin/gnu/h-x86_64-mingw32/bin/../lib/gcc/nios2-elf/5.3.0/../../../../../H-x86_64-mingw32/nios2-elf/lib/mno-hw-mul\libc.a(lib_a-int_errno.o)
 .data          0x000000000000bdec        0x0 c:/intelfpga/18.1/nios2eds/bin/gnu/h-x86_64-mingw32/bin/../lib/gcc/nios2-elf/5.3.0/../../../../../H-x86_64-mingw32/nios2-elf/lib/mno-hw-mul\libc.a(lib_a-memcmp.o)
 .data          0x000000000000bdec        0x0 c:/intelfpga/18.1/nios2eds/bin/gnu/h-x86_64-mingw32/bin/../lib/gcc/nios2-elf/5.3.0/../../../../../H-x86_64-mingw32/nios2-elf/lib/mno-hw-mul\libc.a(lib_a-memcpy.o)
 .data          0x000000000000bdec        0x0 c:/intelfpga/18.1/nios2eds/bin/gnu/h-x86_64-mingw32/bin/../lib/gcc/nios2-elf/5.3.0/../../../../../H-x86_64-mingw32/nios2-elf/lib/mno-hw-mul\libc.a(lib_a-strlen.o)
 .data          0x000000000000bdec        0x0 c:/intelfpga/18.1/nios2eds/bin/gnu/h-x86_64-mingw32/bin/../lib/gcc/nios2-elf/5.3.0/../../../../../H-x86_64-mingw32/nios2-elf/lib/mno-hw-mul\libc.a(lib_a-__atexit.o)
 .data          0x000000000000bdec        0x0 c:/intelfpga/18.1/nios2eds/bin/gnu/h-x86_64-mingw32/bin/../lib/gcc/nios2-elf/5.3.0/../../../../../H-x86_64-mingw32/nios2-elf/lib/mno-hw-mul\libc.a(lib_a-__call_atexit.o)
 .data          0x000000000000bdec        0x0 c:/intelfpga/18.1/nios2eds/bin/gnu/h-x86_64-mingw32/bin/../lib/gcc/nios2-elf/5.3.0/mno-hw-mul\libgcc.a(lib2-mul.o)
 .data          0x000000000000bdec        0x0 ../nios_software_bsp/\libhal_bsp.a(alt_exit.o)
                0x0000000000013dec                _gp = ABSOLUTE ((. + 0x8000))
                [!provide]                        PROVIDE (gp, _gp)
 *(.rwdata .rwdata.*)
 *(.sdata .sdata.* .gnu.linkonce.s.*)
 .sdata         0x000000000000bdec       0x18 obj/default/Part3.o
                0x000000000000bdec                TimerPtr
                0x000000000000bdf0                KeyIRQ
                0x000000000000bdf4                LedPtr
                0x000000000000bdf8                HexPtr
                0x000000000000bdfc                KeyPtr
                0x000000000000be00                SwitchPtr
 .sdata         0x000000000000be04        0x4 ../nios_software_bsp/\libhal_bsp.a(alt_irq_vars.o)
                0x000000000000be04                alt_priority_mask
 .sdata         0x000000000000be08       0x14 ../nios_software_bsp/\libhal_bsp.a(alt_dev.o)
                0x000000000000be08                alt_fs_list
                0x000000000000be10                alt_dev_list
                0x000000000000be18                alt_max_fd
 .sdata         0x000000000000be1c        0x4 ../nios_software_bsp/\libhal_bsp.a(alt_errno.o)
                0x000000000000be1c                alt_errno
 .sdata         0x000000000000be20        0x8 ../nios_software_bsp/\libhal_bsp.a(alt_tick.o)
                0x000000000000be20                alt_alarm_list
 .sdata._global_impure_ptr
                0x000000000000be28        0x4 c:/intelfpga/18.1/nios2eds/bin/gnu/h-x86_64-mingw32/bin/../lib/gcc/nios2-elf/5.3.0/../../../../../H-x86_64-mingw32/nios2-elf/lib/mno-hw-mul\libc.a(lib_a-impure.o)
                0x000000000000be28                _global_impure_ptr
 .sdata._impure_ptr
                0x000000000000be2c        0x4 c:/intelfpga/18.1/nios2eds/bin/gnu/h-x86_64-mingw32/bin/../lib/gcc/nios2-elf/5.3.0/../../../../../H-x86_64-mingw32/nios2-elf/lib/mno-hw-mul\libc.a(lib_a-impure.o)
                0x000000000000be2c                _impure_ptr
 *(.sdata2 .sdata2.* .gnu.linkonce.s2.*)
                0x000000000000be30                . = ALIGN (0x4)
                0x000000000000be30                _edata = ABSOLUTE (.)
                [!provide]                        PROVIDE (edata, ABSOLUTE (.))
                0x000000000000be30                PROVIDE (__ram_rwdata_end, ABSOLUTE (.))
                0x000000000000be30                PROVIDE (__flash_rwdata_start, LOADADDR (.rwdata))

.bss            0x000000000000d4ac      0x124
                0x000000000000d4ac                __bss_start = ABSOLUTE (.)
                [!provide]                        PROVIDE (__sbss_start, ABSOLUTE (.))
                [!provide]                        PROVIDE (___sbss_start, ABSOLUTE (.))
 *(.dynsbss)
 *(.sbss .sbss.* .gnu.linkonce.sb.*)
 .sbss          0x000000000000d4ac        0x2 obj/default/Part3.o
 *fill*         0x000000000000d4ae        0x2 
 .sbss          0x000000000000d4b0        0x4 ../nios_software_bsp/\libhal_bsp.a(alt_irq_vars.o)
                0x000000000000d4b0                alt_irq_active
 .sbss          0x000000000000d4b4        0xc ../nios_software_bsp/\libhal_bsp.a(alt_main.o)
                0x000000000000d4b4                alt_argc
                0x000000000000d4b8                alt_argv
                0x000000000000d4bc                alt_envp
 .sbss          0x000000000000d4c0        0x4 ../nios_software_bsp/\libhal_bsp.a(alt_instruction_exception_entry.o)
                0x000000000000d4c0                alt_instruction_exception_handler
 .sbss          0x000000000000d4c4        0x8 ../nios_software_bsp/\libhal_bsp.a(alt_tick.o)
                0x000000000000d4c4                _alt_tick_rate
                0x000000000000d4c8                _alt_nticks
 .sbss          0x000000000000d4cc        0x4 c:/intelfpga/18.1/nios2eds/bin/gnu/h-x86_64-mingw32/bin/../lib/gcc/nios2-elf/5.3.0/../../../../../H-x86_64-mingw32/nios2-elf/lib/mno-hw-mul\libc.a(lib_a-int_errno.o)
                0x000000000000d4cc                errno
 *(.sbss2 .sbss2.* .gnu.linkonce.sb2.*)
 *(.scommon)
                [!provide]                        PROVIDE (__sbss_end, ABSOLUTE (.))
                [!provide]                        PROVIDE (___sbss_end, ABSOLUTE (.))
 *(.dynbss)
 *(.bss .bss.* .gnu.linkonce.b.*)
 .bss           0x000000000000d4d0        0x0 ../nios_software_bsp//obj/HAL/src/crt0.o
 .bss           0x000000000000d4d0        0x0 obj/default/Part3.o
 .bss           0x000000000000d4d0        0x0 ../nios_software_bsp/\libhal_bsp.a(alt_iic.o)
 .bss           0x000000000000d4d0        0x0 ../nios_software_bsp/\libhal_bsp.a(alt_iic_isr_register.o)
 .bss           0x000000000000d4d0        0x0 ../nios_software_bsp/\libhal_bsp.a(alt_irq_entry.o)
 .bss           0x000000000000d4d0        0x0 ../nios_software_bsp/\libhal_bsp.a(alt_irq_handler.o)
 .bss           0x000000000000d4d0        0x0 ../nios_software_bsp/\libhal_bsp.a(alt_irq_vars.o)
 .bss           0x000000000000d4d0        0x0 ../nios_software_bsp/\libhal_bsp.a(alt_load.o)
 .bss           0x000000000000d4d0        0x0 ../nios_software_bsp/\libhal_bsp.a(alt_main.o)
 .bss           0x000000000000d4d0        0x0 ../nios_software_bsp/\libhal_bsp.a(alt_sys_init.o)
 .bss           0x000000000000d4d0        0x0 ../nios_software_bsp/\libhal_bsp.a(altera_avalon_jtag_uart_fd.o)
 .bss           0x000000000000d4d0        0x0 ../nios_software_bsp/\libhal_bsp.a(altera_avalon_jtag_uart_init.o)
 .bss           0x000000000000d4d0        0x0 ../nios_software_bsp/\libhal_bsp.a(altera_avalon_jtag_uart_ioctl.o)
 .bss           0x000000000000d4d0        0x0 ../nios_software_bsp/\libhal_bsp.a(altera_avalon_jtag_uart_read.o)
 .bss           0x000000000000d4d0        0x0 ../nios_software_bsp/\libhal_bsp.a(altera_avalon_jtag_uart_write.o)
 .bss           0x000000000000d4d0        0x0 ../nios_software_bsp/\libhal_bsp.a(altera_avalon_timer_sc.o)
 .bss           0x000000000000d4d0        0x0 ../nios_software_bsp/\libhal_bsp.a(alt_alarm_start.o)
 .bss           0x000000000000d4d0        0x0 ../nios_software_bsp/\libhal_bsp.a(alt_close.o)
 .bss           0x000000000000d4d0        0x0 ../nios_software_bsp/\libhal_bsp.a(alt_dcache_flush_all.o)
 .bss           0x000000000000d4d0        0x0 ../nios_software_bsp/\libhal_bsp.a(alt_dev.o)
 .bss           0x000000000000d4d0        0x0 ../nios_software_bsp/\libhal_bsp.a(alt_dev_llist_insert.o)
 .bss           0x000000000000d4d0        0x0 ../nios_software_bsp/\libhal_bsp.a(alt_do_ctors.o)
 .bss           0x000000000000d4d0        0x0 ../nios_software_bsp/\libhal_bsp.a(alt_do_dtors.o)
 .bss           0x000000000000d4d0        0x0 ../nios_software_bsp/\libhal_bsp.a(alt_errno.o)
 .bss           0x000000000000d4d0        0x0 ../nios_software_bsp/\libhal_bsp.a(alt_exception_entry.o)
 .bss           0x000000000000d4d0        0x0 ../nios_software_bsp/\libhal_bsp.a(alt_icache_flush_all.o)
 .bss           0x000000000000d4d0        0x0 ../nios_software_bsp/\libhal_bsp.a(alt_instruction_exception_entry.o)
 .bss           0x000000000000d4d0        0x0 ../nios_software_bsp/\libhal_bsp.a(alt_io_redirect.o)
 .bss           0x000000000000d4d0        0x0 ../nios_software_bsp/\libhal_bsp.a(alt_open.o)
 .bss           0x000000000000d4d0        0x0 ../nios_software_bsp/\libhal_bsp.a(alt_release_fd.o)
 .bss           0x000000000000d4d0        0x0 ../nios_software_bsp/\libhal_bsp.a(alt_tick.o)
 .bss           0x000000000000d4d0        0x0 ../nios_software_bsp/\libhal_bsp.a(altera_nios2_gen2_irq.o)
 .bss           0x000000000000d4d0        0x0 ../nios_software_bsp/\libhal_bsp.a(alt_find_dev.o)
 .bss           0x000000000000d4d0        0x0 ../nios_software_bsp/\libhal_bsp.a(alt_find_file.o)
 .bss           0x000000000000d4d0        0x0 ../nios_software_bsp/\libhal_bsp.a(alt_get_fd.o)
 .bss           0x000000000000d4d0        0x0 c:/intelfpga/18.1/nios2eds/bin/gnu/h-x86_64-mingw32/bin/../lib/gcc/nios2-elf/5.3.0/../../../../../H-x86_64-mingw32/nios2-elf/lib/mno-hw-mul\libc.a(lib_a-atexit.o)
 .bss           0x000000000000d4d0        0x0 c:/intelfpga/18.1/nios2eds/bin/gnu/h-x86_64-mingw32/bin/../lib/gcc/nios2-elf/5.3.0/../../../../../H-x86_64-mingw32/nios2-elf/lib/mno-hw-mul\libc.a(lib_a-exit.o)
 .bss           0x000000000000d4d0        0x0 c:/intelfpga/18.1/nios2eds/bin/gnu/h-x86_64-mingw32/bin/../lib/gcc/nios2-elf/5.3.0/../../../../../H-x86_64-mingw32/nios2-elf/lib/mno-hw-mul\libc.a(lib_a-impure.o)
 .bss           0x000000000000d4d0        0x0 c:/intelfpga/18.1/nios2eds/bin/gnu/h-x86_64-mingw32/bin/../lib/gcc/nios2-elf/5.3.0/../../../../../H-x86_64-mingw32/nios2-elf/lib/mno-hw-mul\libc.a(lib_a-int_errno.o)
 .bss           0x000000000000d4d0        0x0 c:/intelfpga/18.1/nios2eds/bin/gnu/h-x86_64-mingw32/bin/../lib/gcc/nios2-elf/5.3.0/../../../../../H-x86_64-mingw32/nios2-elf/lib/mno-hw-mul\libc.a(lib_a-memcmp.o)
 .bss           0x000000000000d4d0        0x0 c:/intelfpga/18.1/nios2eds/bin/gnu/h-x86_64-mingw32/bin/../lib/gcc/nios2-elf/5.3.0/../../../../../H-x86_64-mingw32/nios2-elf/lib/mno-hw-mul\libc.a(lib_a-memcpy.o)
 .bss           0x000000000000d4d0        0x0 c:/intelfpga/18.1/nios2eds/bin/gnu/h-x86_64-mingw32/bin/../lib/gcc/nios2-elf/5.3.0/../../../../../H-x86_64-mingw32/nios2-elf/lib/mno-hw-mul\libc.a(lib_a-strlen.o)
 .bss           0x000000000000d4d0        0x0 c:/intelfpga/18.1/nios2eds/bin/gnu/h-x86_64-mingw32/bin/../lib/gcc/nios2-elf/5.3.0/../../../../../H-x86_64-mingw32/nios2-elf/lib/mno-hw-mul\libc.a(lib_a-__atexit.o)
 .bss           0x000000000000d4d0        0x0 c:/intelfpga/18.1/nios2eds/bin/gnu/h-x86_64-mingw32/bin/../lib/gcc/nios2-elf/5.3.0/../../../../../H-x86_64-mingw32/nios2-elf/lib/mno-hw-mul\libc.a(lib_a-__call_atexit.o)
 .bss           0x000000000000d4d0        0x0 c:/intelfpga/18.1/nios2eds/bin/gnu/h-x86_64-mingw32/bin/../lib/gcc/nios2-elf/5.3.0/mno-hw-mul\libgcc.a(lib2-mul.o)
 .bss           0x000000000000d4d0        0x0 ../nios_software_bsp/\libhal_bsp.a(alt_exit.o)
 *(COMMON)
 COMMON         0x000000000000d4d0      0x100 ../nios_software_bsp/\libhal_bsp.a(alt_irq_handler.o)
                0x000000000000d4d0                alt_irq
                0x000000000000d5d0                . = ALIGN (0x4)
                0x000000000000d5d0                __bss_end = ABSOLUTE (.)

.onchip_memory2_0
                0x000000000000d5d0        0x0
                [!provide]                        PROVIDE (_alt_partition_onchip_memory2_0_start, ABSOLUTE (.))
 *(.onchip_memory2_0 .onchip_memory2_0. onchip_memory2_0.*)
                0x000000000000d5d0                . = ALIGN (0x4)
                [!provide]                        PROVIDE (_alt_partition_onchip_memory2_0_end, ABSOLUTE (.))
                0x000000000000d5d0                _end = ABSOLUTE (.)
                0x000000000000d5d0                end = ABSOLUTE (.)
                0x000000000000d5d0                __alt_stack_base = ABSOLUTE (.)
                [!provide]                        PROVIDE (_alt_partition_onchip_memory2_0_load_addr, LOADADDR (.onchip_memory2_0))

.stab
 *(.stab)

.stabstr
 *(.stabstr)

.stab.excl
 *(.stab.excl)

.stab.exclstr
 *(.stab.exclstr)

.stab.index
 *(.stab.index)

.stab.indexstr
 *(.stab.indexstr)

.comment        0x0000000000000000       0x23
 *(.comment)
 .comment       0x0000000000000000       0x23 obj/default/Part3.o
                                         0x24 (size before relaxing)
 .comment       0x0000000000000023       0x24 ../nios_software_bsp/\libhal_bsp.a(alt_iic.o)
 .comment       0x0000000000000023       0x24 ../nios_software_bsp/\libhal_bsp.a(alt_iic_isr_register.o)
 .comment       0x0000000000000023       0x24 ../nios_software_bsp/\libhal_bsp.a(alt_irq_handler.o)
 .comment       0x0000000000000023       0x24 ../nios_software_bsp/\libhal_bsp.a(alt_irq_vars.o)
 .comment       0x0000000000000023       0x24 ../nios_software_bsp/\libhal_bsp.a(alt_load.o)
 .comment       0x0000000000000023       0x24 ../nios_software_bsp/\libhal_bsp.a(alt_main.o)
 .comment       0x0000000000000023       0x24 ../nios_software_bsp/\libhal_bsp.a(alt_sys_init.o)
 .comment       0x0000000000000023       0x24 ../nios_software_bsp/\libhal_bsp.a(altera_avalon_jtag_uart_fd.o)
 .comment       0x0000000000000023       0x24 ../nios_software_bsp/\libhal_bsp.a(altera_avalon_jtag_uart_init.o)
 .comment       0x0000000000000023       0x24 ../nios_software_bsp/\libhal_bsp.a(altera_avalon_jtag_uart_ioctl.o)
 .comment       0x0000000000000023       0x24 ../nios_software_bsp/\libhal_bsp.a(altera_avalon_jtag_uart_read.o)
 .comment       0x0000000000000023       0x24 ../nios_software_bsp/\libhal_bsp.a(altera_avalon_jtag_uart_write.o)
 .comment       0x0000000000000023       0x24 ../nios_software_bsp/\libhal_bsp.a(altera_avalon_timer_sc.o)
 .comment       0x0000000000000023       0x24 ../nios_software_bsp/\libhal_bsp.a(alt_alarm_start.o)
 .comment       0x0000000000000023       0x24 ../nios_software_bsp/\libhal_bsp.a(alt_close.o)
 .comment       0x0000000000000023       0x24 ../nios_software_bsp/\libhal_bsp.a(alt_dcache_flush_all.o)
 .comment       0x0000000000000023       0x24 ../nios_software_bsp/\libhal_bsp.a(alt_dev.o)
 .comment       0x0000000000000023       0x24 ../nios_software_bsp/\libhal_bsp.a(alt_dev_llist_insert.o)
 .comment       0x0000000000000023       0x24 ../nios_software_bsp/\libhal_bsp.a(alt_do_ctors.o)
 .comment       0x0000000000000023       0x24 ../nios_software_bsp/\libhal_bsp.a(alt_do_dtors.o)
 .comment       0x0000000000000023       0x24 ../nios_software_bsp/\libhal_bsp.a(alt_errno.o)
 .comment       0x0000000000000023       0x24 ../nios_software_bsp/\libhal_bsp.a(alt_icache_flush_all.o)
 .comment       0x0000000000000023       0x24 ../nios_software_bsp/\libhal_bsp.a(alt_instruction_exception_entry.o)
 .comment       0x0000000000000023       0x24 ../nios_software_bsp/\libhal_bsp.a(alt_io_redirect.o)
 .comment       0x0000000000000023       0x24 ../nios_software_bsp/\libhal_bsp.a(alt_open.o)
 .comment       0x0000000000000023       0x24 ../nios_software_bsp/\libhal_bsp.a(alt_release_fd.o)
 .comment       0x0000000000000023       0x24 ../nios_software_bsp/\libhal_bsp.a(alt_tick.o)
 .comment       0x0000000000000023       0x24 ../nios_software_bsp/\libhal_bsp.a(altera_nios2_gen2_irq.o)
 .comment       0x0000000000000023       0x24 ../nios_software_bsp/\libhal_bsp.a(alt_find_dev.o)
 .comment       0x0000000000000023       0x24 ../nios_software_bsp/\libhal_bsp.a(alt_find_file.o)
 .comment       0x0000000000000023       0x24 ../nios_software_bsp/\libhal_bsp.a(alt_get_fd.o)
 .comment       0x0000000000000023       0x24 c:/intelfpga/18.1/nios2eds/bin/gnu/h-x86_64-mingw32/bin/../lib/gcc/nios2-elf/5.3.0/../../../../../H-x86_64-mingw32/nios2-elf/lib/mno-hw-mul\libc.a(lib_a-atexit.o)
 .comment       0x0000000000000023       0x24 c:/intelfpga/18.1/nios2eds/bin/gnu/h-x86_64-mingw32/bin/../lib/gcc/nios2-elf/5.3.0/../../../../../H-x86_64-mingw32/nios2-elf/lib/mno-hw-mul\libc.a(lib_a-exit.o)
 .comment       0x0000000000000023       0x24 c:/intelfpga/18.1/nios2eds/bin/gnu/h-x86_64-mingw32/bin/../lib/gcc/nios2-elf/5.3.0/../../../../../H-x86_64-mingw32/nios2-elf/lib/mno-hw-mul\libc.a(lib_a-impure.o)
 .comment       0x0000000000000023       0x24 c:/intelfpga/18.1/nios2eds/bin/gnu/h-x86_64-mingw32/bin/../lib/gcc/nios2-elf/5.3.0/../../../../../H-x86_64-mingw32/nios2-elf/lib/mno-hw-mul\libc.a(lib_a-int_errno.o)
 .comment       0x0000000000000023       0x24 c:/intelfpga/18.1/nios2eds/bin/gnu/h-x86_64-mingw32/bin/../lib/gcc/nios2-elf/5.3.0/../../../../../H-x86_64-mingw32/nios2-elf/lib/mno-hw-mul\libc.a(lib_a-memcmp.o)
 .comment       0x0000000000000023       0x24 c:/intelfpga/18.1/nios2eds/bin/gnu/h-x86_64-mingw32/bin/../lib/gcc/nios2-elf/5.3.0/../../../../../H-x86_64-mingw32/nios2-elf/lib/mno-hw-mul\libc.a(lib_a-memcpy.o)
 .comment       0x0000000000000023       0x24 c:/intelfpga/18.1/nios2eds/bin/gnu/h-x86_64-mingw32/bin/../lib/gcc/nios2-elf/5.3.0/../../../../../H-x86_64-mingw32/nios2-elf/lib/mno-hw-mul\libc.a(lib_a-strlen.o)
 .comment       0x0000000000000023       0x24 c:/intelfpga/18.1/nios2eds/bin/gnu/h-x86_64-mingw32/bin/../lib/gcc/nios2-elf/5.3.0/../../../../../H-x86_64-mingw32/nios2-elf/lib/mno-hw-mul\libc.a(lib_a-__atexit.o)
 .comment       0x0000000000000023       0x24 c:/intelfpga/18.1/nios2eds/bin/gnu/h-x86_64-mingw32/bin/../lib/gcc/nios2-elf/5.3.0/../../../../../H-x86_64-mingw32/nios2-elf/lib/mno-hw-mul\libc.a(lib_a-__call_atexit.o)
 .comment       0x0000000000000023       0x24 c:/intelfpga/18.1/nios2eds/bin/gnu/h-x86_64-mingw32/bin/../lib/gcc/nios2-elf/5.3.0/mno-hw-mul\libgcc.a(lib2-mul.o)
 .comment       0x0000000000000023       0x24 ../nios_software_bsp/\libhal_bsp.a(alt_exit.o)

.debug
 *(.debug)

.line
 *(.line)

.debug_srcinfo
 *(.debug_srcinfo)

.debug_sfnames
 *(.debug_sfnames)

.debug_aranges  0x0000000000000000      0x5d8
 *(.debug_aranges)
 .debug_aranges
                0x0000000000000000       0x28 ../nios_software_bsp//obj/HAL/src/crt0.o
 .debug_aranges
                0x0000000000000028       0x20 obj/default/Part3.o
 .debug_aranges
                0x0000000000000048       0x20 ../nios_software_bsp/\libhal_bsp.a(alt_iic.o)
 .debug_aranges
                0x0000000000000068       0x20 ../nios_software_bsp/\libhal_bsp.a(alt_iic_isr_register.o)
 .debug_aranges
                0x0000000000000088       0x30 ../nios_software_bsp/\libhal_bsp.a(alt_irq_entry.o)
 .debug_aranges
                0x00000000000000b8       0x20 ../nios_software_bsp/\libhal_bsp.a(alt_irq_handler.o)
 .debug_aranges
                0x00000000000000d8       0x18 ../nios_software_bsp/\libhal_bsp.a(alt_irq_vars.o)
 .debug_aranges
                0x00000000000000f0       0x20 ../nios_software_bsp/\libhal_bsp.a(alt_load.o)
 .debug_aranges
                0x0000000000000110       0x20 ../nios_software_bsp/\libhal_bsp.a(alt_main.o)
 .debug_aranges
                0x0000000000000130       0x20 ../nios_software_bsp/\libhal_bsp.a(alt_sys_init.o)
 .debug_aranges
                0x0000000000000150       0x20 ../nios_software_bsp/\libhal_bsp.a(altera_avalon_jtag_uart_fd.o)
 .debug_aranges
                0x0000000000000170       0x20 ../nios_software_bsp/\libhal_bsp.a(altera_avalon_jtag_uart_init.o)
 .debug_aranges
                0x0000000000000190       0x20 ../nios_software_bsp/\libhal_bsp.a(altera_avalon_jtag_uart_ioctl.o)
 .debug_aranges
                0x00000000000001b0       0x20 ../nios_software_bsp/\libhal_bsp.a(altera_avalon_jtag_uart_read.o)
 .debug_aranges
                0x00000000000001d0       0x20 ../nios_software_bsp/\libhal_bsp.a(altera_avalon_jtag_uart_write.o)
 .debug_aranges
                0x00000000000001f0       0x20 ../nios_software_bsp/\libhal_bsp.a(altera_avalon_timer_sc.o)
 .debug_aranges
                0x0000000000000210       0x20 ../nios_software_bsp/\libhal_bsp.a(alt_alarm_start.o)
 .debug_aranges
                0x0000000000000230       0x20 ../nios_software_bsp/\libhal_bsp.a(alt_close.o)
 .debug_aranges
                0x0000000000000250       0x20 ../nios_software_bsp/\libhal_bsp.a(alt_dcache_flush_all.o)
 .debug_aranges
                0x0000000000000270       0x20 ../nios_software_bsp/\libhal_bsp.a(alt_dev.o)
 .debug_aranges
                0x0000000000000290       0x20 ../nios_software_bsp/\libhal_bsp.a(alt_dev_llist_insert.o)
 .debug_aranges
                0x00000000000002b0       0x20 ../nios_software_bsp/\libhal_bsp.a(alt_do_ctors.o)
 .debug_aranges
                0x00000000000002d0       0x20 ../nios_software_bsp/\libhal_bsp.a(alt_do_dtors.o)
 .debug_aranges
                0x00000000000002f0       0x18 ../nios_software_bsp/\libhal_bsp.a(alt_errno.o)
 .debug_aranges
                0x0000000000000308       0x38 ../nios_software_bsp/\libhal_bsp.a(alt_exception_entry.o)
 .debug_aranges
                0x0000000000000340       0x20 ../nios_software_bsp/\libhal_bsp.a(alt_icache_flush_all.o)
 .debug_aranges
                0x0000000000000360       0x28 ../nios_software_bsp/\libhal_bsp.a(alt_instruction_exception_entry.o)
 .debug_aranges
                0x0000000000000388       0x20 ../nios_software_bsp/\libhal_bsp.a(alt_io_redirect.o)
 .debug_aranges
                0x00000000000003a8       0x20 ../nios_software_bsp/\libhal_bsp.a(alt_open.o)
 .debug_aranges
                0x00000000000003c8       0x20 ../nios_software_bsp/\libhal_bsp.a(alt_release_fd.o)
 .debug_aranges
                0x00000000000003e8       0x20 ../nios_software_bsp/\libhal_bsp.a(alt_tick.o)
 .debug_aranges
                0x0000000000000408       0x20 ../nios_software_bsp/\libhal_bsp.a(altera_nios2_gen2_irq.o)
 .debug_aranges
                0x0000000000000428       0x20 ../nios_software_bsp/\libhal_bsp.a(alt_find_dev.o)
 .debug_aranges
                0x0000000000000448       0x20 ../nios_software_bsp/\libhal_bsp.a(alt_find_file.o)
 .debug_aranges
                0x0000000000000468       0x20 ../nios_software_bsp/\libhal_bsp.a(alt_get_fd.o)
 .debug_aranges
                0x0000000000000488       0x20 c:/intelfpga/18.1/nios2eds/bin/gnu/h-x86_64-mingw32/bin/../lib/gcc/nios2-elf/5.3.0/../../../../../H-x86_64-mingw32/nios2-elf/lib/mno-hw-mul\libc.a(lib_a-atexit.o)
 .debug_aranges
                0x00000000000004a8       0x20 c:/intelfpga/18.1/nios2eds/bin/gnu/h-x86_64-mingw32/bin/../lib/gcc/nios2-elf/5.3.0/../../../../../H-x86_64-mingw32/nios2-elf/lib/mno-hw-mul\libc.a(lib_a-exit.o)
 .debug_aranges
                0x00000000000004c8       0x18 c:/intelfpga/18.1/nios2eds/bin/gnu/h-x86_64-mingw32/bin/../lib/gcc/nios2-elf/5.3.0/../../../../../H-x86_64-mingw32/nios2-elf/lib/mno-hw-mul\libc.a(lib_a-impure.o)
 .debug_aranges
                0x00000000000004e0       0x18 c:/intelfpga/18.1/nios2eds/bin/gnu/h-x86_64-mingw32/bin/../lib/gcc/nios2-elf/5.3.0/../../../../../H-x86_64-mingw32/nios2-elf/lib/mno-hw-mul\libc.a(lib_a-int_errno.o)
 .debug_aranges
                0x00000000000004f8       0x20 c:/intelfpga/18.1/nios2eds/bin/gnu/h-x86_64-mingw32/bin/../lib/gcc/nios2-elf/5.3.0/../../../../../H-x86_64-mingw32/nios2-elf/lib/mno-hw-mul\libc.a(lib_a-memcmp.o)
 .debug_aranges
                0x0000000000000518       0x20 c:/intelfpga/18.1/nios2eds/bin/gnu/h-x86_64-mingw32/bin/../lib/gcc/nios2-elf/5.3.0/../../../../../H-x86_64-mingw32/nios2-elf/lib/mno-hw-mul\libc.a(lib_a-memcpy.o)
 .debug_aranges
                0x0000000000000538       0x20 c:/intelfpga/18.1/nios2eds/bin/gnu/h-x86_64-mingw32/bin/../lib/gcc/nios2-elf/5.3.0/../../../../../H-x86_64-mingw32/nios2-elf/lib/mno-hw-mul\libc.a(lib_a-strlen.o)
 .debug_aranges
                0x0000000000000558       0x20 c:/intelfpga/18.1/nios2eds/bin/gnu/h-x86_64-mingw32/bin/../lib/gcc/nios2-elf/5.3.0/../../../../../H-x86_64-mingw32/nios2-elf/lib/mno-hw-mul\libc.a(lib_a-__atexit.o)
 .debug_aranges
                0x0000000000000578       0x20 c:/intelfpga/18.1/nios2eds/bin/gnu/h-x86_64-mingw32/bin/../lib/gcc/nios2-elf/5.3.0/../../../../../H-x86_64-mingw32/nios2-elf/lib/mno-hw-mul\libc.a(lib_a-__call_atexit.o)
 .debug_aranges
                0x0000000000000598       0x20 c:/intelfpga/18.1/nios2eds/bin/gnu/h-x86_64-mingw32/bin/../lib/gcc/nios2-elf/5.3.0/mno-hw-mul\libgcc.a(lib2-mul.o)
 .debug_aranges
                0x00000000000005b8       0x20 ../nios_software_bsp/\libhal_bsp.a(alt_exit.o)

.debug_pubnames
 *(.debug_pubnames)

.debug_info     0x0000000000000000     0x7850
 *(.debug_info .gnu.linkonce.wi.*)
 .debug_info    0x0000000000000000       0x68 ../nios_software_bsp//obj/HAL/src/crt0.o
 .debug_info    0x0000000000000068      0x1e1 obj/default/Part3.o
 .debug_info    0x0000000000000249      0x350 ../nios_software_bsp/\libhal_bsp.a(alt_iic.o)
 .debug_info    0x0000000000000599      0x1ef ../nios_software_bsp/\libhal_bsp.a(alt_iic_isr_register.o)
 .debug_info    0x0000000000000788       0x71 ../nios_software_bsp/\libhal_bsp.a(alt_irq_entry.o)
 .debug_info    0x00000000000007f9      0x187 ../nios_software_bsp/\libhal_bsp.a(alt_irq_handler.o)
 .debug_info    0x0000000000000980       0x88 ../nios_software_bsp/\libhal_bsp.a(alt_irq_vars.o)
 .debug_info    0x0000000000000a08      0x145 ../nios_software_bsp/\libhal_bsp.a(alt_load.o)
 .debug_info    0x0000000000000b4d      0x131 ../nios_software_bsp/\libhal_bsp.a(alt_main.o)
 .debug_info    0x0000000000000c7e      0x4d9 ../nios_software_bsp/\libhal_bsp.a(alt_sys_init.o)
 .debug_info    0x0000000000001157      0x52e ../nios_software_bsp/\libhal_bsp.a(altera_avalon_jtag_uart_fd.o)
 .debug_info    0x0000000000001685      0x3a0 ../nios_software_bsp/\libhal_bsp.a(altera_avalon_jtag_uart_init.o)
 .debug_info    0x0000000000001a25      0x280 ../nios_software_bsp/\libhal_bsp.a(altera_avalon_jtag_uart_ioctl.o)
 .debug_info    0x0000000000001ca5      0x345 ../nios_software_bsp/\libhal_bsp.a(altera_avalon_jtag_uart_read.o)
 .debug_info    0x0000000000001fea      0x340 ../nios_software_bsp/\libhal_bsp.a(altera_avalon_jtag_uart_write.o)
 .debug_info    0x000000000000232a      0x226 ../nios_software_bsp/\libhal_bsp.a(altera_avalon_timer_sc.o)
 .debug_info    0x0000000000002550      0x2cc ../nios_software_bsp/\libhal_bsp.a(alt_alarm_start.o)
 .debug_info    0x000000000000281c      0x321 ../nios_software_bsp/\libhal_bsp.a(alt_close.o)
 .debug_info    0x0000000000002b3d       0x92 ../nios_software_bsp/\libhal_bsp.a(alt_dcache_flush_all.o)
 .debug_info    0x0000000000002bcf      0x49c ../nios_software_bsp/\libhal_bsp.a(alt_dev.o)
 .debug_info    0x000000000000306b      0x1a9 ../nios_software_bsp/\libhal_bsp.a(alt_dev_llist_insert.o)
 .debug_info    0x0000000000003214       0x83 ../nios_software_bsp/\libhal_bsp.a(alt_do_ctors.o)
 .debug_info    0x0000000000003297       0x83 ../nios_software_bsp/\libhal_bsp.a(alt_do_dtors.o)
 .debug_info    0x000000000000331a       0xa6 ../nios_software_bsp/\libhal_bsp.a(alt_errno.o)
 .debug_info    0x00000000000033c0       0x77 ../nios_software_bsp/\libhal_bsp.a(alt_exception_entry.o)
 .debug_info    0x0000000000003437       0x92 ../nios_software_bsp/\libhal_bsp.a(alt_icache_flush_all.o)
 .debug_info    0x00000000000034c9      0x1e7 ../nios_software_bsp/\libhal_bsp.a(alt_instruction_exception_entry.o)
 .debug_info    0x00000000000036b0      0x4a5 ../nios_software_bsp/\libhal_bsp.a(alt_io_redirect.o)
 .debug_info    0x0000000000003b55      0x3bb ../nios_software_bsp/\libhal_bsp.a(alt_open.o)
 .debug_info    0x0000000000003f10      0x2b0 ../nios_software_bsp/\libhal_bsp.a(alt_release_fd.o)
 .debug_info    0x00000000000041c0      0x299 ../nios_software_bsp/\libhal_bsp.a(alt_tick.o)
 .debug_info    0x0000000000004459       0x92 ../nios_software_bsp/\libhal_bsp.a(altera_nios2_gen2_irq.o)
 .debug_info    0x00000000000044eb      0x2e9 ../nios_software_bsp/\libhal_bsp.a(alt_find_dev.o)
 .debug_info    0x00000000000047d4      0x2e6 ../nios_software_bsp/\libhal_bsp.a(alt_find_file.o)
 .debug_info    0x0000000000004aba      0x310 ../nios_software_bsp/\libhal_bsp.a(alt_get_fd.o)
 .debug_info    0x0000000000004dca       0xfe c:/intelfpga/18.1/nios2eds/bin/gnu/h-x86_64-mingw32/bin/../lib/gcc/nios2-elf/5.3.0/../../../../../H-x86_64-mingw32/nios2-elf/lib/mno-hw-mul\libc.a(lib_a-atexit.o)
 .debug_info    0x0000000000004ec8      0x8e4 c:/intelfpga/18.1/nios2eds/bin/gnu/h-x86_64-mingw32/bin/../lib/gcc/nios2-elf/5.3.0/../../../../../H-x86_64-mingw32/nios2-elf/lib/mno-hw-mul\libc.a(lib_a-exit.o)
 .debug_info    0x00000000000057ac      0x8a1 c:/intelfpga/18.1/nios2eds/bin/gnu/h-x86_64-mingw32/bin/../lib/gcc/nios2-elf/5.3.0/../../../../../H-x86_64-mingw32/nios2-elf/lib/mno-hw-mul\libc.a(lib_a-impure.o)
 .debug_info    0x000000000000604d       0x8a c:/intelfpga/18.1/nios2eds/bin/gnu/h-x86_64-mingw32/bin/../lib/gcc/nios2-elf/5.3.0/../../../../../H-x86_64-mingw32/nios2-elf/lib/mno-hw-mul\libc.a(lib_a-int_errno.o)
 .debug_info    0x00000000000060d7      0x11a c:/intelfpga/18.1/nios2eds/bin/gnu/h-x86_64-mingw32/bin/../lib/gcc/nios2-elf/5.3.0/../../../../../H-x86_64-mingw32/nios2-elf/lib/mno-hw-mul\libc.a(lib_a-memcmp.o)
 .debug_info    0x00000000000061f1      0x144 c:/intelfpga/18.1/nios2eds/bin/gnu/h-x86_64-mingw32/bin/../lib/gcc/nios2-elf/5.3.0/../../../../../H-x86_64-mingw32/nios2-elf/lib/mno-hw-mul\libc.a(lib_a-memcpy.o)
 .debug_info    0x0000000000006335       0xe2 c:/intelfpga/18.1/nios2eds/bin/gnu/h-x86_64-mingw32/bin/../lib/gcc/nios2-elf/5.3.0/../../../../../H-x86_64-mingw32/nios2-elf/lib/mno-hw-mul\libc.a(lib_a-strlen.o)
 .debug_info    0x0000000000006417      0x934 c:/intelfpga/18.1/nios2eds/bin/gnu/h-x86_64-mingw32/bin/../lib/gcc/nios2-elf/5.3.0/../../../../../H-x86_64-mingw32/nios2-elf/lib/mno-hw-mul\libc.a(lib_a-__atexit.o)
 .debug_info    0x0000000000006d4b      0x965 c:/intelfpga/18.1/nios2eds/bin/gnu/h-x86_64-mingw32/bin/../lib/gcc/nios2-elf/5.3.0/../../../../../H-x86_64-mingw32/nios2-elf/lib/mno-hw-mul\libc.a(lib_a-__call_atexit.o)
 .debug_info    0x00000000000076b0       0xb4 c:/intelfpga/18.1/nios2eds/bin/gnu/h-x86_64-mingw32/bin/../lib/gcc/nios2-elf/5.3.0/mno-hw-mul\libgcc.a(lib2-mul.o)
 .debug_info    0x0000000000007764       0xec ../nios_software_bsp/\libhal_bsp.a(alt_exit.o)

.debug_abbrev   0x0000000000000000     0x2af2
 *(.debug_abbrev)
 .debug_abbrev  0x0000000000000000       0x12 ../nios_software_bsp//obj/HAL/src/crt0.o
 .debug_abbrev  0x0000000000000012       0xe9 obj/default/Part3.o
 .debug_abbrev  0x00000000000000fb      0x163 ../nios_software_bsp/\libhal_bsp.a(alt_iic.o)
 .debug_abbrev  0x000000000000025e      0x169 ../nios_software_bsp/\libhal_bsp.a(alt_iic_isr_register.o)
 .debug_abbrev  0x00000000000003c7       0x12 ../nios_software_bsp/\libhal_bsp.a(alt_irq_entry.o)
 .debug_abbrev  0x00000000000003d9      0x122 ../nios_software_bsp/\libhal_bsp.a(alt_irq_handler.o)
 .debug_abbrev  0x00000000000004fb       0x40 ../nios_software_bsp/\libhal_bsp.a(alt_irq_vars.o)
 .debug_abbrev  0x000000000000053b       0x9f ../nios_software_bsp/\libhal_bsp.a(alt_load.o)
 .debug_abbrev  0x00000000000005da       0xba ../nios_software_bsp/\libhal_bsp.a(alt_main.o)
 .debug_abbrev  0x0000000000000694      0x187 ../nios_software_bsp/\libhal_bsp.a(alt_sys_init.o)
 .debug_abbrev  0x000000000000081b      0x127 ../nios_software_bsp/\libhal_bsp.a(altera_avalon_jtag_uart_fd.o)
 .debug_abbrev  0x0000000000000942      0x19e ../nios_software_bsp/\libhal_bsp.a(altera_avalon_jtag_uart_init.o)
 .debug_abbrev  0x0000000000000ae0      0x111 ../nios_software_bsp/\libhal_bsp.a(altera_avalon_jtag_uart_ioctl.o)
 .debug_abbrev  0x0000000000000bf1      0x1aa ../nios_software_bsp/\libhal_bsp.a(altera_avalon_jtag_uart_read.o)
 .debug_abbrev  0x0000000000000d9b      0x1a8 ../nios_software_bsp/\libhal_bsp.a(altera_avalon_jtag_uart_write.o)
 .debug_abbrev  0x0000000000000f43      0x155 ../nios_software_bsp/\libhal_bsp.a(altera_avalon_timer_sc.o)
 .debug_abbrev  0x0000000000001098      0x162 ../nios_software_bsp/\libhal_bsp.a(alt_alarm_start.o)
 .debug_abbrev  0x00000000000011fa      0x11f ../nios_software_bsp/\libhal_bsp.a(alt_close.o)
 .debug_abbrev  0x0000000000001319       0x42 ../nios_software_bsp/\libhal_bsp.a(alt_dcache_flush_all.o)
 .debug_abbrev  0x000000000000135b       0xd9 ../nios_software_bsp/\libhal_bsp.a(alt_dev.o)
 .debug_abbrev  0x0000000000001434      0x114 ../nios_software_bsp/\libhal_bsp.a(alt_dev_llist_insert.o)
 .debug_abbrev  0x0000000000001548       0x79 ../nios_software_bsp/\libhal_bsp.a(alt_do_ctors.o)
 .debug_abbrev  0x00000000000015c1       0x79 ../nios_software_bsp/\libhal_bsp.a(alt_do_dtors.o)
 .debug_abbrev  0x000000000000163a       0x5a ../nios_software_bsp/\libhal_bsp.a(alt_errno.o)
 .debug_abbrev  0x0000000000001694       0x12 ../nios_software_bsp/\libhal_bsp.a(alt_exception_entry.o)
 .debug_abbrev  0x00000000000016a6       0x42 ../nios_software_bsp/\libhal_bsp.a(alt_icache_flush_all.o)
 .debug_abbrev  0x00000000000016e8       0xdc ../nios_software_bsp/\libhal_bsp.a(alt_instruction_exception_entry.o)
 .debug_abbrev  0x00000000000017c4      0x114 ../nios_software_bsp/\libhal_bsp.a(alt_io_redirect.o)
 .debug_abbrev  0x00000000000018d8      0x148 ../nios_software_bsp/\libhal_bsp.a(alt_open.o)
 .debug_abbrev  0x0000000000001a20       0xde ../nios_software_bsp/\libhal_bsp.a(alt_release_fd.o)
 .debug_abbrev  0x0000000000001afe      0x15a ../nios_software_bsp/\libhal_bsp.a(alt_tick.o)
 .debug_abbrev  0x0000000000001c58       0x42 ../nios_software_bsp/\libhal_bsp.a(altera_nios2_gen2_irq.o)
 .debug_abbrev  0x0000000000001c9a       0xf0 ../nios_software_bsp/\libhal_bsp.a(alt_find_dev.o)
 .debug_abbrev  0x0000000000001d8a       0xf0 ../nios_software_bsp/\libhal_bsp.a(alt_find_file.o)
 .debug_abbrev  0x0000000000001e7a      0x10d ../nios_software_bsp/\libhal_bsp.a(alt_get_fd.o)
 .debug_abbrev  0x0000000000001f87       0xaa c:/intelfpga/18.1/nios2eds/bin/gnu/h-x86_64-mingw32/bin/../lib/gcc/nios2-elf/5.3.0/../../../../../H-x86_64-mingw32/nios2-elf/lib/mno-hw-mul\libc.a(lib_a-atexit.o)
 .debug_abbrev  0x0000000000002031      0x1e5 c:/intelfpga/18.1/nios2eds/bin/gnu/h-x86_64-mingw32/bin/../lib/gcc/nios2-elf/5.3.0/../../../../../H-x86_64-mingw32/nios2-elf/lib/mno-hw-mul\libc.a(lib_a-exit.o)
 .debug_abbrev  0x0000000000002216      0x18f c:/intelfpga/18.1/nios2eds/bin/gnu/h-x86_64-mingw32/bin/../lib/gcc/nios2-elf/5.3.0/../../../../../H-x86_64-mingw32/nios2-elf/lib/mno-hw-mul\libc.a(lib_a-impure.o)
 .debug_abbrev  0x00000000000023a5       0x37 c:/intelfpga/18.1/nios2eds/bin/gnu/h-x86_64-mingw32/bin/../lib/gcc/nios2-elf/5.3.0/../../../../../H-x86_64-mingw32/nios2-elf/lib/mno-hw-mul\libc.a(lib_a-int_errno.o)
 .debug_abbrev  0x00000000000023dc       0x7f c:/intelfpga/18.1/nios2eds/bin/gnu/h-x86_64-mingw32/bin/../lib/gcc/nios2-elf/5.3.0/../../../../../H-x86_64-mingw32/nios2-elf/lib/mno-hw-mul\libc.a(lib_a-memcmp.o)
 .debug_abbrev  0x000000000000245b       0xa3 c:/intelfpga/18.1/nios2eds/bin/gnu/h-x86_64-mingw32/bin/../lib/gcc/nios2-elf/5.3.0/../../../../../H-x86_64-mingw32/nios2-elf/lib/mno-hw-mul\libc.a(lib_a-memcpy.o)
 .debug_abbrev  0x00000000000024fe       0x90 c:/intelfpga/18.1/nios2eds/bin/gnu/h-x86_64-mingw32/bin/../lib/gcc/nios2-elf/5.3.0/../../../../../H-x86_64-mingw32/nios2-elf/lib/mno-hw-mul\libc.a(lib_a-strlen.o)
 .debug_abbrev  0x000000000000258e      0x21e c:/intelfpga/18.1/nios2eds/bin/gnu/h-x86_64-mingw32/bin/../lib/gcc/nios2-elf/5.3.0/../../../../../H-x86_64-mingw32/nios2-elf/lib/mno-hw-mul\libc.a(lib_a-__atexit.o)
 .debug_abbrev  0x00000000000027ac      0x22e c:/intelfpga/18.1/nios2eds/bin/gnu/h-x86_64-mingw32/bin/../lib/gcc/nios2-elf/5.3.0/../../../../../H-x86_64-mingw32/nios2-elf/lib/mno-hw-mul\libc.a(lib_a-__call_atexit.o)
 .debug_abbrev  0x00000000000029da       0x6f c:/intelfpga/18.1/nios2eds/bin/gnu/h-x86_64-mingw32/bin/../lib/gcc/nios2-elf/5.3.0/mno-hw-mul\libgcc.a(lib2-mul.o)
 .debug_abbrev  0x0000000000002a49       0xa9 ../nios_software_bsp/\libhal_bsp.a(alt_exit.o)

.debug_line     0x0000000000000000     0x2ac0
 *(.debug_line)
 .debug_line    0x0000000000000000       0x66 ../nios_software_bsp//obj/HAL/src/crt0.o
 .debug_line    0x0000000000000066       0xa3 obj/default/Part3.o
 .debug_line    0x0000000000000109       0xeb ../nios_software_bsp/\libhal_bsp.a(alt_iic.o)
 .debug_line    0x00000000000001f4       0xdb ../nios_software_bsp/\libhal_bsp.a(alt_iic_isr_register.o)
 .debug_line    0x00000000000002cf       0x6b ../nios_software_bsp/\libhal_bsp.a(alt_irq_entry.o)
 .debug_line    0x000000000000033a       0xaa ../nios_software_bsp/\libhal_bsp.a(alt_irq_handler.o)
 .debug_line    0x00000000000003e4       0x50 ../nios_software_bsp/\libhal_bsp.a(alt_irq_vars.o)
 .debug_line    0x0000000000000434       0x8e ../nios_software_bsp/\libhal_bsp.a(alt_load.o)
 .debug_line    0x00000000000004c2       0xa4 ../nios_software_bsp/\libhal_bsp.a(alt_main.o)
 .debug_line    0x0000000000000566      0x152 ../nios_software_bsp/\libhal_bsp.a(alt_sys_init.o)
 .debug_line    0x00000000000006b8      0x12f ../nios_software_bsp/\libhal_bsp.a(altera_avalon_jtag_uart_fd.o)
 .debug_line    0x00000000000007e7      0x18b ../nios_software_bsp/\libhal_bsp.a(altera_avalon_jtag_uart_init.o)
 .debug_line    0x0000000000000972      0x131 ../nios_software_bsp/\libhal_bsp.a(altera_avalon_jtag_uart_ioctl.o)
 .debug_line    0x0000000000000aa3      0x171 ../nios_software_bsp/\libhal_bsp.a(altera_avalon_jtag_uart_read.o)
 .debug_line    0x0000000000000c14      0x170 ../nios_software_bsp/\libhal_bsp.a(altera_avalon_jtag_uart_write.o)
 .debug_line    0x0000000000000d84       0xfd ../nios_software_bsp/\libhal_bsp.a(altera_avalon_timer_sc.o)
 .debug_line    0x0000000000000e81       0xf9 ../nios_software_bsp/\libhal_bsp.a(alt_alarm_start.o)
 .debug_line    0x0000000000000f7a      0x160 ../nios_software_bsp/\libhal_bsp.a(alt_close.o)
 .debug_line    0x00000000000010da       0x51 ../nios_software_bsp/\libhal_bsp.a(alt_dcache_flush_all.o)
 .debug_line    0x000000000000112b       0xf3 ../nios_software_bsp/\libhal_bsp.a(alt_dev.o)
 .debug_line    0x000000000000121e       0xcf ../nios_software_bsp/\libhal_bsp.a(alt_dev_llist_insert.o)
 .debug_line    0x00000000000012ed       0x59 ../nios_software_bsp/\libhal_bsp.a(alt_do_ctors.o)
 .debug_line    0x0000000000001346       0x59 ../nios_software_bsp/\libhal_bsp.a(alt_do_dtors.o)
 .debug_line    0x000000000000139f       0x51 ../nios_software_bsp/\libhal_bsp.a(alt_errno.o)
 .debug_line    0x00000000000013f0       0xb3 ../nios_software_bsp/\libhal_bsp.a(alt_exception_entry.o)
 .debug_line    0x00000000000014a3       0x4f ../nios_software_bsp/\libhal_bsp.a(alt_icache_flush_all.o)
 .debug_line    0x00000000000014f2       0xb9 ../nios_software_bsp/\libhal_bsp.a(alt_instruction_exception_entry.o)
 .debug_line    0x00000000000015ab      0x130 ../nios_software_bsp/\libhal_bsp.a(alt_io_redirect.o)
 .debug_line    0x00000000000016db      0x12b ../nios_software_bsp/\libhal_bsp.a(alt_open.o)
 .debug_line    0x0000000000001806       0xb0 ../nios_software_bsp/\libhal_bsp.a(alt_release_fd.o)
 .debug_line    0x00000000000018b6       0xff ../nios_software_bsp/\libhal_bsp.a(alt_tick.o)
 .debug_line    0x00000000000019b5       0x51 ../nios_software_bsp/\libhal_bsp.a(altera_nios2_gen2_irq.o)
 .debug_line    0x0000000000001a06       0xb5 ../nios_software_bsp/\libhal_bsp.a(alt_find_dev.o)
 .debug_line    0x0000000000001abb       0xd1 ../nios_software_bsp/\libhal_bsp.a(alt_find_file.o)
 .debug_line    0x0000000000001b8c       0xd7 ../nios_software_bsp/\libhal_bsp.a(alt_get_fd.o)
 .debug_line    0x0000000000001c63       0xe7 c:/intelfpga/18.1/nios2eds/bin/gnu/h-x86_64-mingw32/bin/../lib/gcc/nios2-elf/5.3.0/../../../../../H-x86_64-mingw32/nios2-elf/lib/mno-hw-mul\libc.a(lib_a-atexit.o)
 .debug_line    0x0000000000001d4a      0x1fc c:/intelfpga/18.1/nios2eds/bin/gnu/h-x86_64-mingw32/bin/../lib/gcc/nios2-elf/5.3.0/../../../../../H-x86_64-mingw32/nios2-elf/lib/mno-hw-mul\libc.a(lib_a-exit.o)
 .debug_line    0x0000000000001f46      0x160 c:/intelfpga/18.1/nios2eds/bin/gnu/h-x86_64-mingw32/bin/../lib/gcc/nios2-elf/5.3.0/../../../../../H-x86_64-mingw32/nios2-elf/lib/mno-hw-mul\libc.a(lib_a-impure.o)
 .debug_line    0x00000000000020a6       0x5f c:/intelfpga/18.1/nios2eds/bin/gnu/h-x86_64-mingw32/bin/../lib/gcc/nios2-elf/5.3.0/../../../../../H-x86_64-mingw32/nios2-elf/lib/mno-hw-mul\libc.a(lib_a-int_errno.o)
 .debug_line    0x0000000000002105      0x176 c:/intelfpga/18.1/nios2eds/bin/gnu/h-x86_64-mingw32/bin/../lib/gcc/nios2-elf/5.3.0/../../../../../H-x86_64-mingw32/nios2-elf/lib/mno-hw-mul\libc.a(lib_a-memcmp.o)
 .debug_line    0x000000000000227b      0x18c c:/intelfpga/18.1/nios2eds/bin/gnu/h-x86_64-mingw32/bin/../lib/gcc/nios2-elf/5.3.0/../../../../../H-x86_64-mingw32/nios2-elf/lib/mno-hw-mul\libc.a(lib_a-memcpy.o)
 .debug_line    0x0000000000002407      0x16f c:/intelfpga/18.1/nios2eds/bin/gnu/h-x86_64-mingw32/bin/../lib/gcc/nios2-elf/5.3.0/../../../../../H-x86_64-mingw32/nios2-elf/lib/mno-hw-mul\libc.a(lib_a-strlen.o)
 .debug_line    0x0000000000002576      0x21f c:/intelfpga/18.1/nios2eds/bin/gnu/h-x86_64-mingw32/bin/../lib/gcc/nios2-elf/5.3.0/../../../../../H-x86_64-mingw32/nios2-elf/lib/mno-hw-mul\libc.a(lib_a-__atexit.o)
 .debug_line    0x0000000000002795      0x23a c:/intelfpga/18.1/nios2eds/bin/gnu/h-x86_64-mingw32/bin/../lib/gcc/nios2-elf/5.3.0/../../../../../H-x86_64-mingw32/nios2-elf/lib/mno-hw-mul\libc.a(lib_a-__call_atexit.o)
 .debug_line    0x00000000000029cf       0x80 c:/intelfpga/18.1/nios2eds/bin/gnu/h-x86_64-mingw32/bin/../lib/gcc/nios2-elf/5.3.0/mno-hw-mul\libgcc.a(lib2-mul.o)
 .debug_line    0x0000000000002a4f       0x71 ../nios_software_bsp/\libhal_bsp.a(alt_exit.o)

.debug_frame    0x0000000000000000      0xb4c
 *(.debug_frame)
 .debug_frame   0x0000000000000000       0x74 obj/default/Part3.o
 .debug_frame   0x0000000000000074       0xa4 ../nios_software_bsp/\libhal_bsp.a(alt_iic.o)
 .debug_frame   0x0000000000000118       0x38 ../nios_software_bsp/\libhal_bsp.a(alt_iic_isr_register.o)
 .debug_frame   0x0000000000000150       0x38 ../nios_software_bsp/\libhal_bsp.a(alt_irq_handler.o)
 .debug_frame   0x0000000000000188       0x5c ../nios_software_bsp/\libhal_bsp.a(alt_load.o)
 .debug_frame   0x00000000000001e4       0x2c ../nios_software_bsp/\libhal_bsp.a(alt_main.o)
 .debug_frame   0x0000000000000210       0x88 ../nios_software_bsp/\libhal_bsp.a(alt_sys_init.o)
 .debug_frame   0x0000000000000298       0xb0 ../nios_software_bsp/\libhal_bsp.a(altera_avalon_jtag_uart_fd.o)
 .debug_frame   0x0000000000000348       0xa4 ../nios_software_bsp/\libhal_bsp.a(altera_avalon_jtag_uart_init.o)
 .debug_frame   0x00000000000003ec       0x34 ../nios_software_bsp/\libhal_bsp.a(altera_avalon_jtag_uart_ioctl.o)
 .debug_frame   0x0000000000000420       0x38 ../nios_software_bsp/\libhal_bsp.a(altera_avalon_jtag_uart_read.o)
 .debug_frame   0x0000000000000458       0x38 ../nios_software_bsp/\libhal_bsp.a(altera_avalon_jtag_uart_write.o)
 .debug_frame   0x0000000000000490       0x60 ../nios_software_bsp/\libhal_bsp.a(altera_avalon_timer_sc.o)
 .debug_frame   0x00000000000004f0       0x34 ../nios_software_bsp/\libhal_bsp.a(alt_alarm_start.o)
 .debug_frame   0x0000000000000524       0x60 ../nios_software_bsp/\libhal_bsp.a(alt_close.o)
 .debug_frame   0x0000000000000584       0x34 ../nios_software_bsp/\libhal_bsp.a(alt_dcache_flush_all.o)
 .debug_frame   0x00000000000005b8       0x34 ../nios_software_bsp/\libhal_bsp.a(alt_dev.o)
 .debug_frame   0x00000000000005ec       0x60 ../nios_software_bsp/\libhal_bsp.a(alt_dev_llist_insert.o)
 .debug_frame   0x000000000000064c       0x38 ../nios_software_bsp/\libhal_bsp.a(alt_do_ctors.o)
 .debug_frame   0x0000000000000684       0x38 ../nios_software_bsp/\libhal_bsp.a(alt_do_dtors.o)
 .debug_frame   0x00000000000006bc       0x34 ../nios_software_bsp/\libhal_bsp.a(alt_icache_flush_all.o)
 .debug_frame   0x00000000000006f0       0x5c ../nios_software_bsp/\libhal_bsp.a(alt_instruction_exception_entry.o)
 .debug_frame   0x000000000000074c       0x64 ../nios_software_bsp/\libhal_bsp.a(alt_io_redirect.o)
 .debug_frame   0x00000000000007b0       0x8c ../nios_software_bsp/\libhal_bsp.a(alt_open.o)
 .debug_frame   0x000000000000083c       0x3c ../nios_software_bsp/\libhal_bsp.a(alt_release_fd.o)
 .debug_frame   0x0000000000000878       0x5c ../nios_software_bsp/\libhal_bsp.a(alt_tick.o)
 .debug_frame   0x00000000000008d4       0x34 ../nios_software_bsp/\libhal_bsp.a(altera_nios2_gen2_irq.o)
 .debug_frame   0x0000000000000908       0x38 ../nios_software_bsp/\libhal_bsp.a(alt_find_dev.o)
 .debug_frame   0x0000000000000940       0x38 ../nios_software_bsp/\libhal_bsp.a(alt_find_file.o)
 .debug_frame   0x0000000000000978       0x3c ../nios_software_bsp/\libhal_bsp.a(alt_get_fd.o)
 .debug_frame   0x00000000000009b4       0x20 c:/intelfpga/18.1/nios2eds/bin/gnu/h-x86_64-mingw32/bin/../lib/gcc/nios2-elf/5.3.0/../../../../../H-x86_64-mingw32/nios2-elf/lib/mno-hw-mul\libc.a(lib_a-atexit.o)
 .debug_frame   0x00000000000009d4       0x28 c:/intelfpga/18.1/nios2eds/bin/gnu/h-x86_64-mingw32/bin/../lib/gcc/nios2-elf/5.3.0/../../../../../H-x86_64-mingw32/nios2-elf/lib/mno-hw-mul\libc.a(lib_a-exit.o)
 .debug_frame   0x00000000000009fc       0x20 c:/intelfpga/18.1/nios2eds/bin/gnu/h-x86_64-mingw32/bin/../lib/gcc/nios2-elf/5.3.0/../../../../../H-x86_64-mingw32/nios2-elf/lib/mno-hw-mul\libc.a(lib_a-memcmp.o)
 .debug_frame   0x0000000000000a1c       0x38 c:/intelfpga/18.1/nios2eds/bin/gnu/h-x86_64-mingw32/bin/../lib/gcc/nios2-elf/5.3.0/../../../../../H-x86_64-mingw32/nios2-elf/lib/mno-hw-mul\libc.a(lib_a-memcpy.o)
 .debug_frame   0x0000000000000a54       0x20 c:/intelfpga/18.1/nios2eds/bin/gnu/h-x86_64-mingw32/bin/../lib/gcc/nios2-elf/5.3.0/../../../../../H-x86_64-mingw32/nios2-elf/lib/mno-hw-mul\libc.a(lib_a-strlen.o)
 .debug_frame   0x0000000000000a74       0x38 c:/intelfpga/18.1/nios2eds/bin/gnu/h-x86_64-mingw32/bin/../lib/gcc/nios2-elf/5.3.0/../../../../../H-x86_64-mingw32/nios2-elf/lib/mno-hw-mul\libc.a(lib_a-__atexit.o)
 .debug_frame   0x0000000000000aac       0x54 c:/intelfpga/18.1/nios2eds/bin/gnu/h-x86_64-mingw32/bin/../lib/gcc/nios2-elf/5.3.0/../../../../../H-x86_64-mingw32/nios2-elf/lib/mno-hw-mul\libc.a(lib_a-__call_atexit.o)
 .debug_frame   0x0000000000000b00       0x20 c:/intelfpga/18.1/nios2eds/bin/gnu/h-x86_64-mingw32/bin/../lib/gcc/nios2-elf/5.3.0/mno-hw-mul\libgcc.a(lib2-mul.o)
 .debug_frame   0x0000000000000b20       0x2c ../nios_software_bsp/\libhal_bsp.a(alt_exit.o)

.debug_str      0x0000000000000000     0x1c64
 *(.debug_str)
 .debug_str     0x0000000000000000      0x192 obj/default/Part3.o
                                        0x1dd (size before relaxing)
 .debug_str     0x0000000000000192      0x137 ../nios_software_bsp/\libhal_bsp.a(alt_iic.o)
                                        0x238 (size before relaxing)
 .debug_str     0x00000000000002c9       0x4c ../nios_software_bsp/\libhal_bsp.a(alt_iic_isr_register.o)
                                        0x1e2 (size before relaxing)
 .debug_str     0x0000000000000315       0x3a ../nios_software_bsp/\libhal_bsp.a(alt_irq_handler.o)
                                        0x191 (size before relaxing)
 .debug_str     0x000000000000034f       0x17 ../nios_software_bsp/\libhal_bsp.a(alt_irq_vars.o)
                                        0x134 (size before relaxing)
 .debug_str     0x0000000000000366       0xe9 ../nios_software_bsp/\libhal_bsp.a(alt_load.o)
                                        0x20c (size before relaxing)
 .debug_str     0x000000000000044f       0x44 ../nios_software_bsp/\libhal_bsp.a(alt_main.o)
                                        0x197 (size before relaxing)
 .debug_str     0x0000000000000493      0x1da ../nios_software_bsp/\libhal_bsp.a(alt_sys_init.o)
                                        0x38a (size before relaxing)
 .debug_str     0x000000000000066d       0xb9 ../nios_software_bsp/\libhal_bsp.a(altera_avalon_jtag_uart_fd.o)
                                        0x39e (size before relaxing)
 .debug_str     0x0000000000000726       0xd1 ../nios_software_bsp/\libhal_bsp.a(altera_avalon_jtag_uart_init.o)
                                        0x332 (size before relaxing)
 .debug_str     0x00000000000007f7       0x4a ../nios_software_bsp/\libhal_bsp.a(altera_avalon_jtag_uart_ioctl.o)
                                        0x28d (size before relaxing)
 .debug_str     0x0000000000000841       0x48 ../nios_software_bsp/\libhal_bsp.a(altera_avalon_jtag_uart_read.o)
                                        0x2e2 (size before relaxing)
 .debug_str     0x0000000000000889       0x4a ../nios_software_bsp/\libhal_bsp.a(altera_avalon_jtag_uart_write.o)
                                        0x2e3 (size before relaxing)
 .debug_str     0x00000000000008d3       0x6d ../nios_software_bsp/\libhal_bsp.a(altera_avalon_timer_sc.o)
                                        0x245 (size before relaxing)
 .debug_str     0x0000000000000940       0x59 ../nios_software_bsp/\libhal_bsp.a(alt_alarm_start.o)
                                        0x278 (size before relaxing)
 .debug_str     0x0000000000000999       0x44 ../nios_software_bsp/\libhal_bsp.a(alt_close.o)
                                        0x205 (size before relaxing)
 .debug_str     0x00000000000009dd       0x34 ../nios_software_bsp/\libhal_bsp.a(alt_dcache_flush_all.o)
                                        0x14f (size before relaxing)
 .debug_str     0x0000000000000a11      0x120 ../nios_software_bsp/\libhal_bsp.a(alt_dev.o)
                                        0x2ff (size before relaxing)
 .debug_str     0x0000000000000b31       0x34 ../nios_software_bsp/\libhal_bsp.a(alt_dev_llist_insert.o)
                                        0x1c6 (size before relaxing)
 .debug_str     0x0000000000000b65       0x48 ../nios_software_bsp/\libhal_bsp.a(alt_do_ctors.o)
                                         0xca (size before relaxing)
 .debug_str     0x0000000000000bad       0x4c ../nios_software_bsp/\libhal_bsp.a(alt_do_dtors.o)
                                         0xc9 (size before relaxing)
 .debug_str     0x0000000000000bf9       0x14 ../nios_software_bsp/\libhal_bsp.a(alt_errno.o)
                                        0x13f (size before relaxing)
 .debug_str     0x0000000000000c0d       0x34 ../nios_software_bsp/\libhal_bsp.a(alt_icache_flush_all.o)
                                        0x14f (size before relaxing)
 .debug_str     0x0000000000000c41      0x48b ../nios_software_bsp/\libhal_bsp.a(alt_instruction_exception_entry.o)
                                        0x59a (size before relaxing)
 .debug_str     0x00000000000010cc       0x56 ../nios_software_bsp/\libhal_bsp.a(alt_io_redirect.o)
                                        0x310 (size before relaxing)
 .debug_str     0x0000000000001122       0x2f ../nios_software_bsp/\libhal_bsp.a(alt_open.o)
                                        0x245 (size before relaxing)
 .debug_str     0x0000000000001151       0x28 ../nios_software_bsp/\libhal_bsp.a(alt_release_fd.o)
                                        0x1cd (size before relaxing)
 .debug_str     0x0000000000001179       0x4a ../nios_software_bsp/\libhal_bsp.a(alt_tick.o)
                                        0x24c (size before relaxing)
 .debug_str     0x00000000000011c3       0x3b ../nios_software_bsp/\libhal_bsp.a(altera_nios2_gen2_irq.o)
                                        0x156 (size before relaxing)
 .debug_str     0x00000000000011fe       0x24 ../nios_software_bsp/\libhal_bsp.a(alt_find_dev.o)
                                        0x1e6 (size before relaxing)
 .debug_str     0x0000000000001222       0x26 ../nios_software_bsp/\libhal_bsp.a(alt_find_file.o)
                                        0x1f4 (size before relaxing)
 .debug_str     0x0000000000001248       0x30 ../nios_software_bsp/\libhal_bsp.a(alt_get_fd.o)
                                        0x216 (size before relaxing)
 .debug_str     0x0000000000001278      0x17c c:/intelfpga/18.1/nios2eds/bin/gnu/h-x86_64-mingw32/bin/../lib/gcc/nios2-elf/5.3.0/../../../../../H-x86_64-mingw32/nios2-elf/lib/mno-hw-mul\libc.a(lib_a-atexit.o)
                                        0x221 (size before relaxing)
 .debug_str     0x00000000000013f4      0x3af c:/intelfpga/18.1/nios2eds/bin/gnu/h-x86_64-mingw32/bin/../lib/gcc/nios2-elf/5.3.0/../../../../../H-x86_64-mingw32/nios2-elf/lib/mno-hw-mul\libc.a(lib_a-exit.o)
                                        0x5be (size before relaxing)
 .debug_str     0x00000000000017a3       0xd6 c:/intelfpga/18.1/nios2eds/bin/gnu/h-x86_64-mingw32/bin/../lib/gcc/nios2-elf/5.3.0/../../../../../H-x86_64-mingw32/nios2-elf/lib/mno-hw-mul\libc.a(lib_a-impure.o)
                                        0x5b5 (size before relaxing)
 .debug_str     0x0000000000001879       0x3f c:/intelfpga/18.1/nios2eds/bin/gnu/h-x86_64-mingw32/bin/../lib/gcc/nios2-elf/5.3.0/../../../../../H-x86_64-mingw32/nios2-elf/lib/mno-hw-mul\libc.a(lib_a-int_errno.o)
                                        0x1dd (size before relaxing)
 .debug_str     0x00000000000018b8       0xda c:/intelfpga/18.1/nios2eds/bin/gnu/h-x86_64-mingw32/bin/../lib/gcc/nios2-elf/5.3.0/../../../../../H-x86_64-mingw32/nios2-elf/lib/mno-hw-mul\libc.a(lib_a-memcmp.o)
                                        0x1e4 (size before relaxing)
 .debug_str     0x0000000000001992       0x6b c:/intelfpga/18.1/nios2eds/bin/gnu/h-x86_64-mingw32/bin/../lib/gcc/nios2-elf/5.3.0/../../../../../H-x86_64-mingw32/nios2-elf/lib/mno-hw-mul\libc.a(lib_a-memcpy.o)
                                        0x20b (size before relaxing)
 .debug_str     0x00000000000019fd       0x51 c:/intelfpga/18.1/nios2eds/bin/gnu/h-x86_64-mingw32/bin/../lib/gcc/nios2-elf/5.3.0/../../../../../H-x86_64-mingw32/nios2-elf/lib/mno-hw-mul\libc.a(lib_a-strlen.o)
                                        0x1f7 (size before relaxing)
 .debug_str     0x0000000000001a4e       0x3f c:/intelfpga/18.1/nios2eds/bin/gnu/h-x86_64-mingw32/bin/../lib/gcc/nios2-elf/5.3.0/../../../../../H-x86_64-mingw32/nios2-elf/lib/mno-hw-mul\libc.a(lib_a-__atexit.o)
                                        0x5f6 (size before relaxing)
 .debug_str     0x0000000000001a8d       0x65 c:/intelfpga/18.1/nios2eds/bin/gnu/h-x86_64-mingw32/bin/../lib/gcc/nios2-elf/5.3.0/../../../../../H-x86_64-mingw32/nios2-elf/lib/mno-hw-mul\libc.a(lib_a-__call_atexit.o)
                                        0x5e2 (size before relaxing)
 .debug_str     0x0000000000001af2      0x148 c:/intelfpga/18.1/nios2eds/bin/gnu/h-x86_64-mingw32/bin/../lib/gcc/nios2-elf/5.3.0/mno-hw-mul\libgcc.a(lib2-mul.o)
                                        0x193 (size before relaxing)
 .debug_str     0x0000000000001c3a       0x2a ../nios_software_bsp/\libhal_bsp.a(alt_exit.o)
                                        0x14b (size before relaxing)

.debug_loc      0x0000000000000000      0x803
 *(.debug_loc)
 .debug_loc     0x0000000000000000       0x2c c:/intelfpga/18.1/nios2eds/bin/gnu/h-x86_64-mingw32/bin/../lib/gcc/nios2-elf/5.3.0/../../../../../H-x86_64-mingw32/nios2-elf/lib/mno-hw-mul\libc.a(lib_a-atexit.o)
 .debug_loc     0x000000000000002c       0x1e c:/intelfpga/18.1/nios2eds/bin/gnu/h-x86_64-mingw32/bin/../lib/gcc/nios2-elf/5.3.0/../../../../../H-x86_64-mingw32/nios2-elf/lib/mno-hw-mul\libc.a(lib_a-exit.o)
 .debug_loc     0x000000000000004a      0x126 c:/intelfpga/18.1/nios2eds/bin/gnu/h-x86_64-mingw32/bin/../lib/gcc/nios2-elf/5.3.0/../../../../../H-x86_64-mingw32/nios2-elf/lib/mno-hw-mul\libc.a(lib_a-memcmp.o)
 .debug_loc     0x0000000000000170      0x266 c:/intelfpga/18.1/nios2eds/bin/gnu/h-x86_64-mingw32/bin/../lib/gcc/nios2-elf/5.3.0/../../../../../H-x86_64-mingw32/nios2-elf/lib/mno-hw-mul\libc.a(lib_a-memcpy.o)
 .debug_loc     0x00000000000003d6       0x47 c:/intelfpga/18.1/nios2eds/bin/gnu/h-x86_64-mingw32/bin/../lib/gcc/nios2-elf/5.3.0/../../../../../H-x86_64-mingw32/nios2-elf/lib/mno-hw-mul\libc.a(lib_a-strlen.o)
 .debug_loc     0x000000000000041d      0x185 c:/intelfpga/18.1/nios2eds/bin/gnu/h-x86_64-mingw32/bin/../lib/gcc/nios2-elf/5.3.0/../../../../../H-x86_64-mingw32/nios2-elf/lib/mno-hw-mul\libc.a(lib_a-__atexit.o)
 .debug_loc     0x00000000000005a2      0x1ce c:/intelfpga/18.1/nios2eds/bin/gnu/h-x86_64-mingw32/bin/../lib/gcc/nios2-elf/5.3.0/../../../../../H-x86_64-mingw32/nios2-elf/lib/mno-hw-mul\libc.a(lib_a-__call_atexit.o)
 .debug_loc     0x0000000000000770       0x93 c:/intelfpga/18.1/nios2eds/bin/gnu/h-x86_64-mingw32/bin/../lib/gcc/nios2-elf/5.3.0/mno-hw-mul\libgcc.a(lib2-mul.o)

.debug_macinfo
 *(.debug_macinfo)

.debug_weaknames
 *(.debug_weaknames)

.debug_funcnames
 *(.debug_funcnames)

.debug_typenames
 *(.debug_typenames)

.debug_varnames
 *(.debug_varnames)

.debug_alt_sim_info
                0x0000000000000000       0x10
 *(.debug_alt_sim_info)
 .debug_alt_sim_info
                0x0000000000000000       0x10 ../nios_software_bsp//obj/HAL/src/crt0.o
                0x0000000000010000                __alt_data_end = 0x10000
                0x0000000000010000                PROVIDE (__alt_stack_pointer, __alt_data_end)
                [!provide]                        PROVIDE (__alt_stack_limit, __alt_stack_base)
                [!provide]                        PROVIDE (__alt_heap_start, end)
                [!provide]                        PROVIDE (__alt_heap_limit, 0x10000)
OUTPUT(nios_software.elf elf32-littlenios2)

.debug_ranges   0x0000000000000000      0x178
 .debug_ranges  0x0000000000000000       0x20 ../nios_software_bsp//obj/HAL/src/crt0.o
 .debug_ranges  0x0000000000000020       0x28 ../nios_software_bsp/\libhal_bsp.a(alt_irq_entry.o)
 .debug_ranges  0x0000000000000048       0x10 ../nios_software_bsp/\libhal_bsp.a(alt_irq_handler.o)
 .debug_ranges  0x0000000000000058       0x30 ../nios_software_bsp/\libhal_bsp.a(altera_avalon_jtag_uart_init.o)
 .debug_ranges  0x0000000000000088       0x18 ../nios_software_bsp/\libhal_bsp.a(altera_avalon_jtag_uart_read.o)
 .debug_ranges  0x00000000000000a0       0x30 ../nios_software_bsp/\libhal_bsp.a(alt_exception_entry.o)
 .debug_ranges  0x00000000000000d0       0x18 ../nios_software_bsp/\libhal_bsp.a(alt_instruction_exception_entry.o)
 .debug_ranges  0x00000000000000e8       0x10 c:/intelfpga/18.1/nios2eds/bin/gnu/h-x86_64-mingw32/bin/../lib/gcc/nios2-elf/5.3.0/../../../../../H-x86_64-mingw32/nios2-elf/lib/mno-hw-mul\libc.a(lib_a-atexit.o)
 .debug_ranges  0x00000000000000f8       0x10 c:/intelfpga/18.1/nios2eds/bin/gnu/h-x86_64-mingw32/bin/../lib/gcc/nios2-elf/5.3.0/../../../../../H-x86_64-mingw32/nios2-elf/lib/mno-hw-mul\libc.a(lib_a-exit.o)
 .debug_ranges  0x0000000000000108       0x10 c:/intelfpga/18.1/nios2eds/bin/gnu/h-x86_64-mingw32/bin/../lib/gcc/nios2-elf/5.3.0/../../../../../H-x86_64-mingw32/nios2-elf/lib/mno-hw-mul\libc.a(lib_a-memcmp.o)
 .debug_ranges  0x0000000000000118       0x10 c:/intelfpga/18.1/nios2eds/bin/gnu/h-x86_64-mingw32/bin/../lib/gcc/nios2-elf/5.3.0/../../../../../H-x86_64-mingw32/nios2-elf/lib/mno-hw-mul\libc.a(lib_a-memcpy.o)
 .debug_ranges  0x0000000000000128       0x10 c:/intelfpga/18.1/nios2eds/bin/gnu/h-x86_64-mingw32/bin/../lib/gcc/nios2-elf/5.3.0/../../../../../H-x86_64-mingw32/nios2-elf/lib/mno-hw-mul\libc.a(lib_a-strlen.o)
 .debug_ranges  0x0000000000000138       0x10 c:/intelfpga/18.1/nios2eds/bin/gnu/h-x86_64-mingw32/bin/../lib/gcc/nios2-elf/5.3.0/../../../../../H-x86_64-mingw32/nios2-elf/lib/mno-hw-mul\libc.a(lib_a-__atexit.o)
 .debug_ranges  0x0000000000000148       0x30 c:/intelfpga/18.1/nios2eds/bin/gnu/h-x86_64-mingw32/bin/../lib/gcc/nios2-elf/5.3.0/../../../../../H-x86_64-mingw32/nios2-elf/lib/mno-hw-mul\libc.a(lib_a-__call_atexit.o)
